Archive member included to satisfy reference by file (symbol)

/opt/arm-toolchain/bin/../lib/gcc/arm-none-eabi/10.3.1/../../../../arm-none-eabi/lib/thumb/v8-m.main+fp/softfp/libm.a(lib_a-wf_sqrt.o)
                              CMakeFiles/pratica07.dir/home/monalisa/Downloads/Smestre7/sistemas-tempo-real/freertos-pico/pico-sdk/src/rp2_common/pico_float/float_math.c.o (sqrtf)
/opt/arm-toolchain/bin/../lib/gcc/arm-none-eabi/10.3.1/../../../../arm-none-eabi/lib/thumb/v8-m.main+fp/softfp/libm.a(lib_a-ef_sqrt.o)
                              /opt/arm-toolchain/bin/../lib/gcc/arm-none-eabi/10.3.1/../../../../arm-none-eabi/lib/thumb/v8-m.main+fp/softfp/libm.a(lib_a-wf_sqrt.o) (__ieee754_sqrtf)
/opt/arm-toolchain/bin/../lib/gcc/arm-none-eabi/10.3.1/thumb/v8-m.main+fp/softfp/libgcc.a(_arm_addsubdf3.o)
                              CMakeFiles/pratica07.dir/home/monalisa/Downloads/Smestre7/sistemas-tempo-real/freertos-pico/pico-sdk/src/rp2_common/pico_float/float_math.c.o (__aeabi_f2d)
/opt/arm-toolchain/bin/../lib/gcc/arm-none-eabi/10.3.1/thumb/v8-m.main+fp/softfp/libgcc.a(_aeabi_ldivmod.o)
                              CMakeFiles/pratica07.dir/home/monalisa/Downloads/Smestre7/sistemas-tempo-real/freertos-pico/pico-sdk/src/common/pico_time/time.c.o (__aeabi_ldivmod)
/opt/arm-toolchain/bin/../lib/gcc/arm-none-eabi/10.3.1/thumb/v8-m.main+fp/softfp/libgcc.a(_aeabi_uldivmod.o)
                              CMakeFiles/pratica07.dir/home/monalisa/Downloads/Smestre7/sistemas-tempo-real/freertos-pico/pico-sdk/src/rp2_common/hardware_clocks/clocks.c.o (__aeabi_uldivmod)
/opt/arm-toolchain/bin/../lib/gcc/arm-none-eabi/10.3.1/thumb/v8-m.main+fp/softfp/libgcc.a(_udivmoddi4.o)
                              /opt/arm-toolchain/bin/../lib/gcc/arm-none-eabi/10.3.1/thumb/v8-m.main+fp/softfp/libgcc.a(_aeabi_ldivmod.o) (__udivmoddi4)
/opt/arm-toolchain/bin/../lib/gcc/arm-none-eabi/10.3.1/thumb/v8-m.main+fp/softfp/libgcc.a(_dvmd_tls.o)
                              /opt/arm-toolchain/bin/../lib/gcc/arm-none-eabi/10.3.1/thumb/v8-m.main+fp/softfp/libgcc.a(_aeabi_ldivmod.o) (__aeabi_ldiv0)
/opt/arm-toolchain/bin/../lib/gcc/arm-none-eabi/10.3.1/../../../../arm-none-eabi/lib/thumb/v8-m.main+fp/softfp/libg.a(lib_a-calloc.o)
                              CMakeFiles/pratica07.dir/home/monalisa/Downloads/Smestre7/sistemas-tempo-real/freertos-pico/pico-sdk/src/rp2_common/pico_malloc/malloc.c.o (calloc)
/opt/arm-toolchain/bin/../lib/gcc/arm-none-eabi/10.3.1/../../../../arm-none-eabi/lib/thumb/v8-m.main+fp/softfp/libg.a(lib_a-callocr.o)
                              /opt/arm-toolchain/bin/../lib/gcc/arm-none-eabi/10.3.1/../../../../arm-none-eabi/lib/thumb/v8-m.main+fp/softfp/libg.a(lib_a-calloc.o) (_calloc_r)
/opt/arm-toolchain/bin/../lib/gcc/arm-none-eabi/10.3.1/../../../../arm-none-eabi/lib/thumb/v8-m.main+fp/softfp/libg.a(lib_a-errno.o)
                              /opt/arm-toolchain/bin/../lib/gcc/arm-none-eabi/10.3.1/../../../../arm-none-eabi/lib/thumb/v8-m.main+fp/softfp/libm.a(lib_a-wf_sqrt.o) (__errno)
/opt/arm-toolchain/bin/../lib/gcc/arm-none-eabi/10.3.1/../../../../arm-none-eabi/lib/thumb/v8-m.main+fp/softfp/libg.a(lib_a-impure.o)
                              /opt/arm-toolchain/bin/../lib/gcc/arm-none-eabi/10.3.1/../../../../arm-none-eabi/lib/thumb/v8-m.main+fp/softfp/libg.a(lib_a-calloc.o) (_impure_ptr)
/opt/arm-toolchain/bin/../lib/gcc/arm-none-eabi/10.3.1/../../../../arm-none-eabi/lib/thumb/v8-m.main+fp/softfp/libg.a(lib_a-init.o)
                              /opt/arm-toolchain/bin/../lib/gcc/arm-none-eabi/10.3.1/../../../../arm-none-eabi/lib/thumb/v8-m.main+fp/softfp/crt0.o (__libc_init_array)
/opt/arm-toolchain/bin/../lib/gcc/arm-none-eabi/10.3.1/../../../../arm-none-eabi/lib/thumb/v8-m.main+fp/softfp/libg.a(lib_a-lcltime_r.o)
                              CMakeFiles/pratica07.dir/home/monalisa/Downloads/Smestre7/sistemas-tempo-real/freertos-pico/pico-sdk/src/common/pico_util/datetime.c.o (localtime_r)
/opt/arm-toolchain/bin/../lib/gcc/arm-none-eabi/10.3.1/../../../../arm-none-eabi/lib/thumb/v8-m.main+fp/softfp/libg.a(lib_a-malloc.o)
                              CMakeFiles/pratica07.dir/home/monalisa/Downloads/Smestre7/sistemas-tempo-real/freertos-pico/pico-sdk/src/rp2_common/pico_malloc/malloc.c.o (malloc)
/opt/arm-toolchain/bin/../lib/gcc/arm-none-eabi/10.3.1/../../../../arm-none-eabi/lib/thumb/v8-m.main+fp/softfp/libg.a(lib_a-mallocr.o)
                              /opt/arm-toolchain/bin/../lib/gcc/arm-none-eabi/10.3.1/../../../../arm-none-eabi/lib/thumb/v8-m.main+fp/softfp/libg.a(lib_a-callocr.o) (_malloc_r)
/opt/arm-toolchain/bin/../lib/gcc/arm-none-eabi/10.3.1/../../../../arm-none-eabi/lib/thumb/v8-m.main+fp/softfp/libg.a(lib_a-memcmp.o)
                              CMakeFiles/pratica07.dir/home/monalisa/Downloads/Smestre7/sistemas-tempo-real/freertos-pico/pico-sdk/src/rp2_common/pico_atomic/atomic.c.o (memcmp)
[...]
Memory Configuration

Name             Origin             Length             Attributes
FLASH            0x0000000010000000 0x0000000000400000 xr
RAM              0x0000000020000000 0x0000000000080000 xrw
SCRATCH_X        0x0000000020080000 0x0000000000001000 xrw
SCRATCH_Y        0x0000000020081000 0x0000000000001000 xrw
*default*        0x0000000000000000 0xffffffffffffffff

Linker script and memory map

LOAD /opt/arm-toolchain/bin/../lib/gcc/arm-none-eabi/10.3.1/thumb/v8-m.main+fp/softfp/crti.o
LOAD /opt/arm-toolchain/bin/../lib/gcc/arm-none-eabi/10.3.1/thumb/v8-m.main+fp/softfp/crtbegin.o
LOAD /opt/arm-toolchain/bin/../lib/gcc/arm-none-eabi/10.3.1/../../../../arm-none-eabi/lib/thumb/v8-m.main+fp/softfp/crt0.o

.flash_begin    0x0000000010000000        0x0
                0x0000000010000000                __flash_binary_start = .

.text           0x0000000010000000     0x8f74
                0x0000000010000000                __logical_binary_start = .
 *(.vectors)
 .vectors       0x0000000010000000      0x124 CMakeFiles/pratica07.dir/home/monalisa/Downloads/Smestre7/sistemas-tempo-real/freertos-pico/pico-sdk/src/rp2_common/pico_crt0/crt0.S.o
                0x0000000010000000                __vectors
                0x0000000010000000                __VECTOR_TABLE
                0x0000000010000110                isr_invalid
                0x0000000010000110                __default_isrs_start
                0x0000000010000112                isr_nmi
                0x0000000010000114                isr_hardfault
                0x0000000010000116                isr_svcall
                0x0000000010000118                isr_pendsv
                0x000000001000011a                isr_systick
                0x000000001000011c                isr_irq30
                0x000000001000011c                __unhandled_user_irq
                0x000000001000011c                isr_irq49
                0x000000001000011c                isr_irq13
                0x000000001000011c                isr_irq43
                0x000000001000011c                isr_irq45
                0x000000001000011c                isr_irq27
                0x000000001000011c                isr_irq32
                0x000000001000011c                isr_irq31
                0x000000001000011c                isr_irq5
                0x000000001000011c                isr_irq11
                0x000000001000011c                isr_irq23
                0x000000001000011c                isr_irq48
                0x000000001000011c                isr_irq35
                0x000000001000011c                isr_irq18
                0x000000001000011c                isr_irq50
                0x000000001000011c                isr_irq40
                0x000000001000011c                isr_irq28
                0x000000001000011c                isr_irq19
                0x000000001000011c                isr_irq36
                0x000000001000011c                isr_irq41
                0x000000001000011c                isr_irq0
                0x000000001000011c                isr_irq6
                0x000000001000011c                isr_irq37
                0x000000001000011c                isr_irq42
                0x000000001000011c                isr_irq22
                0x000000001000011c                isr_irq17
                0x000000001000011c                isr_irq38
                0x000000001000011c                isr_irq14
                0x000000001000011c                isr_irq2
                0x000000001000011c                isr_irq10
                0x000000001000011c                isr_irq8
                0x000000001000011c                isr_irq24
                0x000000001000011c                isr_irq46
                0x000000001000011c                isr_irq1
                0x000000001000011c                isr_irq47
                0x000000001000011c                isr_irq51
                0x000000001000011c                isr_irq7
                0x000000001000011c                isr_irq21
                0x000000001000011c                isr_irq39
                0x000000001000011c                isr_irq20
                0x000000001000011c                isr_irq15
                0x000000001000011c                isr_irq25
                0x000000001000011c                isr_irq34
                0x000000001000011c                isr_irq4
                0x000000001000011c                isr_irq16
                0x000000001000011c                isr_irq44
                0x000000001000011c                isr_irq29
                0x000000001000011c                isr_irq26
                0x000000001000011c                __default_isrs_end
                0x000000001000011c                isr_irq33
                0x000000001000011c                isr_irq3
                0x000000001000011c                isr_irq12
                0x000000001000011c                isr_irq9
                0x0000000010000122                unhandled_user_irq_num_in_r0
 *(.binary_info_header)
 .binary_info_header
                0x0000000010000124       0x14 CMakeFiles/pratica07.dir/home/monalisa/Downloads/Smestre7/sistemas-tempo-real/freertos-pico/pico-sdk/src/rp2_common/pico_crt0/crt0.S.o
                0x0000000010000138                __binary_info_header_end = .
 *(.embedded_block)
 .embedded_block
                0x0000000010000138       0x14 CMakeFiles/pratica07.dir/home/monalisa/Downloads/Smestre7/sistemas-tempo-real/freertos-pico/pico-sdk/src/rp2_common/pico_crt0/crt0.S.o
                0x000000001000014c                __embedded_block_end = .
 *(.reset)
 .reset         0x000000001000014c       0xa0 CMakeFiles/pratica07.dir/home/monalisa/Downloads/Smestre7/sistemas-tempo-real/freertos-pico/pico-sdk/src/rp2_common/pico_crt0/crt0.S.o
                0x000000001000014c                _entry_point
 *(.init)
 .init          0x00000000100001ec        0x4 /opt/arm-toolchain/bin/../lib/gcc/arm-none-eabi/10.3.1/thumb/v8-m.main+fp/softfp/crti.o
                0x00000000100001ec                _init
 *libgcc.a:cmse_nonsecure_call.o()
 *(EXCLUDE_FILE(*libm.a: *libc.a:*lib_a-mem*.o *libgcc.a:) .text*)
 .text          0x00000000100001f0       0x40 /opt/arm-toolchain/bin/../lib/gcc/arm-none-eabi/10.3.1/thumb/v8-m.main+fp/softfp/crtbegin.o
 .text.heapMonitorTask
                0x0000000010000230       0x34 CMakeFiles/pratica07.dir/main.c.o
                0x0000000010000230                heapMonitorTask
 .text.taskfour
                0x0000000010000264       0x74 CMakeFiles/pratica07.dir/main.c.o
                0x0000000010000264                taskfour
 .text.tasktree
                0x00000000100002d8       0x74 CMakeFiles/pratica07.dir/main.c.o
                0x00000000100002d8                tasktree
 .text.tasktwo  0x000000001000034c       0x74 CMakeFiles/pratica07.dir/main.c.o
                0x000000001000034c                tasktwo
 .text.taskone  0x00000000100003c0       0x8c CMakeFiles/pratica07.dir/main.c.o
                0x00000000100003c0                taskone
 .text.startup.main
                0x000000001000044c       0x98 CMakeFiles/pratica07.dir/main.c.o
                0x000000001000044c                main
 .text.gpio_init
                0x00000000100004e4       0x44 CMakeFiles/pratica07.dir/home/monalisa/Downloads/Smestre7/sistemas-tempo-real/freertos-pico/pico-sdk/src/rp2_common/hardware_gpio/gpio.c.o
                0x00000000100004e4                gpio_init
 .text.panic    0x0000000010000528       0x30 CMakeFiles/pratica07.dir/home/monalisa/Downloads/Smestre7/sistemas-tempo-real/freertos-pico/pico-sdk/src/rp2_common/pico_platform_panic/panic.c.o
                0x0000000010000528                panic
 .text.hw_claim_lock
                0x0000000010000558       0x24 CMakeFiles/pratica07.dir/home/monalisa/Downloads/Smestre7/sistemas-tempo-real/freertos-pico/pico-sdk/src/common/hardware_claim/claim.c.o
                0x0000000010000558                hw_claim_lock
 .text.hw_claim_unlock
                0x000000001000057c       0x14 CMakeFiles/pratica07.dir/home/monalisa/Downloads/Smestre7/sistemas-tempo-real/freertos-pico/pico-sdk/src/common/hardware_claim/claim.c.o
                0x000000001000057c                hw_claim_unlock
 .text.hw_claim_or_assert
                0x0000000010000590       0x5c CMakeFiles/pratica07.dir/home/monalisa/Downloads/Smestre7/sistemas-tempo-real/freertos-pico/pico-sdk/src/common/hardware_claim/claim.c.o
                0x0000000010000590                hw_claim_or_assert
 .text.hw_claim_unused_from_range
                0x00000000100005ec       0x9c CMakeFiles/pratica07.dir/home/monalisa/Downloads/Smestre7/sistemas-tempo-real/freertos-pico/pico-sdk/src/common/hardware_claim/claim.c.o
                0x00000000100005ec                hw_claim_unused_from_range
 .text.next_striped_spin_lock_num
                0x0000000010000688       0x18 CMakeFiles/pratica07.dir/home/monalisa/Downloads/Smestre7/sistemas-tempo-real/freertos-pico/pico-sdk/src/rp2_common/hardware_sync/sync.c.o
                0x0000000010000688                next_striped_spin_lock_num
 .text.spin_lock_claim
                0x00000000100006a0       0x14 CMakeFiles/pratica07.dir/home/monalisa/Downloads/Smestre7/sistemas-tempo-real/freertos-pico/pico-sdk/src/rp2_common/hardware_sync/sync.c.o
                0x00000000100006a0                spin_lock_claim
 .text.spin_lock_claim_unused
                0x00000000100006b4       0x20 CMakeFiles/pratica07.dir/home/monalisa/Downloads/Smestre7/sistemas-tempo-real/freertos-pico/pico-sdk/src/rp2_common/hardware_sync/sync.c.o
                0x00000000100006b4                spin_lock_claim_unused
 .text.spinlock_set_extexclall
                0x00000000100006d4       0x10 CMakeFiles/pratica07.dir/home/monalisa/Downloads/Smestre7/sistemas-tempo-real/freertos-pico/pico-sdk/src/rp2_common/hardware_sync_spin_lock/sync_spin_lock.c.o
 .text.spin_locks_reset
                0x00000000100006e4       0x18 CMakeFiles/pratica07.dir/home/monalisa/Downloads/Smestre7/sistemas-tempo-real/freertos-pico/pico-sdk/src/rp2_common/hardware_sync_spin_lock/sync_spin_lock.c.o
                0x00000000100006e4                spin_locks_reset
 .text.runtime_init_per_core_irq_priorities
                0x00000000100006fc       0x40 CMakeFiles/pratica07.dir/home/monalisa/Downloads/Smestre7/sistemas-tempo-real/freertos-pico/pico-sdk/src/rp2_common/hardware_irq/irq.c.o
                0x00000000100006fc                runtime_init_per_core_irq_priorities
 .text.irq_set_enabled
                0x000000001000073c       0x2c CMakeFiles/pratica07.dir/home/monalisa/Downloads/Smestre7/sistemas-tempo-real/freertos-pico/pico-sdk/src/rp2_common/hardware_irq/irq.c.o
                0x000000001000073c                irq_set_enabled
 .text.irq_is_enabled
                0x0000000010000768       0x20 CMakeFiles/pratica07.dir/home/monalisa/Downloads/Smestre7/sistemas-tempo-real/freertos-pico/pico-sdk/src/rp2_common/hardware_irq/irq.c.o
                0x0000000010000768                irq_is_enabled
 .text.irq_set_pending
                0x0000000010000788       0x1c CMakeFiles/pratica07.dir/home/monalisa/Downloads/Smestre7/sistemas-tempo-real/freertos-pico/pico-sdk/src/rp2_common/hardware_irq/irq.c.o
                0x0000000010000788                irq_set_pending
 .text.irq_has_shared_handler
                0x00000000100007a4       0x20 CMakeFiles/pratica07.dir/home/monalisa/Downloads/Smestre7/sistemas-tempo-real/freertos-pico/pico-sdk/src/rp2_common/hardware_irq/irq.c.o
                0x00000000100007a4                irq_has_shared_handler
 .text.irq_set_exclusive_handler
                0x00000000100007c4       0x60 CMakeFiles/pratica07.dir/home/monalisa/Downloads/Smestre7/sistemas-tempo-real/freertos-pico/pico-sdk/src/rp2_common/hardware_irq/irq.c.o
                0x00000000100007c4                irq_set_exclusive_handler
 .text.irq_add_shared_handler
                0x0000000010000824      0x1e8 CMakeFiles/pratica07.dir/home/monalisa/Downloads/Smestre7/sistemas-tempo-real/freertos-pico/pico-sdk/src/rp2_common/hardware_irq/irq.c.o
                0x0000000010000824                irq_add_shared_handler
 .text.irq_set_priority
                0x0000000010000a0c       0x28 CMakeFiles/pratica07.dir/home/monalisa/Downloads/Smestre7/sistemas-tempo-real/freertos-pico/pico-sdk/src/rp2_common/hardware_irq/irq.c.o
                0x0000000010000a0c                irq_set_priority
 .text.irq_add_tail_to_free_list
                0x0000000010000a34       0xbc CMakeFiles/pratica07.dir/home/monalisa/Downloads/Smestre7/sistemas-tempo-real/freertos-pico/pico-sdk/src/rp2_common/hardware_irq/irq.c.o
                0x0000000010000a34                irq_add_tail_to_free_list
 .text.user_irq_claim_unused
                0x0000000010000af0       0x28 CMakeFiles/pratica07.dir/home/monalisa/Downloads/Smestre7/sistemas-tempo-real/freertos-pico/pico-sdk/src/rp2_common/hardware_irq/irq.c.o
                0x0000000010000af0                user_irq_claim_unused
 .text.lock_init
                0x0000000010000b18        0xc CMakeFiles/pratica07.dir/home/monalisa/Downloads/Smestre7/sistemas-tempo-real/freertos-pico/pico-sdk/src/common/pico_sync/lock_core.c.o
                0x0000000010000b18                lock_init
 .text.runtime_init_mutex
                0x0000000010000b24       0x64 CMakeFiles/pratica07.dir/home/monalisa/Downloads/Smestre7/sistemas-tempo-real/freertos-pico/pico-sdk/src/common/pico_sync/mutex.c.o
                0x0000000010000b24                runtime_init_mutex
 .text.mutex_init
                0x0000000010000b88       0x1c CMakeFiles/pratica07.dir/home/monalisa/Downloads/Smestre7/sistemas-tempo-real/freertos-pico/pico-sdk/src/common/pico_sync/mutex.c.o
                0x0000000010000b88                mutex_init
 .text.critical_section_init
                0x0000000010000ba4       0x1c CMakeFiles/pratica07.dir/home/monalisa/Downloads/Smestre7/sistemas-tempo-real/freertos-pico/pico-sdk/src/common/pico_sync/critical_section.c.o
                0x0000000010000ba4                critical_section_init
 .text.critical_section_init_with_lock_num
                0x0000000010000bc0       0x10 CMakeFiles/pratica07.dir/home/monalisa/Downloads/Smestre7/sistemas-tempo-real/freertos-pico/pico-sdk/src/common/pico_sync/critical_section.c.o
                0x0000000010000bc0                critical_section_init_with_lock_num
 .text.alarm_pool_irq_handler
                0x0000000010000bd0      0x300 CMakeFiles/pratica07.dir/home/monalisa/Downloads/Smestre7/sistemas-tempo-real/freertos-pico/pico-sdk/src/common/pico_time/time.c.o
 .text.sleep_until_callback
                0x0000000010000ed0       0x34 CMakeFiles/pratica07.dir/home/monalisa/Downloads/Smestre7/sistemas-tempo-real/freertos-pico/pico-sdk/src/common/pico_time/time.c.o
 .text.runtime_init_default_alarm_pool
                0x0000000010000f04      0x100 CMakeFiles/pratica07.dir/home/monalisa/Downloads/Smestre7/sistemas-tempo-real/freertos-pico/pico-sdk/src/common/pico_time/time.c.o
                0x0000000010000f04                runtime_init_default_alarm_pool
 .text.alarm_pool_get_default
                0x0000000010001004        0x8 CMakeFiles/pratica07.dir/home/monalisa/Downloads/Smestre7/sistemas-tempo-real/freertos-pico/pico-sdk/src/common/pico_time/time.c.o
                0x0000000010001004                alarm_pool_get_default
 .text.alarm_pool_add_alarm_at
                0x000000001000100c       0xdc CMakeFiles/pratica07.dir/home/monalisa/Downloads/Smestre7/sistemas-tempo-real/freertos-pico/pico-sdk/src/common/pico_time/time.c.o
                0x000000001000100c                alarm_pool_add_alarm_at
 .text.alarm_pool_add_alarm_at_force_in_context
                0x00000000100010e8       0xc4 CMakeFiles/pratica07.dir/home/monalisa/Downloads/Smestre7/sistemas-tempo-real/freertos-pico/pico-sdk/src/common/pico_time/time.c.o
                0x00000000100010e8                alarm_pool_add_alarm_at_force_in_context
 .text.alarm_pool_cancel_alarm
                0x00000000100011ac       0x80 CMakeFiles/pratica07.dir/home/monalisa/Downloads/Smestre7/sistemas-tempo-real/freertos-pico/pico-sdk/src/common/pico_time/time.c.o
                0x00000000100011ac                alarm_pool_cancel_alarm
 .text.alarm_pool_core_num
                0x000000001000122c        0x4 CMakeFiles/pratica07.dir/home/monalisa/Downloads/Smestre7/sistemas-tempo-real/freertos-pico/pico-sdk/src/common/pico_time/time.c.o
                0x000000001000122c                alarm_pool_core_num
 .text.best_effort_wfe_or_timeout
                0x0000000010001230       0xdc CMakeFiles/pratica07.dir/home/monalisa/Downloads/Smestre7/sistemas-tempo-real/freertos-pico/pico-sdk/src/common/pico_time/time.c.o
                0x0000000010001230                best_effort_wfe_or_timeout
 .text.timer_hardware_alarm_claim
                0x000000001000130c       0x24 CMakeFiles/pratica07.dir/home/monalisa/Downloads/Smestre7/sistemas-tempo-real/freertos-pico/pico-sdk/src/rp2_common/hardware_timer/timer.c.o
                0x000000001000130c                timer_hardware_alarm_claim
 .text.timer_time_us_64
                0x0000000010001330       0x10 CMakeFiles/pratica07.dir/home/monalisa/Downloads/Smestre7/sistemas-tempo-real/freertos-pico/pico-sdk/src/rp2_common/hardware_timer/timer.c.o
                0x0000000010001330                timer_time_us_64
 .text.time_us_64
                0x0000000010001340       0x14 CMakeFiles/pratica07.dir/home/monalisa/Downloads/Smestre7/sistemas-tempo-real/freertos-pico/pico-sdk/src/rp2_common/hardware_timer/timer.c.o
                0x0000000010001340                time_us_64
 .text.clock_configure_undivided
                0x0000000010001354       0xd0 CMakeFiles/pratica07.dir/home/monalisa/Downloads/Smestre7/sistemas-tempo-real/freertos-pico/pico-sdk/src/rp2_common/hardware_clocks/clocks.c.o
                0x0000000010001354                clock_configure_undivided
 .text.clock_get_hz
                0x0000000010001424        0xc CMakeFiles/pratica07.dir/home/monalisa/Downloads/Smestre7/sistemas-tempo-real/freertos-pico/pico-sdk/src/rp2_common/hardware_clocks/clocks.c.o
                0x0000000010001424                clock_get_hz
 .text.pll_init
                0x0000000010001430       0x8c CMakeFiles/pratica07.dir/home/monalisa/Downloads/Smestre7/sistemas-tempo-real/freertos-pico/pico-sdk/src/rp2_common/hardware_pll/pll.c.o
                0x0000000010001430                pll_init
 .text.watchdog_reboot
                0x00000000100014bc       0x9c CMakeFiles/pratica07.dir/home/monalisa/Downloads/Smestre7/sistemas-tempo-real/freertos-pico/pico-sdk/src/rp2_common/hardware_watchdog/watchdog.c.o
                0x00000000100014bc                watchdog_reboot
 .text.tick_start
                0x0000000010001558       0x18 CMakeFiles/pratica07.dir/home/monalisa/Downloads/Smestre7/sistemas-tempo-real/freertos-pico/pico-sdk/src/rp2_common/hardware_ticks/ticks.c.o
                0x0000000010001558                tick_start
 .text.rom_reboot.constprop.0.isra.0
                0x0000000010001570       0x38 CMakeFiles/pratica07.dir/home/monalisa/Downloads/Smestre7/sistemas-tempo-real/freertos-pico/pico-sdk/src/rp2_common/pico_bootrom/bootrom.c.o
 .text.rom_func_lookup
                0x00000000100015a8       0x18 CMakeFiles/pratica07.dir/home/monalisa/Downloads/Smestre7/sistemas-tempo-real/freertos-pico/pico-sdk/src/rp2_common/pico_bootrom/bootrom.c.o
                0x00000000100015a8                rom_func_lookup
 .text.rom_reset_usb_boot_extra
                0x00000000100015c0       0x1c CMakeFiles/pratica07.dir/home/monalisa/Downloads/Smestre7/sistemas-tempo-real/freertos-pico/pico-sdk/src/rp2_common/pico_bootrom/bootrom.c.o
                0x00000000100015c0                rom_reset_usb_boot_extra
 .text.runtime_init_bootrom_locking_enable
                0x00000000100015dc       0x14 CMakeFiles/pratica07.dir/home/monalisa/Downloads/Smestre7/sistemas-tempo-real/freertos-pico/pico-sdk/src/rp2_common/pico_bootrom/bootrom_lock.c.o
                0x00000000100015dc                runtime_init_bootrom_locking_enable
 .text.runtime_init_boot_locks_reset
                0x00000000100015f0       0x1c CMakeFiles/pratica07.dir/home/monalisa/Downloads/Smestre7/sistemas-tempo-real/freertos-pico/pico-sdk/src/rp2_common/hardware_boot_lock/boot_lock.c.o
                0x00000000100015f0                runtime_init_boot_locks_reset
 .text.xosc_init
                0x000000001000160c       0x30 CMakeFiles/pratica07.dir/home/monalisa/Downloads/Smestre7/sistemas-tempo-real/freertos-pico/pico-sdk/src/rp2_common/hardware_xosc/xosc.c.o
                0x000000001000160c                xosc_init
 .text.first_per_core_initializer
                0x000000001000163c        0x4 CMakeFiles/pratica07.dir/home/monalisa/Downloads/Smestre7/sistemas-tempo-real/freertos-pico/pico-sdk/src/rp2_common/pico_runtime/runtime.c.o
 .text.hard_assertion_failure
                0x0000000010001640        0xc CMakeFiles/pratica07.dir/home/monalisa/Downloads/Smestre7/sistemas-tempo-real/freertos-pico/pico-sdk/src/rp2_common/pico_runtime/runtime.c.o
                0x0000000010001640                hard_assertion_failure
 .text.runtime_run_initializers
                0x000000001000164c       0x20 CMakeFiles/pratica07.dir/home/monalisa/Downloads/Smestre7/sistemas-tempo-real/freertos-pico/pico-sdk/src/rp2_common/pico_runtime/runtime.c.o
                0x000000001000164c                runtime_run_initializers
 .text.runtime_run_per_core_initializers
                0x000000001000166c       0x20 CMakeFiles/pratica07.dir/home/monalisa/Downloads/Smestre7/sistemas-tempo-real/freertos-pico/pico-sdk/src/rp2_common/pico_runtime/runtime.c.o
                0x000000001000166c                runtime_run_per_core_initializers
 .text.runtime_init_early_resets
                0x000000001000168c       0x34 CMakeFiles/pratica07.dir/home/monalisa/Downloads/Smestre7/sistemas-tempo-real/freertos-pico/pico-sdk/src/rp2_common/pico_runtime_init/runtime_init.c.o
                0x000000001000168c                runtime_init_early_resets
 .text.runtime_init_usb_power_down
                0x00000000100016c0       0x1c CMakeFiles/pratica07.dir/home/monalisa/Downloads/Smestre7/sistemas-tempo-real/freertos-pico/pico-sdk/src/rp2_common/pico_runtime_init/runtime_init.c.o
                0x00000000100016c0                runtime_init_usb_power_down
 .text.runtime_init_per_core_enable_coprocessors
                0x00000000100016dc       0x1c CMakeFiles/pratica07.dir/home/monalisa/Downloads/Smestre7/sistemas-tempo-real/freertos-pico/pico-sdk/src/rp2_common/pico_runtime_init/runtime_init.c.o
                0x00000000100016dc                runtime_init_per_core_enable_coprocessors
 .text.runtime_init_post_clock_resets
                0x00000000100016f8       0x20 CMakeFiles/pratica07.dir/home/monalisa/Downloads/Smestre7/sistemas-tempo-real/freertos-pico/pico-sdk/src/rp2_common/pico_runtime_init/runtime_init.c.o
                0x00000000100016f8                runtime_init_post_clock_resets
 .text.runtime_init_bootrom_reset
                0x0000000010001718       0x14 CMakeFiles/pratica07.dir/home/monalisa/Downloads/Smestre7/sistemas-tempo-real/freertos-pico/pico-sdk/src/rp2_common/pico_runtime_init/runtime_init.c.o
                0x0000000010001718                runtime_init_bootrom_reset
 .text.runtime_init_per_core_bootrom_reset
                0x000000001000172c       0x14 CMakeFiles/pratica07.dir/home/monalisa/Downloads/Smestre7/sistemas-tempo-real/freertos-pico/pico-sdk/src/rp2_common/pico_runtime_init/runtime_init.c.o
                0x000000001000172c                runtime_init_per_core_bootrom_reset
 .text.runtime_init_spin_locks_reset
                0x0000000010001740        0x4 CMakeFiles/pratica07.dir/home/monalisa/Downloads/Smestre7/sistemas-tempo-real/freertos-pico/pico-sdk/src/rp2_common/pico_runtime_init/runtime_init.c.o
                0x0000000010001740                runtime_init_spin_locks_reset
 .text.runtime_init_install_ram_vector_table
                0x0000000010001744       0x20 CMakeFiles/pratica07.dir/home/monalisa/Downloads/Smestre7/sistemas-tempo-real/freertos-pico/pico-sdk/src/rp2_common/pico_runtime_init/runtime_init.c.o
                0x0000000010001744                runtime_init_install_ram_vector_table
 .text.runtime_init_clocks
                0x0000000010001764       0xdc CMakeFiles/pratica07.dir/home/monalisa/Downloads/Smestre7/sistemas-tempo-real/freertos-pico/pico-sdk/src/rp2_common/pico_runtime_init/runtime_init_clocks.c.o
                0x0000000010001764                runtime_init_clocks
 .text.__rp2350_dcp_engaged_state_save_restore
                0x0000000010001840       0x3a CMakeFiles/pratica07.dir/home/monalisa/Downloads/Smestre7/sistemas-tempo-real/freertos-pico/pico-sdk/src/rp2_common/pico_double/double_aeabi_dcp.S.o
 *fill*         0x000000001000187a        0x2 
 .text.__wrap___aeabi_dadd
                0x000000001000187c       0x28 CMakeFiles/pratica07.dir/home/monalisa/Downloads/Smestre7/sistemas-tempo-real/freertos-pico/pico-sdk/src/rp2_common/pico_double/double_aeabi_dcp.S.o
                0x0000000010001884                __wrap___aeabi_dadd
 .text.__wrap___aeabi_dsub
                0x00000000100018a4       0x28 CMakeFiles/pratica07.dir/home/monalisa/Downloads/Smestre7/sistemas-tempo-real/freertos-pico/pico-sdk/src/rp2_common/pico_double/double_aeabi_dcp.S.o
                0x00000000100018ac                __wrap___aeabi_dsub
 .text.__wrap___aeabi_dmul
                0x00000000100018cc       0x4c CMakeFiles/pratica07.dir/home/monalisa/Downloads/Smestre7/sistemas-tempo-real/freertos-pico/pico-sdk/src/rp2_common/pico_double/double_aeabi_dcp.S.o
                0x00000000100018d4                __wrap___aeabi_dmul
 .text.__wrap___aeabi_ddiv
                0x0000000010001918       0x9c CMakeFiles/pratica07.dir/home/monalisa/Downloads/Smestre7/sistemas-tempo-real/freertos-pico/pico-sdk/src/rp2_common/pico_double/double_aeabi_dcp.S.o
                0x0000000010001920                __wrap___aeabi_ddiv
 .text.__wrap___aeabi_i2d
                0x00000000100019b4       0x24 CMakeFiles/pratica07.dir/home/monalisa/Downloads/Smestre7/sistemas-tempo-real/freertos-pico/pico-sdk/src/rp2_common/pico_double/double_aeabi_dcp.S.o
                0x00000000100019bc                __wrap___aeabi_i2d
                0x00000000100019bc                int2double
 .text.__wrap___aeabi_ui2d
                0x00000000100019d8       0x24 CMakeFiles/pratica07.dir/home/monalisa/Downloads/Smestre7/sistemas-tempo-real/freertos-pico/pico-sdk/src/rp2_common/pico_double/double_aeabi_dcp.S.o
                0x00000000100019e0                __wrap___aeabi_ui2d
                0x00000000100019e0                uint2double
 .text.__wrap___aeabi_d2iz
                0x00000000100019fc       0x24 CMakeFiles/pratica07.dir/home/monalisa/Downloads/Smestre7/sistemas-tempo-real/freertos-pico/pico-sdk/src/rp2_common/pico_double/double_aeabi_dcp.S.o
                0x0000000010001a04                __wrap___aeabi_d2iz
                0x0000000010001a04                double2int_z
 .text.__wrap___aeabi_d2uiz
                0x0000000010001a20       0x24 CMakeFiles/pratica07.dir/home/monalisa/Downloads/Smestre7/sistemas-tempo-real/freertos-pico/pico-sdk/src/rp2_common/pico_double/double_aeabi_dcp.S.o
                0x0000000010001a28                double2uint_z
                0x0000000010001a28                double2uint
                0x0000000010001a28                __wrap___aeabi_d2uiz
 .text.__wrap___aeabi_dcmpun
                0x0000000010001a44       0x24 CMakeFiles/pratica07.dir/home/monalisa/Downloads/Smestre7/sistemas-tempo-real/freertos-pico/pico-sdk/src/rp2_common/pico_double/double_aeabi_dcp.S.o
                0x0000000010001a4c                __wrap___aeabi_dcmpun
 .text.__wrap___aeabi_dcmplt
                0x0000000010001a68       0x28 CMakeFiles/pratica07.dir/home/monalisa/Downloads/Smestre7/sistemas-tempo-real/freertos-pico/pico-sdk/src/rp2_common/pico_double/double_aeabi_dcp.S.o
                0x0000000010001a70                __wrap___aeabi_dcmplt
 .text.__wrap___aeabi_dcmple
                0x0000000010001a90       0x28 CMakeFiles/pratica07.dir/home/monalisa/Downloads/Smestre7/sistemas-tempo-real/freertos-pico/pico-sdk/src/rp2_common/pico_double/double_aeabi_dcp.S.o
                0x0000000010001a98                __wrap___aeabi_dcmple
 .text.__wrap___aeabi_dcmpge
                0x0000000010001ab8       0x28 CMakeFiles/pratica07.dir/home/monalisa/Downloads/Smestre7/sistemas-tempo-real/freertos-pico/pico-sdk/src/rp2_common/pico_double/double_aeabi_dcp.S.o
                0x0000000010001ac0                __wrap___aeabi_dcmpge
 .text.__wrap___aeabi_dcmpgt
                0x0000000010001ae0       0x28 CMakeFiles/pratica07.dir/home/monalisa/Downloads/Smestre7/sistemas-tempo-real/freertos-pico/pico-sdk/src/rp2_common/pico_double/double_aeabi_dcp.S.o
                0x0000000010001ae8                __wrap___aeabi_dcmpgt
 .text._out_null
                0x0000000010001b08        0x4 CMakeFiles/pratica07.dir/home/monalisa/Downloads/Smestre7/sistemas-tempo-real/freertos-pico/pico-sdk/src/rp2_common/pico_printf/printf.c.o
 .text._out_rev
                0x0000000010001b0c       0x88 CMakeFiles/pratica07.dir/home/monalisa/Downloads/Smestre7/sistemas-tempo-real/freertos-pico/pico-sdk/src/rp2_common/pico_printf/printf.c.o
 .text._ntoa_format
                0x0000000010001b94      0x1e8 CMakeFiles/pratica07.dir/home/monalisa/Downloads/Smestre7/sistemas-tempo-real/freertos-pico/pico-sdk/src/rp2_common/pico_printf/printf.c.o
 .text._out_char
                0x0000000010001d7c        0x8 CMakeFiles/pratica07.dir/home/monalisa/Downloads/Smestre7/sistemas-tempo-real/freertos-pico/pico-sdk/src/rp2_common/pico_printf/printf.c.o
 .text._out_fct
                0x0000000010001d84        0xc CMakeFiles/pratica07.dir/home/monalisa/Downloads/Smestre7/sistemas-tempo-real/freertos-pico/pico-sdk/src/rp2_common/pico_printf/printf.c.o
 .text._etoa    0x0000000010001d90      0x460 CMakeFiles/pratica07.dir/home/monalisa/Downloads/Smestre7/sistemas-tempo-real/freertos-pico/pico-sdk/src/rp2_common/pico_printf/printf.c.o
 .text._ftoa    0x00000000100021f0      0x3d8 CMakeFiles/pratica07.dir/home/monalisa/Downloads/Smestre7/sistemas-tempo-real/freertos-pico/pico-sdk/src/rp2_common/pico_printf/printf.c.o
 .text._vsnprintf
                0x00000000100025c8      0x9c8 CMakeFiles/pratica07.dir/home/monalisa/Downloads/Smestre7/sistemas-tempo-real/freertos-pico/pico-sdk/src/rp2_common/pico_printf/printf.c.o
 .text.vfctprintf
                0x0000000010002f90       0x28 CMakeFiles/pratica07.dir/home/monalisa/Downloads/Smestre7/sistemas-tempo-real/freertos-pico/pico-sdk/src/rp2_common/pico_printf/printf.c.o
                0x0000000010002f90                vfctprintf
 .text.weak_raw_vprintf
                0x0000000010002fb8       0x30 CMakeFiles/pratica07.dir/home/monalisa/Downloads/Smestre7/sistemas-tempo-real/freertos-pico/pico-sdk/src/rp2_common/pico_printf/printf.c.o
                0x0000000010002fb8                weak_raw_vprintf
 .text._exit    0x0000000010002fe8        0x4 CMakeFiles/pratica07.dir/home/monalisa/Downloads/Smestre7/sistemas-tempo-real/freertos-pico/pico-sdk/src/rp2_common/pico_clib_interface/newlib_interface.c.o
                0x0000000010002fe8                _exit
 .text.exit     0x0000000010002fec        0x8 CMakeFiles/pratica07.dir/home/monalisa/Downloads/Smestre7/sistemas-tempo-real/freertos-pico/pico-sdk/src/rp2_common/pico_clib_interface/newlib_interface.c.o
                0x0000000010002fec                exit
 .text.runtime_init
                0x0000000010002ff4       0x24 CMakeFiles/pratica07.dir/home/monalisa/Downloads/Smestre7/sistemas-tempo-real/freertos-pico/pico-sdk/src/rp2_common/pico_clib_interface/newlib_interface.c.o
                0x0000000010002ff4                runtime_init
 .text.stdio_out_chars_no_crlf
                0x0000000010003018        0x8 CMakeFiles/pratica07.dir/home/monalisa/Downloads/Smestre7/sistemas-tempo-real/freertos-pico/pico-sdk/src/rp2_common/pico_stdio/stdio.c.o
 .text.stdio_out_chars_crlf
                0x0000000010003020       0xac CMakeFiles/pratica07.dir/home/monalisa/Downloads/Smestre7/sistemas-tempo-real/freertos-pico/pico-sdk/src/rp2_common/pico_stdio/stdio.c.o
 .text.stdio_buffered_printer
                0x00000000100030cc       0x60 CMakeFiles/pratica07.dir/home/monalisa/Downloads/Smestre7/sistemas-tempo-real/freertos-pico/pico-sdk/src/rp2_common/pico_stdio/stdio.c.o
 .text.stdio_put_string
                0x000000001000312c       0xe8 CMakeFiles/pratica07.dir/home/monalisa/Downloads/Smestre7/sistemas-tempo-real/freertos-pico/pico-sdk/src/rp2_common/pico_stdio/stdio.c.o
                0x000000001000312c                stdio_put_string
 .text.stdio_set_driver_enabled
                0x0000000010003214       0x28 CMakeFiles/pratica07.dir/home/monalisa/Downloads/Smestre7/sistemas-tempo-real/freertos-pico/pico-sdk/src/rp2_common/pico_stdio/stdio.c.o
                0x0000000010003214                stdio_set_driver_enabled
 .text.stdio_init_all
                0x000000001000323c        0x4 CMakeFiles/pratica07.dir/home/monalisa/Downloads/Smestre7/sistemas-tempo-real/freertos-pico/pico-sdk/src/rp2_common/pico_stdio/stdio.c.o
                0x000000001000323c                stdio_init_all
 .text.__wrap_putchar
                0x0000000010003240       0x7c CMakeFiles/pratica07.dir/home/monalisa/Downloads/Smestre7/sistemas-tempo-real/freertos-pico/pico-sdk/src/rp2_common/pico_stdio/stdio.c.o
                0x0000000010003240                stdio_putchar
                0x0000000010003240                __wrap_putchar
 .text.__wrap_puts
                0x00000000100032bc       0x3c CMakeFiles/pratica07.dir/home/monalisa/Downloads/Smestre7/sistemas-tempo-real/freertos-pico/pico-sdk/src/rp2_common/pico_stdio/stdio.c.o
                0x00000000100032bc                __wrap_puts
                0x00000000100032bc                stdio_puts
 .text.__wrap_vprintf
                0x00000000100032f8       0xc0 CMakeFiles/pratica07.dir/home/monalisa/Downloads/Smestre7/sistemas-tempo-real/freertos-pico/pico-sdk/src/rp2_common/pico_stdio/stdio.c.o
                0x00000000100032f8                __wrap_vprintf
                0x00000000100032f8                stdio_vprintf
 .text.__wrap_printf
                0x00000000100033b8       0x1c CMakeFiles/pratica07.dir/home/monalisa/Downloads/Smestre7/sistemas-tempo-real/freertos-pico/pico-sdk/src/rp2_common/pico_stdio/stdio.c.o
                0x00000000100033b8                stdio_printf
                0x00000000100033b8                __wrap_printf
 .text.resetd_init
                0x00000000100033d4        0x4 CMakeFiles/pratica07.dir/home/monalisa/Downloads/Smestre7/sistemas-tempo-real/freertos-pico/pico-sdk/src/rp2_common/pico_stdio_usb/reset_interface.c.o
 .text.resetd_reset
                0x00000000100033d8        0xc CMakeFiles/pratica07.dir/home/monalisa/Downloads/Smestre7/sistemas-tempo-real/freertos-pico/pico-sdk/src/rp2_common/pico_stdio_usb/reset_interface.c.o
 .text.resetd_open
                0x00000000100033e4       0x28 CMakeFiles/pratica07.dir/home/monalisa/Downloads/Smestre7/sistemas-tempo-real/freertos-pico/pico-sdk/src/rp2_common/pico_stdio_usb/reset_interface.c.o
 .text.resetd_xfer_cb
                0x000000001000340c        0x4 CMakeFiles/pratica07.dir/home/monalisa/Downloads/Smestre7/sistemas-tempo-real/freertos-pico/pico-sdk/src/rp2_common/pico_stdio_usb/reset_interface.c.o
 .text.resetd_control_xfer_cb
                0x0000000010003410       0x54 CMakeFiles/pratica07.dir/home/monalisa/Downloads/Smestre7/sistemas-tempo-real/freertos-pico/pico-sdk/src/rp2_common/pico_stdio_usb/reset_interface.c.o
 .text.tud_descriptor_bos_cb
                0x0000000010003464        0x8 CMakeFiles/pratica07.dir/home/monalisa/Downloads/Smestre7/sistemas-tempo-real/freertos-pico/pico-sdk/src/rp2_common/pico_stdio_usb/reset_interface.c.o
                0x0000000010003464                tud_descriptor_bos_cb
 .text.tud_vendor_control_xfer_cb
                0x000000001000346c       0x28 CMakeFiles/pratica07.dir/home/monalisa/Downloads/Smestre7/sistemas-tempo-real/freertos-pico/pico-sdk/src/rp2_common/pico_stdio_usb/reset_interface.c.o
                0x000000001000346c                tud_vendor_control_xfer_cb
 .text.usbd_app_driver_get_cb
                0x0000000010003494       0x10 CMakeFiles/pratica07.dir/home/monalisa/Downloads/Smestre7/sistemas-tempo-real/freertos-pico/pico-sdk/src/rp2_common/pico_stdio_usb/reset_interface.c.o
                0x0000000010003494                usbd_app_driver_get_cb
 .text.tud_cdc_line_coding_cb
                0x00000000100034a4       0x18 CMakeFiles/pratica07.dir/home/monalisa/Downloads/Smestre7/sistemas-tempo-real/freertos-pico/pico-sdk/src/rp2_common/pico_stdio_usb/reset_interface.c.o
                0x00000000100034a4                tud_cdc_line_coding_cb
 .text.stdio_usb_set_chars_available_callback
                0x00000000100034bc       0x14 CMakeFiles/pratica07.dir/home/monalisa/Downloads/Smestre7/sistemas-tempo-real/freertos-pico/pico-sdk/src/rp2_common/pico_stdio_usb/stdio_usb.c.o
                0x00000000100034bc                stdio_usb_set_chars_available_callback
 .text.timer_task
                0x00000000100034d0       0x70 CMakeFiles/pratica07.dir/home/monalisa/Downloads/Smestre7/sistemas-tempo-real/freertos-pico/pico-sdk/src/rp2_common/pico_stdio_usb/stdio_usb.c.o
 .text.usb_irq  0x0000000010003540        0xc CMakeFiles/pratica07.dir/home/monalisa/Downloads/Smestre7/sistemas-tempo-real/freertos-pico/pico-sdk/src/rp2_common/pico_stdio_usb/stdio_usb.c.o
 .text.stdio_usb_in_chars
                0x000000001000354c       0x84 CMakeFiles/pratica07.dir/home/monalisa/Downloads/Smestre7/sistemas-tempo-real/freertos-pico/pico-sdk/src/rp2_common/pico_stdio_usb/stdio_usb.c.o
                0x000000001000354c                stdio_usb_in_chars
 .text.stdio_usb_out_flush
                0x00000000100035d0       0x4c CMakeFiles/pratica07.dir/home/monalisa/Downloads/Smestre7/sistemas-tempo-real/freertos-pico/pico-sdk/src/rp2_common/pico_stdio_usb/stdio_usb.c.o
 .text.stdio_usb_out_chars
                0x000000001000361c       0xf0 CMakeFiles/pratica07.dir/home/monalisa/Downloads/Smestre7/sistemas-tempo-real/freertos-pico/pico-sdk/src/rp2_common/pico_stdio_usb/stdio_usb.c.o
 .text.low_priority_worker_irq
                0x000000001000370c       0xc8 CMakeFiles/pratica07.dir/home/monalisa/Downloads/Smestre7/sistemas-tempo-real/freertos-pico/pico-sdk/src/rp2_common/pico_stdio_usb/stdio_usb.c.o
 .text.stdio_usb_init
                0x00000000100037d4       0xdc CMakeFiles/pratica07.dir/home/monalisa/Downloads/Smestre7/sistemas-tempo-real/freertos-pico/pico-sdk/src/rp2_common/pico_stdio_usb/stdio_usb.c.o
                0x00000000100037d4                stdio_usb_init
 .text.tud_descriptor_device_cb
                0x00000000100038b0        0x8 CMakeFiles/pratica07.dir/home/monalisa/Downloads/Smestre7/sistemas-tempo-real/freertos-pico/pico-sdk/src/rp2_common/pico_stdio_usb/stdio_usb_descriptors.c.o
                0x00000000100038b0                tud_descriptor_device_cb
 .text.tud_descriptor_configuration_cb
                0x00000000100038b8        0x8 CMakeFiles/pratica07.dir/home/monalisa/Downloads/Smestre7/sistemas-tempo-real/freertos-pico/pico-sdk/src/rp2_common/pico_stdio_usb/stdio_usb_descriptors.c.o
                0x00000000100038b8                tud_descriptor_configuration_cb
 .text.tud_descriptor_string_cb
                0x00000000100038c0       0x78 CMakeFiles/pratica07.dir/home/monalisa/Downloads/Smestre7/sistemas-tempo-real/freertos-pico/pico-sdk/src/rp2_common/pico_stdio_usb/stdio_usb_descriptors.c.o
                0x00000000100038c0                tud_descriptor_string_cb
 .text.startup._retrieve_unique_id_on_boot
                0x0000000010003938       0x30 CMakeFiles/pratica07.dir/home/monalisa/Downloads/Smestre7/sistemas-tempo-real/freertos-pico/pico-sdk/src/rp2_common/pico_unique_id/unique_id.c.o
 .text.pico_get_unique_board_id_string
                0x0000000010003968      0x180 CMakeFiles/pratica07.dir/home/monalisa/Downloads/Smestre7/sistemas-tempo-real/freertos-pico/pico-sdk/src/rp2_common/pico_unique_id/unique_id.c.o
                0x0000000010003968                pico_get_unique_board_id_string
 .text.dcd_init
                0x0000000010003ae8       0x94 CMakeFiles/pratica07.dir/home/monalisa/Downloads/Smestre7/sistemas-tempo-real/freertos-pico/pico-sdk/lib/tinyusb/src/portable/raspberrypi/rp2040/dcd_rp2040.c.o
                0x0000000010003ae8                dcd_init
 .text.dcd_int_enable
                0x0000000010003b7c        0x8 CMakeFiles/pratica07.dir/home/monalisa/Downloads/Smestre7/sistemas-tempo-real/freertos-pico/pico-sdk/lib/tinyusb/src/portable/raspberrypi/rp2040/dcd_rp2040.c.o
                0x0000000010003b7c                dcd_int_enable
 .text.dcd_set_address
                0x0000000010003b84       0x10 CMakeFiles/pratica07.dir/home/monalisa/Downloads/Smestre7/sistemas-tempo-real/freertos-pico/pico-sdk/lib/tinyusb/src/portable/raspberrypi/rp2040/dcd_rp2040.c.o
                0x0000000010003b84                dcd_set_address
 .text.dcd_sof_enable
                0x0000000010003b94       0x1c CMakeFiles/pratica07.dir/home/monalisa/Downloads/Smestre7/sistemas-tempo-real/freertos-pico/pico-sdk/lib/tinyusb/src/portable/raspberrypi/rp2040/dcd_rp2040.c.o
                0x0000000010003b94                dcd_sof_enable
 .text.dcd_edpt0_status_complete
                0x0000000010003bb0       0x1c CMakeFiles/pratica07.dir/home/monalisa/Downloads/Smestre7/sistemas-tempo-real/freertos-pico/pico-sdk/lib/tinyusb/src/portable/raspberrypi/rp2040/dcd_rp2040.c.o
                0x0000000010003bb0                dcd_edpt0_status_complete
 .text.dcd_edpt_open
                0x0000000010003bcc      0x110 CMakeFiles/pratica07.dir/home/monalisa/Downloads/Smestre7/sistemas-tempo-real/freertos-pico/pico-sdk/lib/tinyusb/src/portable/raspberrypi/rp2040/dcd_rp2040.c.o
                0x0000000010003bcc                dcd_edpt_open
 .text.dcd_edpt_close_all
                0x0000000010003cdc        0x4 CMakeFiles/pratica07.dir/home/monalisa/Downloads/Smestre7/sistemas-tempo-real/freertos-pico/pico-sdk/lib/tinyusb/src/portable/raspberrypi/rp2040/dcd_rp2040.c.o
                0x0000000010003cdc                dcd_edpt_close_all
 .text.dcd_edpt_xfer
                0x0000000010003ce0       0x28 CMakeFiles/pratica07.dir/home/monalisa/Downloads/Smestre7/sistemas-tempo-real/freertos-pico/pico-sdk/lib/tinyusb/src/portable/raspberrypi/rp2040/dcd_rp2040.c.o
                0x0000000010003ce0                dcd_edpt_xfer
 .text.dcd_edpt_stall
                0x0000000010003d08       0x30 CMakeFiles/pratica07.dir/home/monalisa/Downloads/Smestre7/sistemas-tempo-real/freertos-pico/pico-sdk/lib/tinyusb/src/portable/raspberrypi/rp2040/dcd_rp2040.c.o
                0x0000000010003d08                dcd_edpt_stall
 .text.dcd_edpt_clear_stall
                0x0000000010003d38       0x2c CMakeFiles/pratica07.dir/home/monalisa/Downloads/Smestre7/sistemas-tempo-real/freertos-pico/pico-sdk/lib/tinyusb/src/portable/raspberrypi/rp2040/dcd_rp2040.c.o
                0x0000000010003d38                dcd_edpt_clear_stall
 .text.rp2040_usb_init
                0x0000000010003d64       0x40 CMakeFiles/pratica07.dir/home/monalisa/Downloads/Smestre7/sistemas-tempo-real/freertos-pico/pico-sdk/lib/tinyusb/src/portable/raspberrypi/rp2040/rp2040_usb.c.o
                0x0000000010003d64                rp2040_usb_init
 .text.hw_endpoint_xfer_start
                0x0000000010003da4       0x4c CMakeFiles/pratica07.dir/home/monalisa/Downloads/Smestre7/sistemas-tempo-real/freertos-pico/pico-sdk/lib/tinyusb/src/portable/raspberrypi/rp2040/rp2040_usb.c.o
                0x0000000010003da4                hw_endpoint_xfer_start
 .text.configuration_reset
                0x0000000010003df0       0x8c CMakeFiles/pratica07.dir/home/monalisa/Downloads/Smestre7/sistemas-tempo-real/freertos-pico/pico-sdk/lib/tinyusb/src/device/usbd.c.o
 .text.tud_event_hook_cb
                0x0000000010003e7c        0x4 CMakeFiles/pratica07.dir/home/monalisa/Downloads/Smestre7/sistemas-tempo-real/freertos-pico/pico-sdk/lib/tinyusb/src/device/usbd.c.o
                0x0000000010003e7c                tud_event_hook_cb
 .text.tud_sof_cb
                0x0000000010003e80        0x4 CMakeFiles/pratica07.dir/home/monalisa/Downloads/Smestre7/sistemas-tempo-real/freertos-pico/pico-sdk/lib/tinyusb/src/device/usbd.c.o
                0x0000000010003e80                tud_sof_cb
 .text.tud_descriptor_device_qualifier_cb
                0x0000000010003e84        0x4 CMakeFiles/pratica07.dir/home/monalisa/Downloads/Smestre7/sistemas-tempo-real/freertos-pico/pico-sdk/lib/tinyusb/src/device/usbd.c.o
                0x0000000010003e84                tud_descriptor_device_qualifier_cb
 .text.tud_descriptor_other_speed_configuration_cb
                0x0000000010003e88        0x4 CMakeFiles/pratica07.dir/home/monalisa/Downloads/Smestre7/sistemas-tempo-real/freertos-pico/pico-sdk/lib/tinyusb/src/device/usbd.c.o
                0x0000000010003e88                tud_descriptor_other_speed_configuration_cb
 .text.tud_mount_cb
                0x0000000010003e8c        0x4 CMakeFiles/pratica07.dir/home/monalisa/Downloads/Smestre7/sistemas-tempo-real/freertos-pico/pico-sdk/lib/tinyusb/src/device/usbd.c.o
                0x0000000010003e8c                tud_mount_cb
 .text.tud_umount_cb
                0x0000000010003e90        0x4 CMakeFiles/pratica07.dir/home/monalisa/Downloads/Smestre7/sistemas-tempo-real/freertos-pico/pico-sdk/lib/tinyusb/src/device/usbd.c.o
                0x0000000010003e90                tud_umount_cb
 .text.tud_suspend_cb
                0x0000000010003e94        0x4 CMakeFiles/pratica07.dir/home/monalisa/Downloads/Smestre7/sistemas-tempo-real/freertos-pico/pico-sdk/lib/tinyusb/src/device/usbd.c.o
                0x0000000010003e94                tud_suspend_cb
 .text.tud_resume_cb
                0x0000000010003e98        0x4 CMakeFiles/pratica07.dir/home/monalisa/Downloads/Smestre7/sistemas-tempo-real/freertos-pico/pico-sdk/lib/tinyusb/src/device/usbd.c.o
                0x0000000010003e98                tud_resume_cb
 .text.tud_mounted
                0x0000000010003e9c       0x10 CMakeFiles/pratica07.dir/home/monalisa/Downloads/Smestre7/sistemas-tempo-real/freertos-pico/pico-sdk/lib/tinyusb/src/device/usbd.c.o
                0x0000000010003e9c                tud_mounted
 .text.tud_suspended
                0x0000000010003eac       0x10 CMakeFiles/pratica07.dir/home/monalisa/Downloads/Smestre7/sistemas-tempo-real/freertos-pico/pico-sdk/lib/tinyusb/src/device/usbd.c.o
                0x0000000010003eac                tud_suspended
 .text.tud_rhport_init
                0x0000000010003ebc      0x110 CMakeFiles/pratica07.dir/home/monalisa/Downloads/Smestre7/sistemas-tempo-real/freertos-pico/pico-sdk/lib/tinyusb/src/device/usbd.c.o
                0x0000000010003ebc                tud_rhport_init
 .text.tud_task_ext
                0x0000000010003fcc      0x7a4 CMakeFiles/pratica07.dir/home/monalisa/Downloads/Smestre7/sistemas-tempo-real/freertos-pico/pico-sdk/lib/tinyusb/src/device/usbd.c.o
                0x0000000010003fcc                tud_task_ext
 .text.usbd_open_edpt_pair
                0x0000000010004770       0x9c CMakeFiles/pratica07.dir/home/monalisa/Downloads/Smestre7/sistemas-tempo-real/freertos-pico/pico-sdk/lib/tinyusb/src/device/usbd.c.o
                0x0000000010004770                usbd_open_edpt_pair
 .text.usbd_edpt_open
                0x000000001000480c       0x44 CMakeFiles/pratica07.dir/home/monalisa/Downloads/Smestre7/sistemas-tempo-real/freertos-pico/pico-sdk/lib/tinyusb/src/device/usbd.c.o
                0x000000001000480c                usbd_edpt_open
 .text.usbd_edpt_claim
                0x0000000010004850       0x24 CMakeFiles/pratica07.dir/home/monalisa/Downloads/Smestre7/sistemas-tempo-real/freertos-pico/pico-sdk/lib/tinyusb/src/device/usbd.c.o
                0x0000000010004850                usbd_edpt_claim
 .text.usbd_edpt_release
                0x0000000010004874       0x24 CMakeFiles/pratica07.dir/home/monalisa/Downloads/Smestre7/sistemas-tempo-real/freertos-pico/pico-sdk/lib/tinyusb/src/device/usbd.c.o
                0x0000000010004874                usbd_edpt_release
 .text.usbd_edpt_xfer
                0x0000000010004898       0x70 CMakeFiles/pratica07.dir/home/monalisa/Downloads/Smestre7/sistemas-tempo-real/freertos-pico/pico-sdk/lib/tinyusb/src/device/usbd.c.o
                0x0000000010004898                usbd_edpt_xfer
 .text.tud_control_status
                0x0000000010004908       0x34 CMakeFiles/pratica07.dir/home/monalisa/Downloads/Smestre7/sistemas-tempo-real/freertos-pico/pico-sdk/lib/tinyusb/src/device/usbd_control.c.o
                0x0000000010004908                tud_control_status
 .text.tud_control_xfer
                0x000000001000493c       0xcc CMakeFiles/pratica07.dir/home/monalisa/Downloads/Smestre7/sistemas-tempo-real/freertos-pico/pico-sdk/lib/tinyusb/src/device/usbd_control.c.o
                0x000000001000493c                tud_control_xfer
 .text.usbd_control_reset
                0x0000000010004a08       0x14 CMakeFiles/pratica07.dir/home/monalisa/Downloads/Smestre7/sistemas-tempo-real/freertos-pico/pico-sdk/lib/tinyusb/src/device/usbd_control.c.o
                0x0000000010004a08                usbd_control_reset
 .text.usbd_control_set_complete_callback
                0x0000000010004a1c        0xc CMakeFiles/pratica07.dir/home/monalisa/Downloads/Smestre7/sistemas-tempo-real/freertos-pico/pico-sdk/lib/tinyusb/src/device/usbd_control.c.o
                0x0000000010004a1c                usbd_control_set_complete_callback
 .text.usbd_control_set_request
                0x0000000010004a28       0x1c CMakeFiles/pratica07.dir/home/monalisa/Downloads/Smestre7/sistemas-tempo-real/freertos-pico/pico-sdk/lib/tinyusb/src/device/usbd_control.c.o
                0x0000000010004a28                usbd_control_set_request
 .text.usbd_control_xfer_cb
                0x0000000010004a44      0x110 CMakeFiles/pratica07.dir/home/monalisa/Downloads/Smestre7/sistemas-tempo-real/freertos-pico/pico-sdk/lib/tinyusb/src/device/usbd_control.c.o
                0x0000000010004a44                usbd_control_xfer_cb
 .text._prep_out_transaction.isra.0
                0x0000000010004b54       0x78 CMakeFiles/pratica07.dir/home/monalisa/Downloads/Smestre7/sistemas-tempo-real/freertos-pico/pico-sdk/lib/tinyusb/src/class/cdc/cdc_device.c.o
 .text.tud_cdc_n_connected
                0x0000000010004bcc       0x2c CMakeFiles/pratica07.dir/home/monalisa/Downloads/Smestre7/sistemas-tempo-real/freertos-pico/pico-sdk/lib/tinyusb/src/class/cdc/cdc_device.c.o
                0x0000000010004bcc                tud_cdc_n_connected
 .text.tud_cdc_n_available
                0x0000000010004bf8       0x18 CMakeFiles/pratica07.dir/home/monalisa/Downloads/Smestre7/sistemas-tempo-real/freertos-pico/pico-sdk/lib/tinyusb/src/class/cdc/cdc_device.c.o
                0x0000000010004bf8                tud_cdc_n_available
 .text.tud_cdc_n_read
                0x0000000010004c10       0x90 CMakeFiles/pratica07.dir/home/monalisa/Downloads/Smestre7/sistemas-tempo-real/freertos-pico/pico-sdk/lib/tinyusb/src/class/cdc/cdc_device.c.o
                0x0000000010004c10                tud_cdc_n_read
 .text.tud_cdc_n_write_flush
                0x0000000010004ca0       0x88 CMakeFiles/pratica07.dir/home/monalisa/Downloads/Smestre7/sistemas-tempo-real/freertos-pico/pico-sdk/lib/tinyusb/src/class/cdc/cdc_device.c.o
                0x0000000010004ca0                tud_cdc_n_write_flush
 .text.tud_cdc_n_write
                0x0000000010004d28       0x48 CMakeFiles/pratica07.dir/home/monalisa/Downloads/Smestre7/sistemas-tempo-real/freertos-pico/pico-sdk/lib/tinyusb/src/class/cdc/cdc_device.c.o
                0x0000000010004d28                tud_cdc_n_write
 .text.tud_cdc_n_write_available
                0x0000000010004d70       0x18 CMakeFiles/pratica07.dir/home/monalisa/Downloads/Smestre7/sistemas-tempo-real/freertos-pico/pico-sdk/lib/tinyusb/src/class/cdc/cdc_device.c.o
                0x0000000010004d70                tud_cdc_n_write_available
 .text.cdcd_init
                0x0000000010004d88       0x70 CMakeFiles/pratica07.dir/home/monalisa/Downloads/Smestre7/sistemas-tempo-real/freertos-pico/pico-sdk/lib/tinyusb/src/class/cdc/cdc_device.c.o
                0x0000000010004d88                cdcd_init
 .text.cdcd_deinit
                0x0000000010004df8       0x20 CMakeFiles/pratica07.dir/home/monalisa/Downloads/Smestre7/sistemas-tempo-real/freertos-pico/pico-sdk/lib/tinyusb/src/class/cdc/cdc_device.c.o
                0x0000000010004df8                cdcd_deinit
 .text.cdcd_reset
                0x0000000010004e18       0x4c CMakeFiles/pratica07.dir/home/monalisa/Downloads/Smestre7/sistemas-tempo-real/freertos-pico/pico-sdk/lib/tinyusb/src/class/cdc/cdc_device.c.o
                0x0000000010004e18                cdcd_reset
 .text.cdcd_open
                0x0000000010004e64       0xbc CMakeFiles/pratica07.dir/home/monalisa/Downloads/Smestre7/sistemas-tempo-real/freertos-pico/pico-sdk/lib/tinyusb/src/class/cdc/cdc_device.c.o
                0x0000000010004e64                cdcd_open
 .text.cdcd_control_xfer_cb
                0x0000000010004f20       0xc8 CMakeFiles/pratica07.dir/home/monalisa/Downloads/Smestre7/sistemas-tempo-real/freertos-pico/pico-sdk/lib/tinyusb/src/class/cdc/cdc_device.c.o
                0x0000000010004f20                cdcd_control_xfer_cb
 .text.cdcd_xfer_cb
                0x0000000010004fe8      0x100 CMakeFiles/pratica07.dir/home/monalisa/Downloads/Smestre7/sistemas-tempo-real/freertos-pico/pico-sdk/lib/tinyusb/src/class/cdc/cdc_device.c.o
                0x0000000010004fe8                cdcd_xfer_cb
 .text.vendord_init
                0x00000000100050e8       0x5c CMakeFiles/pratica07.dir/home/monalisa/Downloads/Smestre7/sistemas-tempo-real/freertos-pico/pico-sdk/lib/tinyusb/src/class/vendor/vendor_device.c.o
                0x00000000100050e8                vendord_init
 .text.vendord_deinit
                0x0000000010005144       0x1c CMakeFiles/pratica07.dir/home/monalisa/Downloads/Smestre7/sistemas-tempo-real/freertos-pico/pico-sdk/lib/tinyusb/src/class/vendor/vendor_device.c.o
                0x0000000010005144                vendord_deinit
 .text.vendord_reset
                0x0000000010005160       0x24 CMakeFiles/pratica07.dir/home/monalisa/Downloads/Smestre7/sistemas-tempo-real/freertos-pico/pico-sdk/lib/tinyusb/src/class/vendor/vendor_device.c.o
                0x0000000010005160                vendord_reset
 .text.vendord_open
                0x0000000010005184       0xfc CMakeFiles/pratica07.dir/home/monalisa/Downloads/Smestre7/sistemas-tempo-real/freertos-pico/pico-sdk/lib/tinyusb/src/class/vendor/vendor_device.c.o
                0x0000000010005184                vendord_open
 .text.vendord_xfer_cb
                0x0000000010005280       0x8c CMakeFiles/pratica07.dir/home/monalisa/Downloads/Smestre7/sistemas-tempo-real/freertos-pico/pico-sdk/lib/tinyusb/src/class/vendor/vendor_device.c.o
                0x0000000010005280                vendord_xfer_cb
 .text.tusb_rhport_init
                0x000000001000530c       0x74 CMakeFiles/pratica07.dir/home/monalisa/Downloads/Smestre7/sistemas-tempo-real/freertos-pico/pico-sdk/lib/tinyusb/src/tusb.c.o
                0x000000001000530c                tusb_rhport_init
 .text.tu_edpt_claim
                0x0000000010005380       0x54 CMakeFiles/pratica07.dir/home/monalisa/Downloads/Smestre7/sistemas-tempo-real/freertos-pico/pico-sdk/lib/tinyusb/src/tusb.c.o
                0x0000000010005380                tu_edpt_claim
 .text.tu_edpt_release
                0x00000000100053d4       0x38 CMakeFiles/pratica07.dir/home/monalisa/Downloads/Smestre7/sistemas-tempo-real/freertos-pico/pico-sdk/lib/tinyusb/src/tusb.c.o
                0x00000000100053d4                tu_edpt_release
 .text.tu_edpt_validate
                0x000000001000540c       0x68 CMakeFiles/pratica07.dir/home/monalisa/Downloads/Smestre7/sistemas-tempo-real/freertos-pico/pico-sdk/lib/tinyusb/src/tusb.c.o
                0x000000001000540c                tu_edpt_validate
 .text.tu_edpt_bind_driver
                0x0000000010005474       0x58 CMakeFiles/pratica07.dir/home/monalisa/Downloads/Smestre7/sistemas-tempo-real/freertos-pico/pico-sdk/lib/tinyusb/src/tusb.c.o
                0x0000000010005474                tu_edpt_bind_driver
 .text.tu_edpt_stream_init
                0x00000000100054cc       0x58 CMakeFiles/pratica07.dir/home/monalisa/Downloads/Smestre7/sistemas-tempo-real/freertos-pico/pico-sdk/lib/tinyusb/src/tusb.c.o
                0x00000000100054cc                tu_edpt_stream_init
 .text.tu_edpt_stream_deinit
                0x0000000010005524        0x4 CMakeFiles/pratica07.dir/home/monalisa/Downloads/Smestre7/sistemas-tempo-real/freertos-pico/pico-sdk/lib/tinyusb/src/tusb.c.o
                0x0000000010005524                tu_edpt_stream_deinit
 .text.tu_edpt_stream_write_zlp_if_needed
                0x0000000010005528       0x68 CMakeFiles/pratica07.dir/home/monalisa/Downloads/Smestre7/sistemas-tempo-real/freertos-pico/pico-sdk/lib/tinyusb/src/tusb.c.o
                0x0000000010005528                tu_edpt_stream_write_zlp_if_needed
 .text.tu_edpt_stream_write_xfer
                0x0000000010005590       0x74 CMakeFiles/pratica07.dir/home/monalisa/Downloads/Smestre7/sistemas-tempo-real/freertos-pico/pico-sdk/lib/tinyusb/src/tusb.c.o
                0x0000000010005590                tu_edpt_stream_write_xfer
 .text.tu_edpt_stream_read_xfer
                0x0000000010005604       0xd4 CMakeFiles/pratica07.dir/home/monalisa/Downloads/Smestre7/sistemas-tempo-real/freertos-pico/pico-sdk/lib/tinyusb/src/tusb.c.o
                0x0000000010005604                tu_edpt_stream_read_xfer
 .text.tu_fifo_config
                0x00000000100056d8       0x64 CMakeFiles/pratica07.dir/home/monalisa/Downloads/Smestre7/sistemas-tempo-real/freertos-pico/pico-sdk/lib/tinyusb/src/common/tusb_fifo.c.o
                0x00000000100056d8                tu_fifo_config
 .text.tu_fifo_count
                0x000000001000573c       0x20 CMakeFiles/pratica07.dir/home/monalisa/Downloads/Smestre7/sistemas-tempo-real/freertos-pico/pico-sdk/lib/tinyusb/src/common/tusb_fifo.c.o
                0x000000001000573c                tu_fifo_count
 .text.tu_fifo_empty
                0x000000001000575c       0x14 CMakeFiles/pratica07.dir/home/monalisa/Downloads/Smestre7/sistemas-tempo-real/freertos-pico/pico-sdk/lib/tinyusb/src/common/tusb_fifo.c.o
                0x000000001000575c                tu_fifo_empty
 .text.tu_fifo_remaining
                0x0000000010005770       0x24 CMakeFiles/pratica07.dir/home/monalisa/Downloads/Smestre7/sistemas-tempo-real/freertos-pico/pico-sdk/lib/tinyusb/src/common/tusb_fifo.c.o
                0x0000000010005770                tu_fifo_remaining
 .text.tu_fifo_read
                0x0000000010005794       0x94 CMakeFiles/pratica07.dir/home/monalisa/Downloads/Smestre7/sistemas-tempo-real/freertos-pico/pico-sdk/lib/tinyusb/src/common/tusb_fifo.c.o
                0x0000000010005794                tu_fifo_read
 .text.tu_fifo_read_n
                0x0000000010005828       0xd4 CMakeFiles/pratica07.dir/home/monalisa/Downloads/Smestre7/sistemas-tempo-real/freertos-pico/pico-sdk/lib/tinyusb/src/common/tusb_fifo.c.o
                0x0000000010005828                tu_fifo_read_n
 .text.tu_fifo_write
                0x00000000100058fc       0x84 CMakeFiles/pratica07.dir/home/monalisa/Downloads/Smestre7/sistemas-tempo-real/freertos-pico/pico-sdk/lib/tinyusb/src/common/tusb_fifo.c.o
                0x00000000100058fc                tu_fifo_write
 .text.tu_fifo_write_n
                0x0000000010005980      0x15c CMakeFiles/pratica07.dir/home/monalisa/Downloads/Smestre7/sistemas-tempo-real/freertos-pico/pico-sdk/lib/tinyusb/src/common/tusb_fifo.c.o
                0x0000000010005980                tu_fifo_write_n
 .text.tu_fifo_clear
                0x0000000010005adc       0x38 CMakeFiles/pratica07.dir/home/monalisa/Downloads/Smestre7/sistemas-tempo-real/freertos-pico/pico-sdk/lib/tinyusb/src/common/tusb_fifo.c.o
                0x0000000010005adc                tu_fifo_clear
 .text.tu_fifo_set_overwritable
                0x0000000010005b14       0x3c CMakeFiles/pratica07.dir/home/monalisa/Downloads/Smestre7/sistemas-tempo-real/freertos-pico/pico-sdk/lib/tinyusb/src/common/tusb_fifo.c.o
                0x0000000010005b14                tu_fifo_set_overwritable
 .text.prvDoorbellInterruptHandler
                0x0000000010005b50       0x30 CMakeFiles/pratica07.dir/home/monalisa/Downloads/Smestre7/sistemas-tempo-real/FreeRTOS_PICO2350/src/FreeRTOS/portable/ThirdParty/GCC/RP2350_ARM_NTZ/non_secure/port.c.o
 .text.prvTaskExitError
                0x0000000010005b80       0x18 CMakeFiles/pratica07.dir/home/monalisa/Downloads/Smestre7/sistemas-tempo-real/FreeRTOS_PICO2350/src/FreeRTOS/portable/ThirdParty/GCC/RP2350_ARM_NTZ/non_secure/port.c.o
 .text.SysTick_Handler
                0x0000000010005b98       0x24 CMakeFiles/pratica07.dir/home/monalisa/Downloads/Smestre7/sistemas-tempo-real/FreeRTOS_PICO2350/src/FreeRTOS/portable/ThirdParty/GCC/RP2350_ARM_NTZ/non_secure/port.c.o
                0x0000000010005b98                SysTick_Handler
 .text.vPortSetupTimerInterrupt
                0x0000000010005bbc       0x2c CMakeFiles/pratica07.dir/home/monalisa/Downloads/Smestre7/sistemas-tempo-real/FreeRTOS_PICO2350/src/FreeRTOS/portable/ThirdParty/GCC/RP2350_ARM_NTZ/non_secure/port.c.o
                0x0000000010005bbc                vPortSetupTimerInterrupt
 .text.xPortStartSchedulerOnCore.isra.0
                0x0000000010005be8      0x10c CMakeFiles/pratica07.dir/home/monalisa/Downloads/Smestre7/sistemas-tempo-real/FreeRTOS_PICO2350/src/FreeRTOS/portable/ThirdParty/GCC/RP2350_ARM_NTZ/non_secure/port.c.o
 .text.prvDisableInterruptsAndPortStartSchedulerOnCore
                0x0000000010005cf4       0x10 CMakeFiles/pratica07.dir/home/monalisa/Downloads/Smestre7/sistemas-tempo-real/FreeRTOS_PICO2350/src/FreeRTOS/portable/ThirdParty/GCC/RP2350_ARM_NTZ/non_secure/port.c.o
 .text.vPortYield
                0x0000000010005d04       0x18 CMakeFiles/pratica07.dir/home/monalisa/Downloads/Smestre7/sistemas-tempo-real/FreeRTOS_PICO2350/src/FreeRTOS/portable/ThirdParty/GCC/RP2350_ARM_NTZ/non_secure/port.c.o
                0x0000000010005d04                vPortYield
 .text.vPortSVCHandler_C
                0x0000000010005d1c       0x2c CMakeFiles/pratica07.dir/home/monalisa/Downloads/Smestre7/sistemas-tempo-real/FreeRTOS_PICO2350/src/FreeRTOS/portable/ThirdParty/GCC/RP2350_ARM_NTZ/non_secure/port.c.o
                0x0000000010005d1c                vPortSVCHandler_C
 .text.pxPortInitialiseStack
                0x0000000010005d48       0x7c CMakeFiles/pratica07.dir/home/monalisa/Downloads/Smestre7/sistemas-tempo-real/FreeRTOS_PICO2350/src/FreeRTOS/portable/ThirdParty/GCC/RP2350_ARM_NTZ/non_secure/port.c.o
                0x0000000010005d48                pxPortInitialiseStack
 .text.xPortStartScheduler
                0x0000000010005dc4       0x50 CMakeFiles/pratica07.dir/home/monalisa/Downloads/Smestre7/sistemas-tempo-real/FreeRTOS_PICO2350/src/FreeRTOS/portable/ThirdParty/GCC/RP2350_ARM_NTZ/non_secure/port.c.o
                0x0000000010005dc4                xPortStartScheduler
 .text.vPortValidateInterruptPriority
                0x0000000010005e14       0x14 CMakeFiles/pratica07.dir/home/monalisa/Downloads/Smestre7/sistemas-tempo-real/FreeRTOS_PICO2350/src/FreeRTOS/portable/ThirdParty/GCC/RP2350_ARM_NTZ/non_secure/port.c.o
                0x0000000010005e14                vPortValidateInterruptPriority
 .text.ulPortLockGetCurrentOwnerId
                0x0000000010005e28       0x2c CMakeFiles/pratica07.dir/home/monalisa/Downloads/Smestre7/sistemas-tempo-real/FreeRTOS_PICO2350/src/FreeRTOS/portable/ThirdParty/GCC/RP2350_ARM_NTZ/non_secure/port.c.o
                0x0000000010005e28                ulPortLockGetCurrentOwnerId
 .text.vPortLockInternalSpinUnlockWithNotify
                0x0000000010005e54       0x94 CMakeFiles/pratica07.dir/home/monalisa/Downloads/Smestre7/sistemas-tempo-real/FreeRTOS_PICO2350/src/FreeRTOS/portable/ThirdParty/GCC/RP2350_ARM_NTZ/non_secure/port.c.o
                0x0000000010005e54                vPortLockInternalSpinUnlockWithNotify
 .text.xPortLockInternalSpinUnlockWithBestEffortWaitOrTimeout
                0x0000000010005ee8       0xec CMakeFiles/pratica07.dir/home/monalisa/Downloads/Smestre7/sistemas-tempo-real/FreeRTOS_PICO2350/src/FreeRTOS/portable/ThirdParty/GCC/RP2350_ARM_NTZ/non_secure/port.c.o
                0x0000000010005ee8                xPortLockInternalSpinUnlockWithBestEffortWaitOrTimeout
 .text.startup.prvRuntimeInitializer
                0x0000000010005fd4       0x10 CMakeFiles/pratica07.dir/home/monalisa/Downloads/Smestre7/sistemas-tempo-real/FreeRTOS_PICO2350/src/FreeRTOS/portable/ThirdParty/GCC/RP2350_ARM_NTZ/non_secure/port.c.o
 .text.vYieldCore
                0x0000000010005fe4       0x18 CMakeFiles/pratica07.dir/home/monalisa/Downloads/Smestre7/sistemas-tempo-real/FreeRTOS_PICO2350/src/FreeRTOS/portable/ThirdParty/GCC/RP2350_ARM_NTZ/non_secure/port.c.o
                0x0000000010005fe4                vYieldCore
 *fill*         0x0000000010005ffc        0x4 
 .text.vRestoreContextOfFirstTask
                0x0000000010006000       0x38 CMakeFiles/pratica07.dir/home/monalisa/Downloads/Smestre7/sistemas-tempo-real/FreeRTOS_PICO2350/src/FreeRTOS/portable/ThirdParty/GCC/RP2350_ARM_NTZ/non_secure/portasm.c.o
                0x0000000010006000                vRestoreContextOfFirstTask
 .text.vStartFirstTask
                0x0000000010006038       0x10 CMakeFiles/pratica07.dir/home/monalisa/Downloads/Smestre7/sistemas-tempo-real/FreeRTOS_PICO2350/src/FreeRTOS/portable/ThirdParty/GCC/RP2350_ARM_NTZ/non_secure/portasm.c.o
                0x0000000010006038                vStartFirstTask
 .text.ulSetInterruptMask
                0x0000000010006048       0x18 CMakeFiles/pratica07.dir/home/monalisa/Downloads/Smestre7/sistemas-tempo-real/FreeRTOS_PICO2350/src/FreeRTOS/portable/ThirdParty/GCC/RP2350_ARM_NTZ/non_secure/portasm.c.o
                0x0000000010006048                ulSetInterruptMask
 .text.vClearInterruptMask
                0x0000000010006060       0x10 CMakeFiles/pratica07.dir/home/monalisa/Downloads/Smestre7/sistemas-tempo-real/FreeRTOS_PICO2350/src/FreeRTOS/portable/ThirdParty/GCC/RP2350_ARM_NTZ/non_secure/portasm.c.o
                0x0000000010006060                vClearInterruptMask
 .text.PendSV_Handler
                0x0000000010006070       0x98 CMakeFiles/pratica07.dir/home/monalisa/Downloads/Smestre7/sistemas-tempo-real/FreeRTOS_PICO2350/src/FreeRTOS/portable/ThirdParty/GCC/RP2350_ARM_NTZ/non_secure/portasm.c.o
                0x0000000010006070                PendSV_Handler
 .text.SVC_Handler
                0x0000000010006108       0x18 CMakeFiles/pratica07.dir/home/monalisa/Downloads/Smestre7/sistemas-tempo-real/FreeRTOS_PICO2350/src/FreeRTOS/portable/ThirdParty/GCC/RP2350_ARM_NTZ/non_secure/portasm.c.o
                0x0000000010006108                SVC_Handler
 .text.vEventGroupSetBitsCallback
                0x0000000010006120       0x64 CMakeFiles/pratica07.dir/home/monalisa/Downloads/Smestre7/sistemas-tempo-real/FreeRTOS_PICO2350/src/FreeRTOS/event_groups.c.o
                0x0000000010006120                vEventGroupSetBitsCallback
 .text.xEventGroupCreate
                0x0000000010006184       0x1c CMakeFiles/pratica07.dir/home/monalisa/Downloads/Smestre7/sistemas-tempo-real/FreeRTOS_PICO2350/src/FreeRTOS/event_groups.c.o
                0x0000000010006184                xEventGroupCreate
 .text.xEventGroupWaitBits
                0x00000000100061a0       0xb4 CMakeFiles/pratica07.dir/home/monalisa/Downloads/Smestre7/sistemas-tempo-real/FreeRTOS_PICO2350/src/FreeRTOS/event_groups.c.o
                0x00000000100061a0                xEventGroupWaitBits
 .text.xEventGroupSetBits
                0x0000000010006254       0x68 CMakeFiles/pratica07.dir/home/monalisa/Downloads/Smestre7/sistemas-tempo-real/FreeRTOS_PICO2350/src/FreeRTOS/event_groups.c.o
                0x0000000010006254                xEventGroupSetBits
 .text.xEventGroupSetBitsFromISR
                0x00000000100062bc       0x1c CMakeFiles/pratica07.dir/home/monalisa/Downloads/Smestre7/sistemas-tempo-real/FreeRTOS_PICO2350/src/FreeRTOS/event_groups.c.o
                0x00000000100062bc                xEventGroupSetBitsFromISR
 .text.vListInitialise
                0x00000000100062d8       0x18 CMakeFiles/pratica07.dir/home/monalisa/Downloads/Smestre7/sistemas-tempo-real/FreeRTOS_PICO2350/src/FreeRTOS/list.c.o
                0x00000000100062d8                vListInitialise
 .text.vListInitialiseItem
                0x00000000100062f0        0x8 CMakeFiles/pratica07.dir/home/monalisa/Downloads/Smestre7/sistemas-tempo-real/FreeRTOS_PICO2350/src/FreeRTOS/list.c.o
                0x00000000100062f0                vListInitialiseItem
 .text.vListInsertEnd
                0x00000000100062f8       0x20 CMakeFiles/pratica07.dir/home/monalisa/Downloads/Smestre7/sistemas-tempo-real/FreeRTOS_PICO2350/src/FreeRTOS/list.c.o
                0x00000000100062f8                vListInsertEnd
 .text.vListInsert
                0x0000000010006318       0x30 CMakeFiles/pratica07.dir/home/monalisa/Downloads/Smestre7/sistemas-tempo-real/FreeRTOS_PICO2350/src/FreeRTOS/list.c.o
                0x0000000010006318                vListInsert
 .text.uxListRemove
                0x0000000010006348       0x28 CMakeFiles/pratica07.dir/home/monalisa/Downloads/Smestre7/sistemas-tempo-real/FreeRTOS_PICO2350/src/FreeRTOS/list.c.o
                0x0000000010006348                uxListRemove
 .text.prvCopyDataToQueue
                0x0000000010006370       0x70 CMakeFiles/pratica07.dir/home/monalisa/Downloads/Smestre7/sistemas-tempo-real/FreeRTOS_PICO2350/src/FreeRTOS/queue.c.o
 .text.prvUnlockQueue
                0x00000000100063e0      0x140 CMakeFiles/pratica07.dir/home/monalisa/Downloads/Smestre7/sistemas-tempo-real/FreeRTOS_PICO2350/src/FreeRTOS/queue.c.o
 .text.prvNotifyQueueSetContainer
                0x0000000010006520       0x8c CMakeFiles/pratica07.dir/home/monalisa/Downloads/Smestre7/sistemas-tempo-real/FreeRTOS_PICO2350/src/FreeRTOS/queue.c.o
 .text.xQueueGenericCreate
                0x00000000100065ac       0x80 CMakeFiles/pratica07.dir/home/monalisa/Downloads/Smestre7/sistemas-tempo-real/FreeRTOS_PICO2350/src/FreeRTOS/queue.c.o
                0x00000000100065ac                xQueueGenericCreate
 .text.xQueueGenericSendFromISR
                0x000000001000662c       0xac CMakeFiles/pratica07.dir/home/monalisa/Downloads/Smestre7/sistemas-tempo-real/FreeRTOS_PICO2350/src/FreeRTOS/queue.c.o
                0x000000001000662c                xQueueGenericSendFromISR
 .text.xQueueReceive
                0x00000000100066d8      0x104 CMakeFiles/pratica07.dir/home/monalisa/Downloads/Smestre7/sistemas-tempo-real/FreeRTOS_PICO2350/src/FreeRTOS/queue.c.o
                0x00000000100066d8                xQueueReceive
 .text.vQueueAddToRegistry
                0x00000000100067dc      0x120 CMakeFiles/pratica07.dir/home/monalisa/Downloads/Smestre7/sistemas-tempo-real/FreeRTOS_PICO2350/src/FreeRTOS/queue.c.o
                0x00000000100067dc                vQueueAddToRegistry
 .text.vQueueWaitForMessageRestricted
                0x00000000100068fc       0x50 CMakeFiles/pratica07.dir/home/monalisa/Downloads/Smestre7/sistemas-tempo-real/FreeRTOS_PICO2350/src/FreeRTOS/queue.c.o
                0x00000000100068fc                vQueueWaitForMessageRestricted
 .text.prvPassiveIdleTask
                0x000000001000694c       0x20 CMakeFiles/pratica07.dir/home/monalisa/Downloads/Smestre7/sistemas-tempo-real/FreeRTOS_PICO2350/src/FreeRTOS/tasks.c.o
 .text.prvYieldForTask
                0x000000001000696c       0xcc CMakeFiles/pratica07.dir/home/monalisa/Downloads/Smestre7/sistemas-tempo-real/FreeRTOS_PICO2350/src/FreeRTOS/tasks.c.o
 .text.vTaskExitCritical.part.0
                0x0000000010006a38       0x8c CMakeFiles/pratica07.dir/home/monalisa/Downloads/Smestre7/sistemas-tempo-real/FreeRTOS_PICO2350/src/FreeRTOS/tasks.c.o
 .text.prvCheckForRunStateChange
                0x0000000010006ac4      0x160 CMakeFiles/pratica07.dir/home/monalisa/Downloads/Smestre7/sistemas-tempo-real/FreeRTOS_PICO2350/src/FreeRTOS/tasks.c.o
 .text.vTaskSuspendAll.part.0
                0x0000000010006c24      0x104 CMakeFiles/pratica07.dir/home/monalisa/Downloads/Smestre7/sistemas-tempo-real/FreeRTOS_PICO2350/src/FreeRTOS/tasks.c.o
 .text.prvCheckTasksWaitingTermination
                0x0000000010006d28      0x1a8 CMakeFiles/pratica07.dir/home/monalisa/Downloads/Smestre7/sistemas-tempo-real/FreeRTOS_PICO2350/src/FreeRTOS/tasks.c.o
 .text.prvIdleTask
                0x0000000010006ed0       0x1c CMakeFiles/pratica07.dir/home/monalisa/Downloads/Smestre7/sistemas-tempo-real/FreeRTOS_PICO2350/src/FreeRTOS/tasks.c.o
 .text.prvAddCurrentTaskToDelayedList
                0x0000000010006eec      0x13c CMakeFiles/pratica07.dir/home/monalisa/Downloads/Smestre7/sistemas-tempo-real/FreeRTOS_PICO2350/src/FreeRTOS/tasks.c.o
 .text.vTaskSuspendAll
                0x0000000010007028       0x10 CMakeFiles/pratica07.dir/home/monalisa/Downloads/Smestre7/sistemas-tempo-real/FreeRTOS_PICO2350/src/FreeRTOS/tasks.c.o
                0x0000000010007028                vTaskSuspendAll
 .text.xTaskGetTickCount
                0x0000000010007038        0xc CMakeFiles/pratica07.dir/home/monalisa/Downloads/Smestre7/sistemas-tempo-real/FreeRTOS_PICO2350/src/FreeRTOS/tasks.c.o
                0x0000000010007038                xTaskGetTickCount
 .text.uxTaskGetNumberOfTasks
                0x0000000010007044        0xc CMakeFiles/pratica07.dir/home/monalisa/Downloads/Smestre7/sistemas-tempo-real/FreeRTOS_PICO2350/src/FreeRTOS/tasks.c.o
                0x0000000010007044                uxTaskGetNumberOfTasks
 .text.xTaskIncrementTick
                0x0000000010007050      0x278 CMakeFiles/pratica07.dir/home/monalisa/Downloads/Smestre7/sistemas-tempo-real/FreeRTOS_PICO2350/src/FreeRTOS/tasks.c.o
                0x0000000010007050                xTaskIncrementTick
 .text.vTaskSwitchContext
                0x00000000100072c8      0x2f8 CMakeFiles/pratica07.dir/home/monalisa/Downloads/Smestre7/sistemas-tempo-real/FreeRTOS_PICO2350/src/FreeRTOS/tasks.c.o
                0x00000000100072c8                vTaskSwitchContext
 .text.vTaskPlaceOnEventList
                0x00000000100075c0       0x34 CMakeFiles/pratica07.dir/home/monalisa/Downloads/Smestre7/sistemas-tempo-real/FreeRTOS_PICO2350/src/FreeRTOS/tasks.c.o
                0x00000000100075c0                vTaskPlaceOnEventList
 .text.vTaskPlaceOnUnorderedEventList
                0x00000000100075f4       0xa0 CMakeFiles/pratica07.dir/home/monalisa/Downloads/Smestre7/sistemas-tempo-real/FreeRTOS_PICO2350/src/FreeRTOS/tasks.c.o
                0x00000000100075f4                vTaskPlaceOnUnorderedEventList
 .text.vTaskPlaceOnEventListRestricted
                0x0000000010007694       0x9c CMakeFiles/pratica07.dir/home/monalisa/Downloads/Smestre7/sistemas-tempo-real/FreeRTOS_PICO2350/src/FreeRTOS/tasks.c.o
                0x0000000010007694                vTaskPlaceOnEventListRestricted
 .text.xTaskRemoveFromEventList
                0x0000000010007730       0xc8 CMakeFiles/pratica07.dir/home/monalisa/Downloads/Smestre7/sistemas-tempo-real/FreeRTOS_PICO2350/src/FreeRTOS/tasks.c.o
                0x0000000010007730                xTaskRemoveFromEventList
 .text.vTaskInternalSetTimeOutState
                0x00000000100077f8       0x18 CMakeFiles/pratica07.dir/home/monalisa/Downloads/Smestre7/sistemas-tempo-real/FreeRTOS_PICO2350/src/FreeRTOS/tasks.c.o
                0x00000000100077f8                vTaskInternalSetTimeOutState
 .text.vTaskMissedYield
                0x0000000010007810       0x14 CMakeFiles/pratica07.dir/home/monalisa/Downloads/Smestre7/sistemas-tempo-real/FreeRTOS_PICO2350/src/FreeRTOS/tasks.c.o
                0x0000000010007810                vTaskMissedYield
 .text.xTaskGetCurrentTaskHandle
                0x0000000010007824       0x20 CMakeFiles/pratica07.dir/home/monalisa/Downloads/Smestre7/sistemas-tempo-real/FreeRTOS_PICO2350/src/FreeRTOS/tasks.c.o
                0x0000000010007824                xTaskGetCurrentTaskHandle
 .text.xTaskPriorityDisinherit
                0x0000000010007844       0xc4 CMakeFiles/pratica07.dir/home/monalisa/Downloads/Smestre7/sistemas-tempo-real/FreeRTOS_PICO2350/src/FreeRTOS/tasks.c.o
                0x0000000010007844                xTaskPriorityDisinherit
 .text.vTaskYieldWithinAPI
                0x0000000010007908       0x24 CMakeFiles/pratica07.dir/home/monalisa/Downloads/Smestre7/sistemas-tempo-real/FreeRTOS_PICO2350/src/FreeRTOS/tasks.c.o
                0x0000000010007908                vTaskYieldWithinAPI
 .text.vTaskEnterCritical
                0x000000001000792c      0x11c CMakeFiles/pratica07.dir/home/monalisa/Downloads/Smestre7/sistemas-tempo-real/FreeRTOS_PICO2350/src/FreeRTOS/tasks.c.o
                0x000000001000792c                vTaskEnterCritical
 .text.prvAddNewTaskToReadyList
                0x0000000010007a48       0xf4 CMakeFiles/pratica07.dir/home/monalisa/Downloads/Smestre7/sistemas-tempo-real/FreeRTOS_PICO2350/src/FreeRTOS/tasks.c.o
 .text.xTaskCreate
                0x0000000010007b3c      0x180 CMakeFiles/pratica07.dir/home/monalisa/Downloads/Smestre7/sistemas-tempo-real/FreeRTOS_PICO2350/src/FreeRTOS/tasks.c.o
                0x0000000010007b3c                xTaskCreate
 .text.xTaskCreateAffinitySet
                0x0000000010007cbc      0x17c CMakeFiles/pratica07.dir/home/monalisa/Downloads/Smestre7/sistemas-tempo-real/FreeRTOS_PICO2350/src/FreeRTOS/tasks.c.o
                0x0000000010007cbc                xTaskCreateAffinitySet
 .text.vTaskStartScheduler
                0x0000000010007e38      0x14c CMakeFiles/pratica07.dir/home/monalisa/Downloads/Smestre7/sistemas-tempo-real/FreeRTOS_PICO2350/src/FreeRTOS/tasks.c.o
                0x0000000010007e38                vTaskStartScheduler
 .text.xTaskResumeAll.part.0
                0x0000000010007f84      0x170 CMakeFiles/pratica07.dir/home/monalisa/Downloads/Smestre7/sistemas-tempo-real/FreeRTOS_PICO2350/src/FreeRTOS/tasks.c.o
 .text.xTaskResumeAll
                0x00000000100080f4       0x10 CMakeFiles/pratica07.dir/home/monalisa/Downloads/Smestre7/sistemas-tempo-real/FreeRTOS_PICO2350/src/FreeRTOS/tasks.c.o
                0x00000000100080f4                xTaskResumeAll
 .text.vTaskDelay
                0x0000000010008104       0x68 CMakeFiles/pratica07.dir/home/monalisa/Downloads/Smestre7/sistemas-tempo-real/FreeRTOS_PICO2350/src/FreeRTOS/tasks.c.o
                0x0000000010008104                vTaskDelay
 .text.vTaskRemoveFromUnorderedEventList
                0x000000001000816c       0x9c CMakeFiles/pratica07.dir/home/monalisa/Downloads/Smestre7/sistemas-tempo-real/FreeRTOS_PICO2350/src/FreeRTOS/tasks.c.o
                0x000000001000816c                vTaskRemoveFromUnorderedEventList
 .text.xTaskCheckForTimeOut
                0x0000000010008208       0xa8 CMakeFiles/pratica07.dir/home/monalisa/Downloads/Smestre7/sistemas-tempo-real/FreeRTOS_PICO2350/src/FreeRTOS/tasks.c.o
                0x0000000010008208                xTaskCheckForTimeOut
 .text.vTaskEnterCriticalFromISR
                0x00000000100082b0       0x94 CMakeFiles/pratica07.dir/home/monalisa/Downloads/Smestre7/sistemas-tempo-real/FreeRTOS_PICO2350/src/FreeRTOS/tasks.c.o
                0x00000000100082b0                vTaskEnterCriticalFromISR
 .text.vTaskExitCritical
                0x0000000010008344       0x98 CMakeFiles/pratica07.dir/home/monalisa/Downloads/Smestre7/sistemas-tempo-real/FreeRTOS_PICO2350/src/FreeRTOS/tasks.c.o
                0x0000000010008344                vTaskExitCritical
 .text.vTaskExitCriticalFromISR
                0x00000000100083dc       0x64 CMakeFiles/pratica07.dir/home/monalisa/Downloads/Smestre7/sistemas-tempo-real/FreeRTOS_PICO2350/src/FreeRTOS/tasks.c.o
                0x00000000100083dc                vTaskExitCriticalFromISR
 .text.uxTaskResetEventItemValue
                0x0000000010008440       0x44 CMakeFiles/pratica07.dir/home/monalisa/Downloads/Smestre7/sistemas-tempo-real/FreeRTOS_PICO2350/src/FreeRTOS/tasks.c.o
                0x0000000010008440                uxTaskResetEventItemValue
 .text.prvTimerTask
                0x0000000010008484      0x36c CMakeFiles/pratica07.dir/home/monalisa/Downloads/Smestre7/sistemas-tempo-real/FreeRTOS_PICO2350/src/FreeRTOS/timers.c.o
 .text.xTimerCreateTimerTask
                0x00000000100087f0       0x8c CMakeFiles/pratica07.dir/home/monalisa/Downloads/Smestre7/sistemas-tempo-real/FreeRTOS_PICO2350/src/FreeRTOS/timers.c.o
                0x00000000100087f0                xTimerCreateTimerTask
 .text.xTimerPendFunctionCallFromISR
                0x000000001000887c       0x30 CMakeFiles/pratica07.dir/home/monalisa/Downloads/Smestre7/sistemas-tempo-real/FreeRTOS_PICO2350/src/FreeRTOS/timers.c.o
                0x000000001000887c                xTimerPendFunctionCallFromISR
 .text.exception_set_exclusive_handler
                0x00000000100088ac       0x4c CMakeFiles/pratica07.dir/home/monalisa/Downloads/Smestre7/sistemas-tempo-real/freertos-pico/pico-sdk/src/rp2_common/hardware_exception/exception.c.o
                0x00000000100088ac                exception_set_exclusive_handler
 .text.core1_trampoline
                0x00000000100088f8        0x4 CMakeFiles/pratica07.dir/home/monalisa/Downloads/Smestre7/sistemas-tempo-real/freertos-pico/pico-sdk/src/rp2_common/pico_multicore/multicore.c.o
 .text.core1_wrapper
                0x00000000100088fc       0x10 CMakeFiles/pratica07.dir/home/monalisa/Downloads/Smestre7/sistemas-tempo-real/freertos-pico/pico-sdk/src/rp2_common/pico_multicore/multicore.c.o
                0x00000000100088fc                core1_wrapper
 .text.multicore_launch_core1_raw
                0x000000001000890c       0x88 CMakeFiles/pratica07.dir/home/monalisa/Downloads/Smestre7/sistemas-tempo-real/freertos-pico/pico-sdk/src/rp2_common/pico_multicore/multicore.c.o
                0x000000001000890c                multicore_launch_core1_raw
 .text.multicore_launch_core1
                0x0000000010008994       0x44 CMakeFiles/pratica07.dir/home/monalisa/Downloads/Smestre7/sistemas-tempo-real/freertos-pico/pico-sdk/src/rp2_common/pico_multicore/multicore.c.o
                0x0000000010008994                multicore_launch_core1
 .text.multicore_doorbell_claim_unused
                0x00000000100089d8       0xf8 CMakeFiles/pratica07.dir/home/monalisa/Downloads/Smestre7/sistemas-tempo-real/freertos-pico/pico-sdk/src/rp2_common/pico_multicore/multicore.c.o
                0x00000000100089d8                multicore_doorbell_claim_unused
 .text.pvPortMalloc
                0x0000000010008ad0      0x108 CMakeFiles/pratica07.dir/home/monalisa/Downloads/Smestre7/sistemas-tempo-real/FreeRTOS_PICO2350/src/FreeRTOS/portable/MemMang/heap_4.c.o
                0x0000000010008ad0                pvPortMalloc
 .text.vPortFree
                0x0000000010008bd8       0x94 CMakeFiles/pratica07.dir/home/monalisa/Downloads/Smestre7/sistemas-tempo-real/FreeRTOS_PICO2350/src/FreeRTOS/portable/MemMang/heap_4.c.o
                0x0000000010008bd8                vPortFree
 .text.xPortGetFreeHeapSize
                0x0000000010008c6c        0xc CMakeFiles/pratica07.dir/home/monalisa/Downloads/Smestre7/sistemas-tempo-real/FreeRTOS_PICO2350/src/FreeRTOS/portable/MemMang/heap_4.c.o
                0x0000000010008c6c                xPortGetFreeHeapSize
 .text          0x0000000010008c78       0xec /opt/arm-toolchain/bin/../lib/gcc/arm-none-eabi/10.3.1/../../../../arm-none-eabi/lib/thumb/v8-m.main+fp/softfp/libg.a(lib_a-memcpy.o)
                0x0000000010008c78                memcpy
 .text.memset   0x0000000010008d64       0xa4 /opt/arm-toolchain/bin/../lib/gcc/arm-none-eabi/10.3.1/../../../../arm-none-eabi/lib/thumb/v8-m.main+fp/softfp/libg.a(lib_a-memset.o)
                0x0000000010008d64                memset
 .text.strlen   0x0000000010008e08       0x5c /opt/arm-toolchain/bin/../lib/gcc/arm-none-eabi/10.3.1/../../../../arm-none-eabi/lib/thumb/v8-m.main+fp/softfp/libg.a(lib_a-strlen-stub.o)
                0x0000000010008e08                strlen
 *(.fini)
 .fini          0x0000000010008e64        0x4 /opt/arm-toolchain/bin/../lib/gcc/arm-none-eabi/10.3.1/thumb/v8-m.main+fp/softfp/crti.o
                0x0000000010008e64                _fini
 .fini.__stub   0x0000000010008e68       0xc0 linker stubs
 *crtbegin.o(.ctors)
 *crtbegin?.o(.ctors)
 *(EXCLUDE_FILE(*crtend.o *crtend?.o) .ctors)
 *(SORT_BY_NAME(.ctors.*))
 *(.ctors)
 *crtbegin.o(.dtors)
 *crtbegin?.o(.dtors)
 *(EXCLUDE_FILE(*crtend.o *crtend?.o) .dtors)
 *(SORT_BY_NAME(.dtors.*))
 *(.dtors)
                0x0000000010008f28                . = ALIGN (0x4)
                0x0000000010008f28                PROVIDE (__preinit_array_start = .)
 *(SORT_BY_NAME(.preinit_array.*))
 .preinit_array.00050
                0x0000000010008f28        0x4 CMakeFiles/pratica07.dir/home/monalisa/Downloads/Smestre7/sistemas-tempo-real/freertos-pico/pico-sdk/src/rp2_common/pico_runtime_init/runtime_init.c.o
                0x0000000010008f28                __pre_init_runtime_init_bootrom_reset
 .preinit_array.00100
                0x0000000010008f2c        0x4 CMakeFiles/pratica07.dir/home/monalisa/Downloads/Smestre7/sistemas-tempo-real/freertos-pico/pico-sdk/src/rp2_common/pico_runtime_init/runtime_init.c.o
                0x0000000010008f2c                __pre_init_runtime_init_early_resets
 .preinit_array.00101
                0x0000000010008f30        0x4 CMakeFiles/pratica07.dir/home/monalisa/Downloads/Smestre7/sistemas-tempo-real/freertos-pico/pico-sdk/src/rp2_common/pico_runtime_init/runtime_init.c.o
                0x0000000010008f30                __pre_init_runtime_init_usb_power_down
 .preinit_array.00500
                0x0000000010008f34        0x4 CMakeFiles/pratica07.dir/home/monalisa/Downloads/Smestre7/sistemas-tempo-real/freertos-pico/pico-sdk/src/rp2_common/pico_runtime_init/runtime_init.c.o
                0x0000000010008f34                __pre_init_runtime_init_clocks
 .preinit_array.00600
                0x0000000010008f38        0x4 CMakeFiles/pratica07.dir/home/monalisa/Downloads/Smestre7/sistemas-tempo-real/freertos-pico/pico-sdk/src/rp2_common/pico_runtime_init/runtime_init.c.o
                0x0000000010008f38                __pre_init_runtime_init_post_clock_resets
 .preinit_array.01000
                0x0000000010008f3c        0x4 CMakeFiles/pratica07.dir/home/monalisa/Downloads/Smestre7/sistemas-tempo-real/freertos-pico/pico-sdk/src/rp2_common/hardware_boot_lock/boot_lock.c.o
                0x0000000010008f3c                __pre_init_runtime_init_boot_locks_reset
 .preinit_array.01000
                0x0000000010008f40        0x4 CMakeFiles/pratica07.dir/home/monalisa/Downloads/Smestre7/sistemas-tempo-real/freertos-pico/pico-sdk/src/rp2_common/pico_runtime_init/runtime_init.c.o
                0x0000000010008f40                __pre_init_runtime_init_spin_locks_reset
 .preinit_array.01010
                0x0000000010008f44        0x4 CMakeFiles/pratica07.dir/home/monalisa/Downloads/Smestre7/sistemas-tempo-real/freertos-pico/pico-sdk/src/rp2_common/pico_bootrom/bootrom_lock.c.o
                0x0000000010008f44                __pre_init_runtime_init_bootrom_locking_enable
 .preinit_array.01100
                0x0000000010008f48        0x4 CMakeFiles/pratica07.dir/home/monalisa/Downloads/Smestre7/sistemas-tempo-real/freertos-pico/pico-sdk/src/common/pico_sync/mutex.c.o
                0x0000000010008f48                __pre_init_runtime_init_mutex
 .preinit_array.10080
                0x0000000010008f4c        0x4 CMakeFiles/pratica07.dir/home/monalisa/Downloads/Smestre7/sistemas-tempo-real/freertos-pico/pico-sdk/src/rp2_common/pico_runtime_init/runtime_init.c.o
                0x0000000010008f4c                __pre_init_runtime_init_install_ram_vector_table
 .preinit_array.11000
                0x0000000010008f50        0x4 CMakeFiles/pratica07.dir/home/monalisa/Downloads/Smestre7/sistemas-tempo-real/freertos-pico/pico-sdk/src/common/pico_time/time.c.o
                0x0000000010008f50                __pre_init_runtime_init_default_alarm_pool
 .preinit_array.YYYYY
                0x0000000010008f54        0x4 CMakeFiles/pratica07.dir/home/monalisa/Downloads/Smestre7/sistemas-tempo-real/freertos-pico/pico-sdk/src/rp2_common/pico_runtime/runtime.c.o
                0x0000000010008f54                __pre_init_first_per_core_initializer
 .preinit_array.ZZZZZ.00051
                0x0000000010008f58        0x4 CMakeFiles/pratica07.dir/home/monalisa/Downloads/Smestre7/sistemas-tempo-real/freertos-pico/pico-sdk/src/rp2_common/pico_runtime_init/runtime_init.c.o
                0x0000000010008f58                __pre_init_runtime_init_per_core_bootrom_reset
 .preinit_array.ZZZZZ.00200
                0x0000000010008f5c        0x4 CMakeFiles/pratica07.dir/home/monalisa/Downloads/Smestre7/sistemas-tempo-real/freertos-pico/pico-sdk/src/rp2_common/pico_runtime_init/runtime_init.c.o
                0x0000000010008f5c                __pre_init_runtime_init_per_core_enable_coprocessors
 .preinit_array.ZZZZZ.01000
                0x0000000010008f60        0x4 CMakeFiles/pratica07.dir/home/monalisa/Downloads/Smestre7/sistemas-tempo-real/freertos-pico/pico-sdk/src/rp2_common/hardware_sync_spin_lock/sync_spin_lock.c.o
                0x0000000010008f60                __pre_init_spinlock_set_extexclall
 .preinit_array.ZZZZZ.01200
                0x0000000010008f64        0x4 CMakeFiles/pratica07.dir/home/monalisa/Downloads/Smestre7/sistemas-tempo-real/freertos-pico/pico-sdk/src/rp2_common/hardware_irq/irq.c.o
                0x0000000010008f64                __pre_init_runtime_init_per_core_irq_priorities
 *(.preinit_array)
                0x0000000010008f68                PROVIDE (__preinit_array_end = .)
                0x0000000010008f68                . = ALIGN (0x4)
                0x0000000010008f68                PROVIDE (__init_array_start = .)
 *(SORT_BY_NAME(.init_array.*))
 *(.init_array)
 .init_array    0x0000000010008f68        0x4 /opt/arm-toolchain/bin/../lib/gcc/arm-none-eabi/10.3.1/thumb/v8-m.main+fp/softfp/crtbegin.o
 .init_array    0x0000000010008f6c        0x4 CMakeFiles/pratica07.dir/home/monalisa/Downloads/Smestre7/sistemas-tempo-real/freertos-pico/pico-sdk/src/rp2_common/pico_unique_id/unique_id.c.o
 .init_array    0x0000000010008f70        0x4 CMakeFiles/pratica07.dir/home/monalisa/Downloads/Smestre7/sistemas-tempo-real/FreeRTOS_PICO2350/src/FreeRTOS/portable/ThirdParty/GCC/RP2350_ARM_NTZ/non_secure/port.c.o
                0x0000000010008f74                PROVIDE (__init_array_end = .)
                0x0000000010008f74                . = ALIGN (0x4)
                [!provide]                        PROVIDE (__fini_array_start = .)
 *(SORT_BY_NAME(.fini_array.*))
 *(.fini_array)
                [!provide]                        PROVIDE (__fini_array_end = .)
 *(.eh_frame*)
 .eh_frame      0x0000000010008f74        0x0 /opt/arm-toolchain/bin/../lib/gcc/arm-none-eabi/10.3.1/thumb/v8-m.main+fp/softfp/crtbegin.o
                0x0000000010008f74                . = ALIGN (0x4)

.glue_7         0x0000000010008f74        0x0
 .glue_7        0x0000000010008f74        0x0 linker stubs

.glue_7t        0x0000000010008f74        0x0
 .glue_7t       0x0000000010008f74        0x0 linker stubs

.vfp11_veneer   0x0000000010008f74        0x0
 .vfp11_veneer  0x0000000010008f74        0x0 linker stubs

.v4_bx          0x0000000010008f74        0x0
 .v4_bx         0x0000000010008f74        0x0 linker stubs

.iplt           0x0000000010008f74        0x0
 .iplt          0x0000000010008f74        0x0 /opt/arm-toolchain/bin/../lib/gcc/arm-none-eabi/10.3.1/thumb/v8-m.main+fp/softfp/crtbegin.o

.boot2          0x0000000010008f74        0x0
                0x0000000010008f74                __boot2_start__ = .
 *(.boot2)
                0x0000000010008f74                __boot2_end__ = .
                0x0000000000000001                ASSERT (((__boot2_end__ - __boot2_start__) <= 0x100), ERROR: Pico second stage bootloader must be no more than 256 bytes in size)

.rodata         0x0000000010008f78      0x4dc
 *(EXCLUDE_FILE(*libm.a: *libc.a:*lib_a-mem*.o *libgcc.a:) .rodata*)
 .rodata.taskfour.str1.4
                0x0000000010008f78       0x9a CMakeFiles/pratica07.dir/main.c.o
 *fill*         0x0000000010009012        0x2 
 .rodata.tasktree.str1.4
                0x0000000010009014        0x9 CMakeFiles/pratica07.dir/main.c.o
 *fill*         0x000000001000901d        0x3 
 .rodata.tasktwo.str1.4
                0x0000000010009020        0x8 CMakeFiles/pratica07.dir/main.c.o
 .rodata.taskone.str1.4
                0x0000000010009028        0x8 CMakeFiles/pratica07.dir/main.c.o
 .rodata.main.str1.4
                0x0000000010009030        0xd CMakeFiles/pratica07.dir/main.c.o
 *fill*         0x000000001000903d        0x3 
 .rodata.panic.str1.4
                0x0000000010009040       0x10 CMakeFiles/pratica07.dir/home/monalisa/Downloads/Smestre7/sistemas-tempo-real/freertos-pico/pico-sdk/src/rp2_common/pico_platform_panic/panic.c.o
                                         0x12 (size before relaxing)
 .rodata.spin_lock_claim.str1.4
                0x0000000010009050       0x1f CMakeFiles/pratica07.dir/home/monalisa/Downloads/Smestre7/sistemas-tempo-real/freertos-pico/pico-sdk/src/rp2_common/hardware_sync/sync.c.o
 *fill*         0x000000001000906f        0x1 
 .rodata.spin_lock_claim_unused.str1.4
                0x0000000010009070       0x1b CMakeFiles/pratica07.dir/home/monalisa/Downloads/Smestre7/sistemas-tempo-real/freertos-pico/pico-sdk/src/rp2_common/hardware_sync/sync.c.o
 *fill*         0x000000001000908b        0x1 
 .rodata.user_irq_claim_unused.str1.4