Archive member included to satisfy reference by file (symbol)

/opt/arm-toolchain/bin/../lib/gcc/arm-none-eabi/10.3.1/../../../../arm-none-eabi/lib/thumb/v8-m.main+fp/softfp/libm.a(lib_a-wf_sqrt.o)
                              CMakeFiles/pratica05.dir/home/monalisa/Downloads/Smestre7/sistemas-tempo-real/freertos-pico/pico-sdk/src/rp2_common/pico_float/float_math.c.o (sqrtf)
/opt/arm-toolchain/bin/../lib/gcc/arm-none-eabi/10.3.1/../../../../arm-none-eabi/lib/thumb/v8-m.main+fp/softfp/libm.a(lib_a-ef_sqrt.o)
                              /opt/arm-toolchain/bin/../lib/gcc/arm-none-eabi/10.3.1/../../../../arm-none-eabi/lib/thumb/v8-m.main+fp/softfp/libm.a(lib_a-wf_sqrt.o) (__ieee754_sqrtf)
/opt/arm-toolchain/bin/../lib/gcc/arm-none-eabi/10.3.1/thumb/v8-m.main+fp/softfp/libgcc.a(_arm_addsubdf3.o)
                              CMakeFiles/pratica05.dir/home/monalisa/Downloads/Smestre7/sistemas-tempo-real/freertos-pico/pico-sdk/src/rp2_common/pico_float/float_math.c.o (__aeabi_f2d)
/opt/arm-toolchain/bin/../lib/gcc/arm-none-eabi/10.3.1/thumb/v8-m.main+fp/softfp/libgcc.a(_aeabi_ldivmod.o)
                              CMakeFiles/pratica05.dir/home/monalisa/Downloads/Smestre7/sistemas-tempo-real/freertos-pico/pico-sdk/src/common/pico_time/time.c.o (__aeabi_ldivmod)
/opt/arm-toolchain/bin/../lib/gcc/arm-none-eabi/10.3.1/thumb/v8-m.main+fp/softfp/libgcc.a(_aeabi_uldivmod.o)
                              CMakeFiles/pratica05.dir/home/monalisa/Downloads/Smestre7/sistemas-tempo-real/freertos-pico/pico-sdk/src/rp2_common/hardware_clocks/clocks.c.o (__aeabi_uldivmod)
/opt/arm-toolchain/bin/../lib/gcc/arm-none-eabi/10.3.1/thumb/v8-m.main+fp/softfp/libgcc.a(_udivmoddi4.o)
                              /opt/arm-toolchain/bin/../lib/gcc/arm-none-eabi/10.3.1/thumb/v8-m.main+fp/softfp/libgcc.a(_aeabi_ldivmod.o) (__udivmoddi4)
/opt/arm-toolchain/bin/../lib/gcc/arm-none-eabi/10.3.1/thumb/v8-m.main+fp/softfp/libgcc.a(_dvmd_tls.o)
                              /opt/arm-toolchain/bin/../lib/gcc/arm-none-eabi/10.3.1/thumb/v8-m.main+fp/softfp/libgcc.a(_aeabi_ldivmod.o) (__aeabi_ldiv0)
/opt/arm-toolchain/bin/../lib/gcc/arm-none-eabi/10.3.1/../../../../arm-none-eabi/lib/thumb/v8-m.main+fp/softfp/libg.a(lib_a-calloc.o)
                              CMakeFiles/pratica05.dir/home/monalisa/Downloads/Smestre7/sistemas-tempo-real/freertos-pico/pico-sdk/src/rp2_common/pico_malloc/malloc.c.o (calloc)
/opt/arm-toolchain/bin/../lib/gcc/arm-none-eabi/10.3.1/../../../../arm-none-eabi/lib/thumb/v8-m.main+fp/softfp/libg.a(lib_a-callocr.o)
                              /opt/arm-toolchain/bin/../lib/gcc/arm-none-eabi/10.3.1/../../../../arm-none-eabi/lib/thumb/v8-m.main+fp/softfp/libg.a(lib_a-calloc.o) (_calloc_r)
/opt/arm-toolchain/bin/../lib/gcc/arm-none-eabi/10.3.1/../../../../arm-none-eabi/lib/thumb/v8-m.main+fp/softfp/libg.a(lib_a-errno.o)
                              /opt/arm-toolchain/bin/../lib/gcc/arm-none-eabi/10.3.1/../../../../arm-none-eabi/lib/thumb/v8-m.main+fp/softfp/libm.a(lib_a-wf_sqrt.o) (__errno)
/opt/arm-toolchain/bin/../lib/gcc/arm-none-eabi/10.3.1/../../../../arm-none-eabi/lib/thumb/v8-m.main+fp/softfp/libg.a(lib_a-impure.o)
                              /opt/arm-toolchain/bin/../lib/gcc/arm-none-eabi/10.3.1/../../../../arm-none-eabi/lib/thumb/v8-m.main+fp/softfp/libg.a(lib_a-calloc.o) (_impure_ptr)
/opt/arm-toolchain/bin/../lib/gcc/arm-none-eabi/10.3.1/../../../../arm-none-eabi/lib/thumb/v8-m.main+fp/softfp/libg.a(lib_a-init.o)
                              /opt/arm-toolchain/bin/../lib/gcc/arm-none-eabi/10.3.1/../../../../arm-none-eabi/lib/thumb/v8-m.main+fp/softfp/crt0.o (__libc_init_array)
/opt/arm-toolchain/bin/../lib/gcc/arm-none-eabi/10.3.1/../../../../arm-none-eabi/lib/thumb/v8-m.main+fp/softfp/libg.a(lib_a-lcltime_r.o)
                              CMakeFiles/pratica05.dir/home/monalisa/Downloads/Smestre7/sistemas-tempo-real/freertos-pico/pico-sdk/src/common/pico_util/datetime.c.o (localtime_r)
/opt/arm-toolchain/bin/../lib/gcc/arm-none-eabi/10.3.1/../../../../arm-none-eabi/lib/thumb/v8-m.main+fp/softfp/libg.a(lib_a-malloc.o)
                              CMakeFiles/pratica05.dir/home/monalisa/Downloads/Smestre7/sistemas-tempo-real/freertos-pico/pico-sdk/src/rp2_common/pico_malloc/malloc.c.o (malloc)
/opt/arm-toolchain/bin/../lib/gcc/arm-none-eabi/10.3.1/../../../../arm-none-eabi/lib/thumb/v8-m.main+fp/softfp/libg.a(lib_a-mallocr.o)
                              /opt/arm-toolchain/bin/../lib/gcc/arm-none-eabi/10.3.1/../../../../arm-none-eabi/lib/thumb/v8-m.main+fp/softfp/libg.a(lib_a-callocr.o) (_malloc_r)
/opt/arm-toolchain/bin/../lib/gcc/arm-none-eabi/10.3.1/../../../../arm-none-eabi/lib/thumb/v8-m.main+fp/softfp/libg.a(lib_a-memcmp.o)
                              CMakeFiles/pratica05.dir/home/monalisa/Downloads/Smestre7/sistemas-tempo-real/freertos-pico/pico-sdk/src/rp2_common/pico_atomic/atomic.c.o (memcmp)
[...]
Memory Configuration

Name             Origin             Length             Attributes
FLASH            0x0000000010000000 0x0000000000400000 xr
RAM              0x0000000020000000 0x0000000000080000 xrw
SCRATCH_X        0x0000000020080000 0x0000000000001000 xrw
SCRATCH_Y        0x0000000020081000 0x0000000000001000 xrw
*default*        0x0000000000000000 0xffffffffffffffff

Linker script and memory map

LOAD /opt/arm-toolchain/bin/../lib/gcc/arm-none-eabi/10.3.1/thumb/v8-m.main+fp/softfp/crti.o
LOAD /opt/arm-toolchain/bin/../lib/gcc/arm-none-eabi/10.3.1/thumb/v8-m.main+fp/softfp/crtbegin.o
LOAD /opt/arm-toolchain/bin/../lib/gcc/arm-none-eabi/10.3.1/../../../../arm-none-eabi/lib/thumb/v8-m.main+fp/softfp/crt0.o

.flash_begin    0x0000000010000000        0x0
                0x0000000010000000                __flash_binary_start = .

.text           0x0000000010000000     0x7ddc
                0x0000000010000000                __logical_binary_start = .
 *(.vectors)
 .vectors       0x0000000010000000      0x124 CMakeFiles/pratica05.dir/home/monalisa/Downloads/Smestre7/sistemas-tempo-real/freertos-pico/pico-sdk/src/rp2_common/pico_crt0/crt0.S.o
                0x0000000010000000                __vectors
                0x0000000010000000                __VECTOR_TABLE
                0x0000000010000110                isr_invalid
                0x0000000010000110                __default_isrs_start
                0x0000000010000112                isr_nmi
                0x0000000010000114                isr_hardfault
                0x0000000010000116                isr_svcall
                0x0000000010000118                isr_pendsv
                0x000000001000011a                isr_systick
                0x000000001000011c                isr_irq30
                0x000000001000011c                __unhandled_user_irq
                0x000000001000011c                isr_irq49
                0x000000001000011c                isr_irq13
                0x000000001000011c                isr_irq43
                0x000000001000011c                isr_irq45
                0x000000001000011c                isr_irq27
                0x000000001000011c                isr_irq32
                0x000000001000011c                isr_irq31
                0x000000001000011c                isr_irq5
                0x000000001000011c                isr_irq11
                0x000000001000011c                isr_irq23
                0x000000001000011c                isr_irq48
                0x000000001000011c                isr_irq35
                0x000000001000011c                isr_irq18
                0x000000001000011c                isr_irq50
                0x000000001000011c                isr_irq40
                0x000000001000011c                isr_irq28
                0x000000001000011c                isr_irq19
                0x000000001000011c                isr_irq36
                0x000000001000011c                isr_irq41
                0x000000001000011c                isr_irq0
                0x000000001000011c                isr_irq6
                0x000000001000011c                isr_irq37
                0x000000001000011c                isr_irq42
                0x000000001000011c                isr_irq22
                0x000000001000011c                isr_irq17
                0x000000001000011c                isr_irq38
                0x000000001000011c                isr_irq14
                0x000000001000011c                isr_irq2
                0x000000001000011c                isr_irq10
                0x000000001000011c                isr_irq8
                0x000000001000011c                isr_irq24
                0x000000001000011c                isr_irq46
                0x000000001000011c                isr_irq1
                0x000000001000011c                isr_irq47
                0x000000001000011c                isr_irq51
                0x000000001000011c                isr_irq7
                0x000000001000011c                isr_irq21
                0x000000001000011c                isr_irq39
                0x000000001000011c                isr_irq20
                0x000000001000011c                isr_irq15
                0x000000001000011c                isr_irq25
                0x000000001000011c                isr_irq34
                0x000000001000011c                isr_irq4
                0x000000001000011c                isr_irq16
                0x000000001000011c                isr_irq44
                0x000000001000011c                isr_irq29
                0x000000001000011c                isr_irq26
                0x000000001000011c                __default_isrs_end
                0x000000001000011c                isr_irq33
                0x000000001000011c                isr_irq3
                0x000000001000011c                isr_irq12
                0x000000001000011c                isr_irq9
                0x0000000010000122                unhandled_user_irq_num_in_r0
 *(.binary_info_header)
 .binary_info_header
                0x0000000010000124       0x14 CMakeFiles/pratica05.dir/home/monalisa/Downloads/Smestre7/sistemas-tempo-real/freertos-pico/pico-sdk/src/rp2_common/pico_crt0/crt0.S.o
                0x0000000010000138                __binary_info_header_end = .
 *(.embedded_block)
 .embedded_block
                0x0000000010000138       0x14 CMakeFiles/pratica05.dir/home/monalisa/Downloads/Smestre7/sistemas-tempo-real/freertos-pico/pico-sdk/src/rp2_common/pico_crt0/crt0.S.o
                0x000000001000014c                __embedded_block_end = .
 *(.reset)
 .reset         0x000000001000014c       0xa0 CMakeFiles/pratica05.dir/home/monalisa/Downloads/Smestre7/sistemas-tempo-real/freertos-pico/pico-sdk/src/rp2_common/pico_crt0/crt0.S.o
                0x000000001000014c                _entry_point
 *(.init)
 .init          0x00000000100001ec        0x4 /opt/arm-toolchain/bin/../lib/gcc/arm-none-eabi/10.3.1/thumb/v8-m.main+fp/softfp/crti.o
                0x00000000100001ec                _init
 *libgcc.a:cmse_nonsecure_call.o()
 *(EXCLUDE_FILE(*libm.a: *libc.a:*lib_a-mem*.o *libgcc.a:) .text*)
 .text          0x00000000100001f0       0x40 /opt/arm-toolchain/bin/../lib/gcc/arm-none-eabi/10.3.1/thumb/v8-m.main+fp/softfp/crtbegin.o
 .text.button_isr
                0x0000000010000230       0x50 CMakeFiles/pratica05.dir/main.c.o
                0x0000000010000230                button_isr
 .text.vLedTask
                0x0000000010000280       0x38 CMakeFiles/pratica05.dir/main.c.o
                0x0000000010000280                vLedTask
 .text.app_main
                0x00000000100002b8       0x7c CMakeFiles/pratica05.dir/main.c.o
                0x00000000100002b8                app_main
 .text.startup.main
                0x0000000010000334        0x8 CMakeFiles/pratica05.dir/main.c.o
                0x0000000010000334                main
 .text.gpio_default_irq_handler
                0x000000001000033c      0x1cc CMakeFiles/pratica05.dir/home/monalisa/Downloads/Smestre7/sistemas-tempo-real/freertos-pico/pico-sdk/src/rp2_common/hardware_gpio/gpio.c.o
 .text.gpio_set_pulls
                0x0000000010000508       0x34 CMakeFiles/pratica05.dir/home/monalisa/Downloads/Smestre7/sistemas-tempo-real/freertos-pico/pico-sdk/src/rp2_common/hardware_gpio/gpio.c.o
                0x0000000010000508                gpio_set_pulls
 .text.gpio_set_irq_enabled_with_callback
                0x000000001000053c       0xa8 CMakeFiles/pratica05.dir/home/monalisa/Downloads/Smestre7/sistemas-tempo-real/freertos-pico/pico-sdk/src/rp2_common/hardware_gpio/gpio.c.o
                0x000000001000053c                gpio_set_irq_enabled_with_callback
 .text.gpio_init
                0x00000000100005e4       0x44 CMakeFiles/pratica05.dir/home/monalisa/Downloads/Smestre7/sistemas-tempo-real/freertos-pico/pico-sdk/src/rp2_common/hardware_gpio/gpio.c.o
                0x00000000100005e4                gpio_init
 .text.panic    0x0000000010000628       0x30 CMakeFiles/pratica05.dir/home/monalisa/Downloads/Smestre7/sistemas-tempo-real/freertos-pico/pico-sdk/src/rp2_common/pico_platform_panic/panic.c.o
                0x0000000010000628                panic
 .text.hw_claim_lock
                0x0000000010000658       0x24 CMakeFiles/pratica05.dir/home/monalisa/Downloads/Smestre7/sistemas-tempo-real/freertos-pico/pico-sdk/src/common/hardware_claim/claim.c.o
                0x0000000010000658                hw_claim_lock
 .text.hw_claim_unlock
                0x000000001000067c       0x14 CMakeFiles/pratica05.dir/home/monalisa/Downloads/Smestre7/sistemas-tempo-real/freertos-pico/pico-sdk/src/common/hardware_claim/claim.c.o
                0x000000001000067c                hw_claim_unlock
 .text.hw_claim_or_assert
                0x0000000010000690       0x5c CMakeFiles/pratica05.dir/home/monalisa/Downloads/Smestre7/sistemas-tempo-real/freertos-pico/pico-sdk/src/common/hardware_claim/claim.c.o
                0x0000000010000690                hw_claim_or_assert
 .text.hw_claim_unused_from_range
                0x00000000100006ec       0x9c CMakeFiles/pratica05.dir/home/monalisa/Downloads/Smestre7/sistemas-tempo-real/freertos-pico/pico-sdk/src/common/hardware_claim/claim.c.o
                0x00000000100006ec                hw_claim_unused_from_range
 .text.next_striped_spin_lock_num
                0x0000000010000788       0x18 CMakeFiles/pratica05.dir/home/monalisa/Downloads/Smestre7/sistemas-tempo-real/freertos-pico/pico-sdk/src/rp2_common/hardware_sync/sync.c.o
                0x0000000010000788                next_striped_spin_lock_num
 .text.spin_lock_claim
                0x00000000100007a0       0x14 CMakeFiles/pratica05.dir/home/monalisa/Downloads/Smestre7/sistemas-tempo-real/freertos-pico/pico-sdk/src/rp2_common/hardware_sync/sync.c.o
                0x00000000100007a0                spin_lock_claim
 .text.spin_lock_claim_unused
                0x00000000100007b4       0x20 CMakeFiles/pratica05.dir/home/monalisa/Downloads/Smestre7/sistemas-tempo-real/freertos-pico/pico-sdk/src/rp2_common/hardware_sync/sync.c.o
                0x00000000100007b4                spin_lock_claim_unused
 .text.spinlock_set_extexclall
                0x00000000100007d4       0x10 CMakeFiles/pratica05.dir/home/monalisa/Downloads/Smestre7/sistemas-tempo-real/freertos-pico/pico-sdk/src/rp2_common/hardware_sync_spin_lock/sync_spin_lock.c.o
 .text.spin_locks_reset
                0x00000000100007e4       0x18 CMakeFiles/pratica05.dir/home/monalisa/Downloads/Smestre7/sistemas-tempo-real/freertos-pico/pico-sdk/src/rp2_common/hardware_sync_spin_lock/sync_spin_lock.c.o
                0x00000000100007e4                spin_locks_reset
 .text.runtime_init_per_core_irq_priorities
                0x00000000100007fc       0x40 CMakeFiles/pratica05.dir/home/monalisa/Downloads/Smestre7/sistemas-tempo-real/freertos-pico/pico-sdk/src/rp2_common/hardware_irq/irq.c.o
                0x00000000100007fc                runtime_init_per_core_irq_priorities
 .text.irq_set_enabled
                0x000000001000083c       0x2c CMakeFiles/pratica05.dir/home/monalisa/Downloads/Smestre7/sistemas-tempo-real/freertos-pico/pico-sdk/src/rp2_common/hardware_irq/irq.c.o
                0x000000001000083c                irq_set_enabled
 .text.irq_is_enabled
                0x0000000010000868       0x20 CMakeFiles/pratica05.dir/home/monalisa/Downloads/Smestre7/sistemas-tempo-real/freertos-pico/pico-sdk/src/rp2_common/hardware_irq/irq.c.o
                0x0000000010000868                irq_is_enabled
 .text.irq_set_pending
                0x0000000010000888       0x1c CMakeFiles/pratica05.dir/home/monalisa/Downloads/Smestre7/sistemas-tempo-real/freertos-pico/pico-sdk/src/rp2_common/hardware_irq/irq.c.o
                0x0000000010000888                irq_set_pending
 .text.irq_has_shared_handler
                0x00000000100008a4       0x20 CMakeFiles/pratica05.dir/home/monalisa/Downloads/Smestre7/sistemas-tempo-real/freertos-pico/pico-sdk/src/rp2_common/hardware_irq/irq.c.o
                0x00000000100008a4                irq_has_shared_handler
 .text.irq_set_exclusive_handler
                0x00000000100008c4       0x60 CMakeFiles/pratica05.dir/home/monalisa/Downloads/Smestre7/sistemas-tempo-real/freertos-pico/pico-sdk/src/rp2_common/hardware_irq/irq.c.o
                0x00000000100008c4                irq_set_exclusive_handler
 .text.irq_add_shared_handler
                0x0000000010000924      0x1e8 CMakeFiles/pratica05.dir/home/monalisa/Downloads/Smestre7/sistemas-tempo-real/freertos-pico/pico-sdk/src/rp2_common/hardware_irq/irq.c.o
                0x0000000010000924                irq_add_shared_handler
 .text.irq_remove_handler
                0x0000000010000b0c      0x1ec CMakeFiles/pratica05.dir/home/monalisa/Downloads/Smestre7/sistemas-tempo-real/freertos-pico/pico-sdk/src/rp2_common/hardware_irq/irq.c.o
                0x0000000010000b0c                irq_remove_handler
 .text.irq_set_priority
                0x0000000010000cf8       0x28 CMakeFiles/pratica05.dir/home/monalisa/Downloads/Smestre7/sistemas-tempo-real/freertos-pico/pico-sdk/src/rp2_common/hardware_irq/irq.c.o
                0x0000000010000cf8                irq_set_priority
 .text.irq_add_tail_to_free_list
                0x0000000010000d20       0xbc CMakeFiles/pratica05.dir/home/monalisa/Downloads/Smestre7/sistemas-tempo-real/freertos-pico/pico-sdk/src/rp2_common/hardware_irq/irq.c.o
                0x0000000010000d20                irq_add_tail_to_free_list
 .text.user_irq_claim_unused
                0x0000000010000ddc       0x28 CMakeFiles/pratica05.dir/home/monalisa/Downloads/Smestre7/sistemas-tempo-real/freertos-pico/pico-sdk/src/rp2_common/hardware_irq/irq.c.o
                0x0000000010000ddc                user_irq_claim_unused
 .text.lock_init
                0x0000000010000e04        0xc CMakeFiles/pratica05.dir/home/monalisa/Downloads/Smestre7/sistemas-tempo-real/freertos-pico/pico-sdk/src/common/pico_sync/lock_core.c.o
                0x0000000010000e04                lock_init
 .text.runtime_init_mutex
                0x0000000010000e10       0x64 CMakeFiles/pratica05.dir/home/monalisa/Downloads/Smestre7/sistemas-tempo-real/freertos-pico/pico-sdk/src/common/pico_sync/mutex.c.o
                0x0000000010000e10                runtime_init_mutex
 .text.mutex_init
                0x0000000010000e74       0x1c CMakeFiles/pratica05.dir/home/monalisa/Downloads/Smestre7/sistemas-tempo-real/freertos-pico/pico-sdk/src/common/pico_sync/mutex.c.o
                0x0000000010000e74                mutex_init
 .text.critical_section_init
                0x0000000010000e90       0x1c CMakeFiles/pratica05.dir/home/monalisa/Downloads/Smestre7/sistemas-tempo-real/freertos-pico/pico-sdk/src/common/pico_sync/critical_section.c.o
                0x0000000010000e90                critical_section_init
 .text.critical_section_init_with_lock_num
                0x0000000010000eac       0x10 CMakeFiles/pratica05.dir/home/monalisa/Downloads/Smestre7/sistemas-tempo-real/freertos-pico/pico-sdk/src/common/pico_sync/critical_section.c.o
                0x0000000010000eac                critical_section_init_with_lock_num
 *fill*         0x0000000010000ebc        0x4 
 .text.alarm_pool_irq_handler
                0x0000000010000ec0      0x300 CMakeFiles/pratica05.dir/home/monalisa/Downloads/Smestre7/sistemas-tempo-real/freertos-pico/pico-sdk/src/common/pico_time/time.c.o
 .text.sleep_until_callback
                0x00000000100011c0       0x34 CMakeFiles/pratica05.dir/home/monalisa/Downloads/Smestre7/sistemas-tempo-real/freertos-pico/pico-sdk/src/common/pico_time/time.c.o
 .text.runtime_init_default_alarm_pool
                0x00000000100011f4      0x100 CMakeFiles/pratica05.dir/home/monalisa/Downloads/Smestre7/sistemas-tempo-real/freertos-pico/pico-sdk/src/common/pico_time/time.c.o
                0x00000000100011f4                runtime_init_default_alarm_pool
 .text.alarm_pool_get_default
                0x00000000100012f4        0x8 CMakeFiles/pratica05.dir/home/monalisa/Downloads/Smestre7/sistemas-tempo-real/freertos-pico/pico-sdk/src/common/pico_time/time.c.o
                0x00000000100012f4                alarm_pool_get_default
 .text.alarm_pool_add_alarm_at
                0x00000000100012fc       0xdc CMakeFiles/pratica05.dir/home/monalisa/Downloads/Smestre7/sistemas-tempo-real/freertos-pico/pico-sdk/src/common/pico_time/time.c.o
                0x00000000100012fc                alarm_pool_add_alarm_at
 .text.alarm_pool_add_alarm_at_force_in_context
                0x00000000100013d8       0xc4 CMakeFiles/pratica05.dir/home/monalisa/Downloads/Smestre7/sistemas-tempo-real/freertos-pico/pico-sdk/src/common/pico_time/time.c.o
                0x00000000100013d8                alarm_pool_add_alarm_at_force_in_context
 .text.alarm_pool_cancel_alarm
                0x000000001000149c       0x80 CMakeFiles/pratica05.dir/home/monalisa/Downloads/Smestre7/sistemas-tempo-real/freertos-pico/pico-sdk/src/common/pico_time/time.c.o
                0x000000001000149c                alarm_pool_cancel_alarm
 .text.alarm_pool_core_num
                0x000000001000151c        0x4 CMakeFiles/pratica05.dir/home/monalisa/Downloads/Smestre7/sistemas-tempo-real/freertos-pico/pico-sdk/src/common/pico_time/time.c.o
                0x000000001000151c                alarm_pool_core_num
 .text.best_effort_wfe_or_timeout
                0x0000000010001520       0xdc CMakeFiles/pratica05.dir/home/monalisa/Downloads/Smestre7/sistemas-tempo-real/freertos-pico/pico-sdk/src/common/pico_time/time.c.o
                0x0000000010001520                best_effort_wfe_or_timeout
 .text.timer_hardware_alarm_claim
                0x00000000100015fc       0x24 CMakeFiles/pratica05.dir/home/monalisa/Downloads/Smestre7/sistemas-tempo-real/freertos-pico/pico-sdk/src/rp2_common/hardware_timer/timer.c.o
                0x00000000100015fc                timer_hardware_alarm_claim
 .text.timer_time_us_64
                0x0000000010001620       0x10 CMakeFiles/pratica05.dir/home/monalisa/Downloads/Smestre7/sistemas-tempo-real/freertos-pico/pico-sdk/src/rp2_common/hardware_timer/timer.c.o
                0x0000000010001620                timer_time_us_64
 .text.time_us_64
                0x0000000010001630       0x14 CMakeFiles/pratica05.dir/home/monalisa/Downloads/Smestre7/sistemas-tempo-real/freertos-pico/pico-sdk/src/rp2_common/hardware_timer/timer.c.o
                0x0000000010001630                time_us_64
 .text.clock_configure_undivided
                0x0000000010001644       0xd0 CMakeFiles/pratica05.dir/home/monalisa/Downloads/Smestre7/sistemas-tempo-real/freertos-pico/pico-sdk/src/rp2_common/hardware_clocks/clocks.c.o
                0x0000000010001644                clock_configure_undivided
 .text.clock_get_hz
                0x0000000010001714        0xc CMakeFiles/pratica05.dir/home/monalisa/Downloads/Smestre7/sistemas-tempo-real/freertos-pico/pico-sdk/src/rp2_common/hardware_clocks/clocks.c.o
                0x0000000010001714                clock_get_hz
 .text.pll_init
                0x0000000010001720       0x8c CMakeFiles/pratica05.dir/home/monalisa/Downloads/Smestre7/sistemas-tempo-real/freertos-pico/pico-sdk/src/rp2_common/hardware_pll/pll.c.o
                0x0000000010001720                pll_init
 .text.watchdog_reboot
                0x00000000100017ac       0x9c CMakeFiles/pratica05.dir/home/monalisa/Downloads/Smestre7/sistemas-tempo-real/freertos-pico/pico-sdk/src/rp2_common/hardware_watchdog/watchdog.c.o
                0x00000000100017ac                watchdog_reboot
 .text.tick_start
                0x0000000010001848       0x18 CMakeFiles/pratica05.dir/home/monalisa/Downloads/Smestre7/sistemas-tempo-real/freertos-pico/pico-sdk/src/rp2_common/hardware_ticks/ticks.c.o
                0x0000000010001848                tick_start
 .text.rom_reboot.constprop.0.isra.0
                0x0000000010001860       0x38 CMakeFiles/pratica05.dir/home/monalisa/Downloads/Smestre7/sistemas-tempo-real/freertos-pico/pico-sdk/src/rp2_common/pico_bootrom/bootrom.c.o
 .text.rom_func_lookup
                0x0000000010001898       0x18 CMakeFiles/pratica05.dir/home/monalisa/Downloads/Smestre7/sistemas-tempo-real/freertos-pico/pico-sdk/src/rp2_common/pico_bootrom/bootrom.c.o
                0x0000000010001898                rom_func_lookup
 .text.rom_reset_usb_boot_extra
                0x00000000100018b0       0x1c CMakeFiles/pratica05.dir/home/monalisa/Downloads/Smestre7/sistemas-tempo-real/freertos-pico/pico-sdk/src/rp2_common/pico_bootrom/bootrom.c.o
                0x00000000100018b0                rom_reset_usb_boot_extra
 .text.runtime_init_bootrom_locking_enable
                0x00000000100018cc       0x14 CMakeFiles/pratica05.dir/home/monalisa/Downloads/Smestre7/sistemas-tempo-real/freertos-pico/pico-sdk/src/rp2_common/pico_bootrom/bootrom_lock.c.o
                0x00000000100018cc                runtime_init_bootrom_locking_enable
 .text.runtime_init_boot_locks_reset
                0x00000000100018e0       0x1c CMakeFiles/pratica05.dir/home/monalisa/Downloads/Smestre7/sistemas-tempo-real/freertos-pico/pico-sdk/src/rp2_common/hardware_boot_lock/boot_lock.c.o
                0x00000000100018e0                runtime_init_boot_locks_reset
 .text.xosc_init
                0x00000000100018fc       0x30 CMakeFiles/pratica05.dir/home/monalisa/Downloads/Smestre7/sistemas-tempo-real/freertos-pico/pico-sdk/src/rp2_common/hardware_xosc/xosc.c.o
                0x00000000100018fc                xosc_init
 .text.first_per_core_initializer
                0x000000001000192c        0x4 CMakeFiles/pratica05.dir/home/monalisa/Downloads/Smestre7/sistemas-tempo-real/freertos-pico/pico-sdk/src/rp2_common/pico_runtime/runtime.c.o
 .text.hard_assertion_failure
                0x0000000010001930        0xc CMakeFiles/pratica05.dir/home/monalisa/Downloads/Smestre7/sistemas-tempo-real/freertos-pico/pico-sdk/src/rp2_common/pico_runtime/runtime.c.o
                0x0000000010001930                hard_assertion_failure
 .text.runtime_run_initializers
                0x000000001000193c       0x20 CMakeFiles/pratica05.dir/home/monalisa/Downloads/Smestre7/sistemas-tempo-real/freertos-pico/pico-sdk/src/rp2_common/pico_runtime/runtime.c.o
                0x000000001000193c                runtime_run_initializers
 .text.runtime_run_per_core_initializers
                0x000000001000195c       0x20 CMakeFiles/pratica05.dir/home/monalisa/Downloads/Smestre7/sistemas-tempo-real/freertos-pico/pico-sdk/src/rp2_common/pico_runtime/runtime.c.o
                0x000000001000195c                runtime_run_per_core_initializers
 .text.runtime_init_early_resets
                0x000000001000197c       0x34 CMakeFiles/pratica05.dir/home/monalisa/Downloads/Smestre7/sistemas-tempo-real/freertos-pico/pico-sdk/src/rp2_common/pico_runtime_init/runtime_init.c.o
                0x000000001000197c                runtime_init_early_resets
 .text.runtime_init_usb_power_down
                0x00000000100019b0       0x1c CMakeFiles/pratica05.dir/home/monalisa/Downloads/Smestre7/sistemas-tempo-real/freertos-pico/pico-sdk/src/rp2_common/pico_runtime_init/runtime_init.c.o
                0x00000000100019b0                runtime_init_usb_power_down
 .text.runtime_init_per_core_enable_coprocessors
                0x00000000100019cc       0x1c CMakeFiles/pratica05.dir/home/monalisa/Downloads/Smestre7/sistemas-tempo-real/freertos-pico/pico-sdk/src/rp2_common/pico_runtime_init/runtime_init.c.o
                0x00000000100019cc                runtime_init_per_core_enable_coprocessors
 .text.runtime_init_post_clock_resets
                0x00000000100019e8       0x20 CMakeFiles/pratica05.dir/home/monalisa/Downloads/Smestre7/sistemas-tempo-real/freertos-pico/pico-sdk/src/rp2_common/pico_runtime_init/runtime_init.c.o
                0x00000000100019e8                runtime_init_post_clock_resets
 .text.runtime_init_bootrom_reset
                0x0000000010001a08       0x14 CMakeFiles/pratica05.dir/home/monalisa/Downloads/Smestre7/sistemas-tempo-real/freertos-pico/pico-sdk/src/rp2_common/pico_runtime_init/runtime_init.c.o
                0x0000000010001a08                runtime_init_bootrom_reset
 .text.runtime_init_per_core_bootrom_reset
                0x0000000010001a1c       0x14 CMakeFiles/pratica05.dir/home/monalisa/Downloads/Smestre7/sistemas-tempo-real/freertos-pico/pico-sdk/src/rp2_common/pico_runtime_init/runtime_init.c.o
                0x0000000010001a1c                runtime_init_per_core_bootrom_reset
 .text.runtime_init_spin_locks_reset
                0x0000000010001a30        0x4 CMakeFiles/pratica05.dir/home/monalisa/Downloads/Smestre7/sistemas-tempo-real/freertos-pico/pico-sdk/src/rp2_common/pico_runtime_init/runtime_init.c.o
                0x0000000010001a30                runtime_init_spin_locks_reset
 .text.runtime_init_install_ram_vector_table
                0x0000000010001a34       0x20 CMakeFiles/pratica05.dir/home/monalisa/Downloads/Smestre7/sistemas-tempo-real/freertos-pico/pico-sdk/src/rp2_common/pico_runtime_init/runtime_init.c.o
                0x0000000010001a34                runtime_init_install_ram_vector_table
 .text.runtime_init_clocks
                0x0000000010001a54       0xdc CMakeFiles/pratica05.dir/home/monalisa/Downloads/Smestre7/sistemas-tempo-real/freertos-pico/pico-sdk/src/rp2_common/pico_runtime_init/runtime_init_clocks.c.o
                0x0000000010001a54                runtime_init_clocks
 .text._out_char
                0x0000000010001b30        0x8 CMakeFiles/pratica05.dir/home/monalisa/Downloads/Smestre7/sistemas-tempo-real/freertos-pico/pico-sdk/src/rp2_common/pico_printf/printf.c.o
 .text.weak_raw_vprintf
                0x0000000010001b38       0x30 CMakeFiles/pratica05.dir/home/monalisa/Downloads/Smestre7/sistemas-tempo-real/freertos-pico/pico-sdk/src/rp2_common/pico_printf/printf.c.o
                0x0000000010001b38                weak_raw_vprintf
 .text._exit    0x0000000010001b68        0x4 CMakeFiles/pratica05.dir/home/monalisa/Downloads/Smestre7/sistemas-tempo-real/freertos-pico/pico-sdk/src/rp2_common/pico_clib_interface/newlib_interface.c.o
                0x0000000010001b68                _exit
 .text.exit     0x0000000010001b6c        0x8 CMakeFiles/pratica05.dir/home/monalisa/Downloads/Smestre7/sistemas-tempo-real/freertos-pico/pico-sdk/src/rp2_common/pico_clib_interface/newlib_interface.c.o
                0x0000000010001b6c                exit
 .text.runtime_init
                0x0000000010001b74       0x24 CMakeFiles/pratica05.dir/home/monalisa/Downloads/Smestre7/sistemas-tempo-real/freertos-pico/pico-sdk/src/rp2_common/pico_clib_interface/newlib_interface.c.o
                0x0000000010001b74                runtime_init
 .text.stdio_out_chars_no_crlf
                0x0000000010001b98        0x8 CMakeFiles/pratica05.dir/home/monalisa/Downloads/Smestre7/sistemas-tempo-real/freertos-pico/pico-sdk/src/rp2_common/pico_stdio/stdio.c.o
 .text.stdio_out_chars_crlf
                0x0000000010001ba0       0xac CMakeFiles/pratica05.dir/home/monalisa/Downloads/Smestre7/sistemas-tempo-real/freertos-pico/pico-sdk/src/rp2_common/pico_stdio/stdio.c.o
 .text.stdio_put_string
                0x0000000010001c4c       0xe8 CMakeFiles/pratica05.dir/home/monalisa/Downloads/Smestre7/sistemas-tempo-real/freertos-pico/pico-sdk/src/rp2_common/pico_stdio/stdio.c.o
                0x0000000010001c4c                stdio_put_string
 .text.stdio_set_driver_enabled
                0x0000000010001d34       0x28 CMakeFiles/pratica05.dir/home/monalisa/Downloads/Smestre7/sistemas-tempo-real/freertos-pico/pico-sdk/src/rp2_common/pico_stdio/stdio.c.o
                0x0000000010001d34                stdio_set_driver_enabled
 .text.stdio_init_all
                0x0000000010001d5c        0x4 CMakeFiles/pratica05.dir/home/monalisa/Downloads/Smestre7/sistemas-tempo-real/freertos-pico/pico-sdk/src/rp2_common/pico_stdio/stdio.c.o
                0x0000000010001d5c                stdio_init_all
 .text.__wrap_putchar
                0x0000000010001d60       0x7c CMakeFiles/pratica05.dir/home/monalisa/Downloads/Smestre7/sistemas-tempo-real/freertos-pico/pico-sdk/src/rp2_common/pico_stdio/stdio.c.o
                0x0000000010001d60                stdio_putchar
                0x0000000010001d60                __wrap_putchar
 .text.__wrap_puts
                0x0000000010001ddc       0x3c CMakeFiles/pratica05.dir/home/monalisa/Downloads/Smestre7/sistemas-tempo-real/freertos-pico/pico-sdk/src/rp2_common/pico_stdio/stdio.c.o
                0x0000000010001ddc                __wrap_puts
                0x0000000010001ddc                stdio_puts
 .text.resetd_init
                0x0000000010001e18        0x4 CMakeFiles/pratica05.dir/home/monalisa/Downloads/Smestre7/sistemas-tempo-real/freertos-pico/pico-sdk/src/rp2_common/pico_stdio_usb/reset_interface.c.o
 .text.resetd_reset
                0x0000000010001e1c        0xc CMakeFiles/pratica05.dir/home/monalisa/Downloads/Smestre7/sistemas-tempo-real/freertos-pico/pico-sdk/src/rp2_common/pico_stdio_usb/reset_interface.c.o
 .text.resetd_open
                0x0000000010001e28       0x28 CMakeFiles/pratica05.dir/home/monalisa/Downloads/Smestre7/sistemas-tempo-real/freertos-pico/pico-sdk/src/rp2_common/pico_stdio_usb/reset_interface.c.o
 .text.resetd_xfer_cb
                0x0000000010001e50        0x4 CMakeFiles/pratica05.dir/home/monalisa/Downloads/Smestre7/sistemas-tempo-real/freertos-pico/pico-sdk/src/rp2_common/pico_stdio_usb/reset_interface.c.o
 .text.resetd_control_xfer_cb
                0x0000000010001e54       0x54 CMakeFiles/pratica05.dir/home/monalisa/Downloads/Smestre7/sistemas-tempo-real/freertos-pico/pico-sdk/src/rp2_common/pico_stdio_usb/reset_interface.c.o
 .text.tud_descriptor_bos_cb
                0x0000000010001ea8        0x8 CMakeFiles/pratica05.dir/home/monalisa/Downloads/Smestre7/sistemas-tempo-real/freertos-pico/pico-sdk/src/rp2_common/pico_stdio_usb/reset_interface.c.o
                0x0000000010001ea8                tud_descriptor_bos_cb
 .text.tud_vendor_control_xfer_cb
                0x0000000010001eb0       0x28 CMakeFiles/pratica05.dir/home/monalisa/Downloads/Smestre7/sistemas-tempo-real/freertos-pico/pico-sdk/src/rp2_common/pico_stdio_usb/reset_interface.c.o
                0x0000000010001eb0                tud_vendor_control_xfer_cb
 .text.usbd_app_driver_get_cb
                0x0000000010001ed8       0x10 CMakeFiles/pratica05.dir/home/monalisa/Downloads/Smestre7/sistemas-tempo-real/freertos-pico/pico-sdk/src/rp2_common/pico_stdio_usb/reset_interface.c.o
                0x0000000010001ed8                usbd_app_driver_get_cb
 .text.tud_cdc_line_coding_cb
                0x0000000010001ee8       0x18 CMakeFiles/pratica05.dir/home/monalisa/Downloads/Smestre7/sistemas-tempo-real/freertos-pico/pico-sdk/src/rp2_common/pico_stdio_usb/reset_interface.c.o
                0x0000000010001ee8                tud_cdc_line_coding_cb
 .text.stdio_usb_set_chars_available_callback
                0x0000000010001f00       0x14 CMakeFiles/pratica05.dir/home/monalisa/Downloads/Smestre7/sistemas-tempo-real/freertos-pico/pico-sdk/src/rp2_common/pico_stdio_usb/stdio_usb.c.o
                0x0000000010001f00                stdio_usb_set_chars_available_callback
 .text.timer_task
                0x0000000010001f14       0x70 CMakeFiles/pratica05.dir/home/monalisa/Downloads/Smestre7/sistemas-tempo-real/freertos-pico/pico-sdk/src/rp2_common/pico_stdio_usb/stdio_usb.c.o
 .text.usb_irq  0x0000000010001f84        0xc CMakeFiles/pratica05.dir/home/monalisa/Downloads/Smestre7/sistemas-tempo-real/freertos-pico/pico-sdk/src/rp2_common/pico_stdio_usb/stdio_usb.c.o
 .text.stdio_usb_in_chars
                0x0000000010001f90       0x84 CMakeFiles/pratica05.dir/home/monalisa/Downloads/Smestre7/sistemas-tempo-real/freertos-pico/pico-sdk/src/rp2_common/pico_stdio_usb/stdio_usb.c.o
                0x0000000010001f90                stdio_usb_in_chars
 .text.stdio_usb_out_flush
                0x0000000010002014       0x4c CMakeFiles/pratica05.dir/home/monalisa/Downloads/Smestre7/sistemas-tempo-real/freertos-pico/pico-sdk/src/rp2_common/pico_stdio_usb/stdio_usb.c.o
 .text.stdio_usb_out_chars
                0x0000000010002060       0xf0 CMakeFiles/pratica05.dir/home/monalisa/Downloads/Smestre7/sistemas-tempo-real/freertos-pico/pico-sdk/src/rp2_common/pico_stdio_usb/stdio_usb.c.o
 .text.low_priority_worker_irq
                0x0000000010002150       0xc8 CMakeFiles/pratica05.dir/home/monalisa/Downloads/Smestre7/sistemas-tempo-real/freertos-pico/pico-sdk/src/rp2_common/pico_stdio_usb/stdio_usb.c.o
 .text.stdio_usb_init
                0x0000000010002218       0xdc CMakeFiles/pratica05.dir/home/monalisa/Downloads/Smestre7/sistemas-tempo-real/freertos-pico/pico-sdk/src/rp2_common/pico_stdio_usb/stdio_usb.c.o
                0x0000000010002218                stdio_usb_init
 .text.tud_descriptor_device_cb
                0x00000000100022f4        0x8 CMakeFiles/pratica05.dir/home/monalisa/Downloads/Smestre7/sistemas-tempo-real/freertos-pico/pico-sdk/src/rp2_common/pico_stdio_usb/stdio_usb_descriptors.c.o
                0x00000000100022f4                tud_descriptor_device_cb
 .text.tud_descriptor_configuration_cb
                0x00000000100022fc        0x8 CMakeFiles/pratica05.dir/home/monalisa/Downloads/Smestre7/sistemas-tempo-real/freertos-pico/pico-sdk/src/rp2_common/pico_stdio_usb/stdio_usb_descriptors.c.o
                0x00000000100022fc                tud_descriptor_configuration_cb
 .text.tud_descriptor_string_cb
                0x0000000010002304       0x78 CMakeFiles/pratica05.dir/home/monalisa/Downloads/Smestre7/sistemas-tempo-real/freertos-pico/pico-sdk/src/rp2_common/pico_stdio_usb/stdio_usb_descriptors.c.o
                0x0000000010002304                tud_descriptor_string_cb
 .text.startup._retrieve_unique_id_on_boot
                0x000000001000237c       0x30 CMakeFiles/pratica05.dir/home/monalisa/Downloads/Smestre7/sistemas-tempo-real/freertos-pico/pico-sdk/src/rp2_common/pico_unique_id/unique_id.c.o
 .text.pico_get_unique_board_id_string
                0x00000000100023ac      0x180 CMakeFiles/pratica05.dir/home/monalisa/Downloads/Smestre7/sistemas-tempo-real/freertos-pico/pico-sdk/src/rp2_common/pico_unique_id/unique_id.c.o
                0x00000000100023ac                pico_get_unique_board_id_string
 .text.dcd_init
                0x000000001000252c       0x94 CMakeFiles/pratica05.dir/home/monalisa/Downloads/Smestre7/sistemas-tempo-real/freertos-pico/pico-sdk/lib/tinyusb/src/portable/raspberrypi/rp2040/dcd_rp2040.c.o
                0x000000001000252c                dcd_init
 .text.dcd_int_enable
                0x00000000100025c0        0x8 CMakeFiles/pratica05.dir/home/monalisa/Downloads/Smestre7/sistemas-tempo-real/freertos-pico/pico-sdk/lib/tinyusb/src/portable/raspberrypi/rp2040/dcd_rp2040.c.o
                0x00000000100025c0                dcd_int_enable
 .text.dcd_set_address
                0x00000000100025c8       0x10 CMakeFiles/pratica05.dir/home/monalisa/Downloads/Smestre7/sistemas-tempo-real/freertos-pico/pico-sdk/lib/tinyusb/src/portable/raspberrypi/rp2040/dcd_rp2040.c.o
                0x00000000100025c8                dcd_set_address
 .text.dcd_sof_enable
                0x00000000100025d8       0x1c CMakeFiles/pratica05.dir/home/monalisa/Downloads/Smestre7/sistemas-tempo-real/freertos-pico/pico-sdk/lib/tinyusb/src/portable/raspberrypi/rp2040/dcd_rp2040.c.o
                0x00000000100025d8                dcd_sof_enable
 .text.dcd_edpt0_status_complete
                0x00000000100025f4       0x1c CMakeFiles/pratica05.dir/home/monalisa/Downloads/Smestre7/sistemas-tempo-real/freertos-pico/pico-sdk/lib/tinyusb/src/portable/raspberrypi/rp2040/dcd_rp2040.c.o
                0x00000000100025f4                dcd_edpt0_status_complete
 .text.dcd_edpt_open
                0x0000000010002610      0x110 CMakeFiles/pratica05.dir/home/monalisa/Downloads/Smestre7/sistemas-tempo-real/freertos-pico/pico-sdk/lib/tinyusb/src/portable/raspberrypi/rp2040/dcd_rp2040.c.o
                0x0000000010002610                dcd_edpt_open
 .text.dcd_edpt_close_all
                0x0000000010002720        0x4 CMakeFiles/pratica05.dir/home/monalisa/Downloads/Smestre7/sistemas-tempo-real/freertos-pico/pico-sdk/lib/tinyusb/src/portable/raspberrypi/rp2040/dcd_rp2040.c.o
                0x0000000010002720                dcd_edpt_close_all
 .text.dcd_edpt_xfer
                0x0000000010002724       0x28 CMakeFiles/pratica05.dir/home/monalisa/Downloads/Smestre7/sistemas-tempo-real/freertos-pico/pico-sdk/lib/tinyusb/src/portable/raspberrypi/rp2040/dcd_rp2040.c.o
                0x0000000010002724                dcd_edpt_xfer
 .text.dcd_edpt_stall
                0x000000001000274c       0x30 CMakeFiles/pratica05.dir/home/monalisa/Downloads/Smestre7/sistemas-tempo-real/freertos-pico/pico-sdk/lib/tinyusb/src/portable/raspberrypi/rp2040/dcd_rp2040.c.o
                0x000000001000274c                dcd_edpt_stall
 .text.dcd_edpt_clear_stall
                0x000000001000277c       0x2c CMakeFiles/pratica05.dir/home/monalisa/Downloads/Smestre7/sistemas-tempo-real/freertos-pico/pico-sdk/lib/tinyusb/src/portable/raspberrypi/rp2040/dcd_rp2040.c.o
                0x000000001000277c                dcd_edpt_clear_stall
 .text.rp2040_usb_init
                0x00000000100027a8       0x40 CMakeFiles/pratica05.dir/home/monalisa/Downloads/Smestre7/sistemas-tempo-real/freertos-pico/pico-sdk/lib/tinyusb/src/portable/raspberrypi/rp2040/rp2040_usb.c.o
                0x00000000100027a8                rp2040_usb_init
 .text.hw_endpoint_xfer_start
                0x00000000100027e8       0x4c CMakeFiles/pratica05.dir/home/monalisa/Downloads/Smestre7/sistemas-tempo-real/freertos-pico/pico-sdk/lib/tinyusb/src/portable/raspberrypi/rp2040/rp2040_usb.c.o
                0x00000000100027e8                hw_endpoint_xfer_start
 .text.configuration_reset
                0x0000000010002834       0x8c CMakeFiles/pratica05.dir/home/monalisa/Downloads/Smestre7/sistemas-tempo-real/freertos-pico/pico-sdk/lib/tinyusb/src/device/usbd.c.o
 .text.tud_event_hook_cb
                0x00000000100028c0        0x4 CMakeFiles/pratica05.dir/home/monalisa/Downloads/Smestre7/sistemas-tempo-real/freertos-pico/pico-sdk/lib/tinyusb/src/device/usbd.c.o
                0x00000000100028c0                tud_event_hook_cb
 .text.tud_sof_cb
                0x00000000100028c4        0x4 CMakeFiles/pratica05.dir/home/monalisa/Downloads/Smestre7/sistemas-tempo-real/freertos-pico/pico-sdk/lib/tinyusb/src/device/usbd.c.o
                0x00000000100028c4                tud_sof_cb
 .text.tud_descriptor_device_qualifier_cb
                0x00000000100028c8        0x4 CMakeFiles/pratica05.dir/home/monalisa/Downloads/Smestre7/sistemas-tempo-real/freertos-pico/pico-sdk/lib/tinyusb/src/device/usbd.c.o
                0x00000000100028c8                tud_descriptor_device_qualifier_cb
 .text.tud_descriptor_other_speed_configuration_cb
                0x00000000100028cc        0x4 CMakeFiles/pratica05.dir/home/monalisa/Downloads/Smestre7/sistemas-tempo-real/freertos-pico/pico-sdk/lib/tinyusb/src/device/usbd.c.o
                0x00000000100028cc                tud_descriptor_other_speed_configuration_cb
 .text.tud_mount_cb
                0x00000000100028d0        0x4 CMakeFiles/pratica05.dir/home/monalisa/Downloads/Smestre7/sistemas-tempo-real/freertos-pico/pico-sdk/lib/tinyusb/src/device/usbd.c.o
                0x00000000100028d0                tud_mount_cb
 .text.tud_umount_cb
                0x00000000100028d4        0x4 CMakeFiles/pratica05.dir/home/monalisa/Downloads/Smestre7/sistemas-tempo-real/freertos-pico/pico-sdk/lib/tinyusb/src/device/usbd.c.o
                0x00000000100028d4                tud_umount_cb
 .text.tud_suspend_cb
                0x00000000100028d8        0x4 CMakeFiles/pratica05.dir/home/monalisa/Downloads/Smestre7/sistemas-tempo-real/freertos-pico/pico-sdk/lib/tinyusb/src/device/usbd.c.o
                0x00000000100028d8                tud_suspend_cb
 .text.tud_resume_cb
                0x00000000100028dc        0x4 CMakeFiles/pratica05.dir/home/monalisa/Downloads/Smestre7/sistemas-tempo-real/freertos-pico/pico-sdk/lib/tinyusb/src/device/usbd.c.o
                0x00000000100028dc                tud_resume_cb
 .text.tud_mounted
                0x00000000100028e0       0x10 CMakeFiles/pratica05.dir/home/monalisa/Downloads/Smestre7/sistemas-tempo-real/freertos-pico/pico-sdk/lib/tinyusb/src/device/usbd.c.o
                0x00000000100028e0                tud_mounted
 .text.tud_suspended
                0x00000000100028f0       0x10 CMakeFiles/pratica05.dir/home/monalisa/Downloads/Smestre7/sistemas-tempo-real/freertos-pico/pico-sdk/lib/tinyusb/src/device/usbd.c.o
                0x00000000100028f0                tud_suspended
 .text.tud_rhport_init
                0x0000000010002900      0x110 CMakeFiles/pratica05.dir/home/monalisa/Downloads/Smestre7/sistemas-tempo-real/freertos-pico/pico-sdk/lib/tinyusb/src/device/usbd.c.o
                0x0000000010002900                tud_rhport_init
 .text.tud_task_ext
                0x0000000010002a10      0x7a4 CMakeFiles/pratica05.dir/home/monalisa/Downloads/Smestre7/sistemas-tempo-real/freertos-pico/pico-sdk/lib/tinyusb/src/device/usbd.c.o
                0x0000000010002a10                tud_task_ext
 .text.usbd_open_edpt_pair
                0x00000000100031b4       0x9c CMakeFiles/pratica05.dir/home/monalisa/Downloads/Smestre7/sistemas-tempo-real/freertos-pico/pico-sdk/lib/tinyusb/src/device/usbd.c.o
                0x00000000100031b4                usbd_open_edpt_pair
 .text.usbd_edpt_open
                0x0000000010003250       0x44 CMakeFiles/pratica05.dir/home/monalisa/Downloads/Smestre7/sistemas-tempo-real/freertos-pico/pico-sdk/lib/tinyusb/src/device/usbd.c.o
                0x0000000010003250                usbd_edpt_open
 .text.usbd_edpt_claim
                0x0000000010003294       0x24 CMakeFiles/pratica05.dir/home/monalisa/Downloads/Smestre7/sistemas-tempo-real/freertos-pico/pico-sdk/lib/tinyusb/src/device/usbd.c.o
                0x0000000010003294                usbd_edpt_claim
 .text.usbd_edpt_release
                0x00000000100032b8       0x24 CMakeFiles/pratica05.dir/home/monalisa/Downloads/Smestre7/sistemas-tempo-real/freertos-pico/pico-sdk/lib/tinyusb/src/device/usbd.c.o
                0x00000000100032b8                usbd_edpt_release
 .text.usbd_edpt_xfer
                0x00000000100032dc       0x70 CMakeFiles/pratica05.dir/home/monalisa/Downloads/Smestre7/sistemas-tempo-real/freertos-pico/pico-sdk/lib/tinyusb/src/device/usbd.c.o
                0x00000000100032dc                usbd_edpt_xfer
 .text.tud_control_status
                0x000000001000334c       0x34 CMakeFiles/pratica05.dir/home/monalisa/Downloads/Smestre7/sistemas-tempo-real/freertos-pico/pico-sdk/lib/tinyusb/src/device/usbd_control.c.o
                0x000000001000334c                tud_control_status
 .text.tud_control_xfer
                0x0000000010003380       0xcc CMakeFiles/pratica05.dir/home/monalisa/Downloads/Smestre7/sistemas-tempo-real/freertos-pico/pico-sdk/lib/tinyusb/src/device/usbd_control.c.o
                0x0000000010003380                tud_control_xfer
 .text.usbd_control_reset
                0x000000001000344c       0x14 CMakeFiles/pratica05.dir/home/monalisa/Downloads/Smestre7/sistemas-tempo-real/freertos-pico/pico-sdk/lib/tinyusb/src/device/usbd_control.c.o
                0x000000001000344c                usbd_control_reset
 .text.usbd_control_set_complete_callback
                0x0000000010003460        0xc CMakeFiles/pratica05.dir/home/monalisa/Downloads/Smestre7/sistemas-tempo-real/freertos-pico/pico-sdk/lib/tinyusb/src/device/usbd_control.c.o
                0x0000000010003460                usbd_control_set_complete_callback
 .text.usbd_control_set_request
                0x000000001000346c       0x1c CMakeFiles/pratica05.dir/home/monalisa/Downloads/Smestre7/sistemas-tempo-real/freertos-pico/pico-sdk/lib/tinyusb/src/device/usbd_control.c.o
                0x000000001000346c                usbd_control_set_request
 .text.usbd_control_xfer_cb
                0x0000000010003488      0x110 CMakeFiles/pratica05.dir/home/monalisa/Downloads/Smestre7/sistemas-tempo-real/freertos-pico/pico-sdk/lib/tinyusb/src/device/usbd_control.c.o
                0x0000000010003488                usbd_control_xfer_cb
 .text._prep_out_transaction.isra.0
                0x0000000010003598       0x78 CMakeFiles/pratica05.dir/home/monalisa/Downloads/Smestre7/sistemas-tempo-real/freertos-pico/pico-sdk/lib/tinyusb/src/class/cdc/cdc_device.c.o
 .text.tud_cdc_n_connected
                0x0000000010003610       0x2c CMakeFiles/pratica05.dir/home/monalisa/Downloads/Smestre7/sistemas-tempo-real/freertos-pico/pico-sdk/lib/tinyusb/src/class/cdc/cdc_device.c.o
                0x0000000010003610                tud_cdc_n_connected
 .text.tud_cdc_n_available
                0x000000001000363c       0x18 CMakeFiles/pratica05.dir/home/monalisa/Downloads/Smestre7/sistemas-tempo-real/freertos-pico/pico-sdk/lib/tinyusb/src/class/cdc/cdc_device.c.o
                0x000000001000363c                tud_cdc_n_available
 .text.tud_cdc_n_read
                0x0000000010003654       0x90 CMakeFiles/pratica05.dir/home/monalisa/Downloads/Smestre7/sistemas-tempo-real/freertos-pico/pico-sdk/lib/tinyusb/src/class/cdc/cdc_device.c.o
                0x0000000010003654                tud_cdc_n_read
 .text.tud_cdc_n_write_flush
                0x00000000100036e4       0x88 CMakeFiles/pratica05.dir/home/monalisa/Downloads/Smestre7/sistemas-tempo-real/freertos-pico/pico-sdk/lib/tinyusb/src/class/cdc/cdc_device.c.o
                0x00000000100036e4                tud_cdc_n_write_flush
 .text.tud_cdc_n_write
                0x000000001000376c       0x48 CMakeFiles/pratica05.dir/home/monalisa/Downloads/Smestre7/sistemas-tempo-real/freertos-pico/pico-sdk/lib/tinyusb/src/class/cdc/cdc_device.c.o
                0x000000001000376c                tud_cdc_n_write
 .text.tud_cdc_n_write_available
                0x00000000100037b4       0x18 CMakeFiles/pratica05.dir/home/monalisa/Downloads/Smestre7/sistemas-tempo-real/freertos-pico/pico-sdk/lib/tinyusb/src/class/cdc/cdc_device.c.o
                0x00000000100037b4                tud_cdc_n_write_available
 .text.cdcd_init
                0x00000000100037cc       0x70 CMakeFiles/pratica05.dir/home/monalisa/Downloads/Smestre7/sistemas-tempo-real/freertos-pico/pico-sdk/lib/tinyusb/src/class/cdc/cdc_device.c.o
                0x00000000100037cc                cdcd_init
 .text.cdcd_deinit
                0x000000001000383c       0x20 CMakeFiles/pratica05.dir/home/monalisa/Downloads/Smestre7/sistemas-tempo-real/freertos-pico/pico-sdk/lib/tinyusb/src/class/cdc/cdc_device.c.o
                0x000000001000383c                cdcd_deinit
 .text.cdcd_reset
                0x000000001000385c       0x4c CMakeFiles/pratica05.dir/home/monalisa/Downloads/Smestre7/sistemas-tempo-real/freertos-pico/pico-sdk/lib/tinyusb/src/class/cdc/cdc_device.c.o
                0x000000001000385c                cdcd_reset
 .text.cdcd_open
                0x00000000100038a8       0xbc CMakeFiles/pratica05.dir/home/monalisa/Downloads/Smestre7/sistemas-tempo-real/freertos-pico/pico-sdk/lib/tinyusb/src/class/cdc/cdc_device.c.o
                0x00000000100038a8                cdcd_open
 .text.cdcd_control_xfer_cb
                0x0000000010003964       0xc8 CMakeFiles/pratica05.dir/home/monalisa/Downloads/Smestre7/sistemas-tempo-real/freertos-pico/pico-sdk/lib/tinyusb/src/class/cdc/cdc_device.c.o
                0x0000000010003964                cdcd_control_xfer_cb
 .text.cdcd_xfer_cb
                0x0000000010003a2c      0x100 CMakeFiles/pratica05.dir/home/monalisa/Downloads/Smestre7/sistemas-tempo-real/freertos-pico/pico-sdk/lib/tinyusb/src/class/cdc/cdc_device.c.o
                0x0000000010003a2c                cdcd_xfer_cb
 .text.vendord_init
                0x0000000010003b2c       0x5c CMakeFiles/pratica05.dir/home/monalisa/Downloads/Smestre7/sistemas-tempo-real/freertos-pico/pico-sdk/lib/tinyusb/src/class/vendor/vendor_device.c.o
                0x0000000010003b2c                vendord_init
 .text.vendord_deinit
                0x0000000010003b88       0x1c CMakeFiles/pratica05.dir/home/monalisa/Downloads/Smestre7/sistemas-tempo-real/freertos-pico/pico-sdk/lib/tinyusb/src/class/vendor/vendor_device.c.o
                0x0000000010003b88                vendord_deinit
 .text.vendord_reset
                0x0000000010003ba4       0x24 CMakeFiles/pratica05.dir/home/monalisa/Downloads/Smestre7/sistemas-tempo-real/freertos-pico/pico-sdk/lib/tinyusb/src/class/vendor/vendor_device.c.o
                0x0000000010003ba4                vendord_reset
 .text.vendord_open
                0x0000000010003bc8       0xfc CMakeFiles/pratica05.dir/home/monalisa/Downloads/Smestre7/sistemas-tempo-real/freertos-pico/pico-sdk/lib/tinyusb/src/class/vendor/vendor_device.c.o
                0x0000000010003bc8                vendord_open
 .text.vendord_xfer_cb
                0x0000000010003cc4       0x8c CMakeFiles/pratica05.dir/home/monalisa/Downloads/Smestre7/sistemas-tempo-real/freertos-pico/pico-sdk/lib/tinyusb/src/class/vendor/vendor_device.c.o
                0x0000000010003cc4                vendord_xfer_cb
 .text.tusb_rhport_init
                0x0000000010003d50       0x74 CMakeFiles/pratica05.dir/home/monalisa/Downloads/Smestre7/sistemas-tempo-real/freertos-pico/pico-sdk/lib/tinyusb/src/tusb.c.o
                0x0000000010003d50                tusb_rhport_init
 .text.tu_edpt_claim
                0x0000000010003dc4       0x54 CMakeFiles/pratica05.dir/home/monalisa/Downloads/Smestre7/sistemas-tempo-real/freertos-pico/pico-sdk/lib/tinyusb/src/tusb.c.o
                0x0000000010003dc4                tu_edpt_claim
 .text.tu_edpt_release
                0x0000000010003e18       0x38 CMakeFiles/pratica05.dir/home/monalisa/Downloads/Smestre7/sistemas-tempo-real/freertos-pico/pico-sdk/lib/tinyusb/src/tusb.c.o
                0x0000000010003e18                tu_edpt_release
 .text.tu_edpt_validate
                0x0000000010003e50       0x68 CMakeFiles/pratica05.dir/home/monalisa/Downloads/Smestre7/sistemas-tempo-real/freertos-pico/pico-sdk/lib/tinyusb/src/tusb.c.o
                0x0000000010003e50                tu_edpt_validate
 .text.tu_edpt_bind_driver
                0x0000000010003eb8       0x58 CMakeFiles/pratica05.dir/home/monalisa/Downloads/Smestre7/sistemas-tempo-real/freertos-pico/pico-sdk/lib/tinyusb/src/tusb.c.o
                0x0000000010003eb8                tu_edpt_bind_driver
 .text.tu_edpt_stream_init
                0x0000000010003f10       0x58 CMakeFiles/pratica05.dir/home/monalisa/Downloads/Smestre7/sistemas-tempo-real/freertos-pico/pico-sdk/lib/tinyusb/src/tusb.c.o
                0x0000000010003f10                tu_edpt_stream_init
 .text.tu_edpt_stream_deinit
                0x0000000010003f68        0x4 CMakeFiles/pratica05.dir/home/monalisa/Downloads/Smestre7/sistemas-tempo-real/freertos-pico/pico-sdk/lib/tinyusb/src/tusb.c.o
                0x0000000010003f68                tu_edpt_stream_deinit
 .text.tu_edpt_stream_write_zlp_if_needed
                0x0000000010003f6c       0x68 CMakeFiles/pratica05.dir/home/monalisa/Downloads/Smestre7/sistemas-tempo-real/freertos-pico/pico-sdk/lib/tinyusb/src/tusb.c.o
                0x0000000010003f6c                tu_edpt_stream_write_zlp_if_needed
 .text.tu_edpt_stream_write_xfer
                0x0000000010003fd4       0x74 CMakeFiles/pratica05.dir/home/monalisa/Downloads/Smestre7/sistemas-tempo-real/freertos-pico/pico-sdk/lib/tinyusb/src/tusb.c.o
                0x0000000010003fd4                tu_edpt_stream_write_xfer
 .text.tu_edpt_stream_read_xfer
                0x0000000010004048       0xd4 CMakeFiles/pratica05.dir/home/monalisa/Downloads/Smestre7/sistemas-tempo-real/freertos-pico/pico-sdk/lib/tinyusb/src/tusb.c.o
                0x0000000010004048                tu_edpt_stream_read_xfer
 .text.tu_fifo_config
                0x000000001000411c       0x64 CMakeFiles/pratica05.dir/home/monalisa/Downloads/Smestre7/sistemas-tempo-real/freertos-pico/pico-sdk/lib/tinyusb/src/common/tusb_fifo.c.o
                0x000000001000411c                tu_fifo_config
 .text.tu_fifo_count
                0x0000000010004180       0x20 CMakeFiles/pratica05.dir/home/monalisa/Downloads/Smestre7/sistemas-tempo-real/freertos-pico/pico-sdk/lib/tinyusb/src/common/tusb_fifo.c.o
                0x0000000010004180                tu_fifo_count
 .text.tu_fifo_empty
                0x00000000100041a0       0x14 CMakeFiles/pratica05.dir/home/monalisa/Downloads/Smestre7/sistemas-tempo-real/freertos-pico/pico-sdk/lib/tinyusb/src/common/tusb_fifo.c.o
                0x00000000100041a0                tu_fifo_empty
 .text.tu_fifo_remaining
                0x00000000100041b4       0x24 CMakeFiles/pratica05.dir/home/monalisa/Downloads/Smestre7/sistemas-tempo-real/freertos-pico/pico-sdk/lib/tinyusb/src/common/tusb_fifo.c.o
                0x00000000100041b4                tu_fifo_remaining
 .text.tu_fifo_read
                0x00000000100041d8       0x94 CMakeFiles/pratica05.dir/home/monalisa/Downloads/Smestre7/sistemas-tempo-real/freertos-pico/pico-sdk/lib/tinyusb/src/common/tusb_fifo.c.o
                0x00000000100041d8                tu_fifo_read
 .text.tu_fifo_read_n
                0x000000001000426c       0xd4 CMakeFiles/pratica05.dir/home/monalisa/Downloads/Smestre7/sistemas-tempo-real/freertos-pico/pico-sdk/lib/tinyusb/src/common/tusb_fifo.c.o
                0x000000001000426c                tu_fifo_read_n
 .text.tu_fifo_write
                0x0000000010004340       0x84 CMakeFiles/pratica05.dir/home/monalisa/Downloads/Smestre7/sistemas-tempo-real/freertos-pico/pico-sdk/lib/tinyusb/src/common/tusb_fifo.c.o
                0x0000000010004340                tu_fifo_write
 .text.tu_fifo_write_n
                0x00000000100043c4      0x15c CMakeFiles/pratica05.dir/home/monalisa/Downloads/Smestre7/sistemas-tempo-real/freertos-pico/pico-sdk/lib/tinyusb/src/common/tusb_fifo.c.o
                0x00000000100043c4                tu_fifo_write_n
 .text.tu_fifo_clear
                0x0000000010004520       0x38 CMakeFiles/pratica05.dir/home/monalisa/Downloads/Smestre7/sistemas-tempo-real/freertos-pico/pico-sdk/lib/tinyusb/src/common/tusb_fifo.c.o
                0x0000000010004520                tu_fifo_clear
 .text.tu_fifo_set_overwritable
                0x0000000010004558       0x3c CMakeFiles/pratica05.dir/home/monalisa/Downloads/Smestre7/sistemas-tempo-real/freertos-pico/pico-sdk/lib/tinyusb/src/common/tusb_fifo.c.o
                0x0000000010004558                tu_fifo_set_overwritable
 .text.prvDoorbellInterruptHandler
                0x0000000010004594       0x30 CMakeFiles/pratica05.dir/home/monalisa/Downloads/Smestre7/sistemas-tempo-real/FreeRTOS_PICO2350/src/FreeRTOS/portable/ThirdParty/GCC/RP2350_ARM_NTZ/non_secure/port.c.o
 .text.prvTaskExitError
                0x00000000100045c4       0x18 CMakeFiles/pratica05.dir/home/monalisa/Downloads/Smestre7/sistemas-tempo-real/FreeRTOS_PICO2350/src/FreeRTOS/portable/ThirdParty/GCC/RP2350_ARM_NTZ/non_secure/port.c.o
 .text.SysTick_Handler
                0x00000000100045dc       0x24 CMakeFiles/pratica05.dir/home/monalisa/Downloads/Smestre7/sistemas-tempo-real/FreeRTOS_PICO2350/src/FreeRTOS/portable/ThirdParty/GCC/RP2350_ARM_NTZ/non_secure/port.c.o
                0x00000000100045dc                SysTick_Handler
 .text.vPortSetupTimerInterrupt
                0x0000000010004600       0x2c CMakeFiles/pratica05.dir/home/monalisa/Downloads/Smestre7/sistemas-tempo-real/FreeRTOS_PICO2350/src/FreeRTOS/portable/ThirdParty/GCC/RP2350_ARM_NTZ/non_secure/port.c.o
                0x0000000010004600                vPortSetupTimerInterrupt
 .text.xPortStartSchedulerOnCore.isra.0
                0x000000001000462c      0x10c CMakeFiles/pratica05.dir/home/monalisa/Downloads/Smestre7/sistemas-tempo-real/FreeRTOS_PICO2350/src/FreeRTOS/portable/ThirdParty/GCC/RP2350_ARM_NTZ/non_secure/port.c.o
 .text.prvDisableInterruptsAndPortStartSchedulerOnCore
                0x0000000010004738       0x10 CMakeFiles/pratica05.dir/home/monalisa/Downloads/Smestre7/sistemas-tempo-real/FreeRTOS_PICO2350/src/FreeRTOS/portable/ThirdParty/GCC/RP2350_ARM_NTZ/non_secure/port.c.o
 .text.vPortYield
                0x0000000010004748       0x18 CMakeFiles/pratica05.dir/home/monalisa/Downloads/Smestre7/sistemas-tempo-real/FreeRTOS_PICO2350/src/FreeRTOS/portable/ThirdParty/GCC/RP2350_ARM_NTZ/non_secure/port.c.o
                0x0000000010004748                vPortYield
 .text.vPortSVCHandler_C
                0x0000000010004760       0x2c CMakeFiles/pratica05.dir/home/monalisa/Downloads/Smestre7/sistemas-tempo-real/FreeRTOS_PICO2350/src/FreeRTOS/portable/ThirdParty/GCC/RP2350_ARM_NTZ/non_secure/port.c.o
                0x0000000010004760                vPortSVCHandler_C
 .text.pxPortInitialiseStack
                0x000000001000478c       0x7c CMakeFiles/pratica05.dir/home/monalisa/Downloads/Smestre7/sistemas-tempo-real/FreeRTOS_PICO2350/src/FreeRTOS/portable/ThirdParty/GCC/RP2350_ARM_NTZ/non_secure/port.c.o
                0x000000001000478c                pxPortInitialiseStack
 .text.xPortStartScheduler
                0x0000000010004808       0x50 CMakeFiles/pratica05.dir/home/monalisa/Downloads/Smestre7/sistemas-tempo-real/FreeRTOS_PICO2350/src/FreeRTOS/portable/ThirdParty/GCC/RP2350_ARM_NTZ/non_secure/port.c.o
                0x0000000010004808                xPortStartScheduler
 .text.vPortValidateInterruptPriority
                0x0000000010004858       0x14 CMakeFiles/pratica05.dir/home/monalisa/Downloads/Smestre7/sistemas-tempo-real/FreeRTOS_PICO2350/src/FreeRTOS/portable/ThirdParty/GCC/RP2350_ARM_NTZ/non_secure/port.c.o
                0x0000000010004858                vPortValidateInterruptPriority
 .text.ulPortLockGetCurrentOwnerId
                0x000000001000486c       0x2c CMakeFiles/pratica05.dir/home/monalisa/Downloads/Smestre7/sistemas-tempo-real/FreeRTOS_PICO2350/src/FreeRTOS/portable/ThirdParty/GCC/RP2350_ARM_NTZ/non_secure/port.c.o
                0x000000001000486c                ulPortLockGetCurrentOwnerId
 .text.vPortLockInternalSpinUnlockWithNotify
                0x0000000010004898       0x94 CMakeFiles/pratica05.dir/home/monalisa/Downloads/Smestre7/sistemas-tempo-real/FreeRTOS_PICO2350/src/FreeRTOS/portable/ThirdParty/GCC/RP2350_ARM_NTZ/non_secure/port.c.o
                0x0000000010004898                vPortLockInternalSpinUnlockWithNotify
 .text.xPortLockInternalSpinUnlockWithBestEffortWaitOrTimeout
                0x000000001000492c       0xec CMakeFiles/pratica05.dir/home/monalisa/Downloads/Smestre7/sistemas-tempo-real/FreeRTOS_PICO2350/src/FreeRTOS/portable/ThirdParty/GCC/RP2350_ARM_NTZ/non_secure/port.c.o
                0x000000001000492c                xPortLockInternalSpinUnlockWithBestEffortWaitOrTimeout
 .text.startup.prvRuntimeInitializer
                0x0000000010004a18       0x10 CMakeFiles/pratica05.dir/home/monalisa/Downloads/Smestre7/sistemas-tempo-real/FreeRTOS_PICO2350/src/FreeRTOS/portable/ThirdParty/GCC/RP2350_ARM_NTZ/non_secure/port.c.o
 .text.vYieldCore
                0x0000000010004a28       0x18 CMakeFiles/pratica05.dir/home/monalisa/Downloads/Smestre7/sistemas-tempo-real/FreeRTOS_PICO2350/src/FreeRTOS/portable/ThirdParty/GCC/RP2350_ARM_NTZ/non_secure/port.c.o
                0x0000000010004a28                vYieldCore
 .text.vRestoreContextOfFirstTask
                0x0000000010004a40       0x38 CMakeFiles/pratica05.dir/home/monalisa/Downloads/Smestre7/sistemas-tempo-real/FreeRTOS_PICO2350/src/FreeRTOS/portable/ThirdParty/GCC/RP2350_ARM_NTZ/non_secure/portasm.c.o
                0x0000000010004a40                vRestoreContextOfFirstTask
 .text.vStartFirstTask
                0x0000000010004a78       0x10 CMakeFiles/pratica05.dir/home/monalisa/Downloads/Smestre7/sistemas-tempo-real/FreeRTOS_PICO2350/src/FreeRTOS/portable/ThirdParty/GCC/RP2350_ARM_NTZ/non_secure/portasm.c.o
                0x0000000010004a78                vStartFirstTask
 .text.ulSetInterruptMask
                0x0000000010004a88       0x18 CMakeFiles/pratica05.dir/home/monalisa/Downloads/Smestre7/sistemas-tempo-real/FreeRTOS_PICO2350/src/FreeRTOS/portable/ThirdParty/GCC/RP2350_ARM_NTZ/non_secure/portasm.c.o
                0x0000000010004a88                ulSetInterruptMask
 .text.vClearInterruptMask
                0x0000000010004aa0       0x10 CMakeFiles/pratica05.dir/home/monalisa/Downloads/Smestre7/sistemas-tempo-real/FreeRTOS_PICO2350/src/FreeRTOS/portable/ThirdParty/GCC/RP2350_ARM_NTZ/non_secure/portasm.c.o
                0x0000000010004aa0                vClearInterruptMask
 .text.PendSV_Handler
                0x0000000010004ab0       0x98 CMakeFiles/pratica05.dir/home/monalisa/Downloads/Smestre7/sistemas-tempo-real/FreeRTOS_PICO2350/src/FreeRTOS/portable/ThirdParty/GCC/RP2350_ARM_NTZ/non_secure/portasm.c.o
                0x0000000010004ab0                PendSV_Handler
 .text.SVC_Handler
                0x0000000010004b48       0x18 CMakeFiles/pratica05.dir/home/monalisa/Downloads/Smestre7/sistemas-tempo-real/FreeRTOS_PICO2350/src/FreeRTOS/portable/ThirdParty/GCC/RP2350_ARM_NTZ/non_secure/portasm.c.o
                0x0000000010004b48                SVC_Handler
 .text.vEventGroupSetBitsCallback
                0x0000000010004b60       0x64 CMakeFiles/pratica05.dir/home/monalisa/Downloads/Smestre7/sistemas-tempo-real/FreeRTOS_PICO2350/src/FreeRTOS/event_groups.c.o
                0x0000000010004b60                vEventGroupSetBitsCallback
 .text.xEventGroupCreate
                0x0000000010004bc4       0x1c CMakeFiles/pratica05.dir/home/monalisa/Downloads/Smestre7/sistemas-tempo-real/FreeRTOS_PICO2350/src/FreeRTOS/event_groups.c.o
                0x0000000010004bc4                xEventGroupCreate
 .text.xEventGroupWaitBits
                0x0000000010004be0       0xb4 CMakeFiles/pratica05.dir/home/monalisa/Downloads/Smestre7/sistemas-tempo-real/FreeRTOS_PICO2350/src/FreeRTOS/event_groups.c.o
                0x0000000010004be0                xEventGroupWaitBits
 .text.xEventGroupSetBits
                0x0000000010004c94       0x68 CMakeFiles/pratica05.dir/home/monalisa/Downloads/Smestre7/sistemas-tempo-real/FreeRTOS_PICO2350/src/FreeRTOS/event_groups.c.o
                0x0000000010004c94                xEventGroupSetBits
 .text.xEventGroupSetBitsFromISR
                0x0000000010004cfc       0x1c CMakeFiles/pratica05.dir/home/monalisa/Downloads/Smestre7/sistemas-tempo-real/FreeRTOS_PICO2350/src/FreeRTOS/event_groups.c.o
                0x0000000010004cfc                xEventGroupSetBitsFromISR
 .text.vListInitialise
                0x0000000010004d18       0x18 CMakeFiles/pratica05.dir/home/monalisa/Downloads/Smestre7/sistemas-tempo-real/FreeRTOS_PICO2350/src/FreeRTOS/list.c.o
                0x0000000010004d18                vListInitialise
 .text.vListInitialiseItem
                0x0000000010004d30        0x8 CMakeFiles/pratica05.dir/home/monalisa/Downloads/Smestre7/sistemas-tempo-real/FreeRTOS_PICO2350/src/FreeRTOS/list.c.o
                0x0000000010004d30                vListInitialiseItem
 .text.vListInsertEnd
                0x0000000010004d38       0x20 CMakeFiles/pratica05.dir/home/monalisa/Downloads/Smestre7/sistemas-tempo-real/FreeRTOS_PICO2350/src/FreeRTOS/list.c.o
                0x0000000010004d38                vListInsertEnd
 .text.vListInsert
                0x0000000010004d58       0x30 CMakeFiles/pratica05.dir/home/monalisa/Downloads/Smestre7/sistemas-tempo-real/FreeRTOS_PICO2350/src/FreeRTOS/list.c.o
                0x0000000010004d58                vListInsert
 .text.uxListRemove
                0x0000000010004d88       0x28 CMakeFiles/pratica05.dir/home/monalisa/Downloads/Smestre7/sistemas-tempo-real/FreeRTOS_PICO2350/src/FreeRTOS/list.c.o
                0x0000000010004d88                uxListRemove
 .text.prvCopyDataToQueue
                0x0000000010004db0       0x70 CMakeFiles/pratica05.dir/home/monalisa/Downloads/Smestre7/sistemas-tempo-real/FreeRTOS_PICO2350/src/FreeRTOS/queue.c.o
 .text.prvUnlockQueue
                0x0000000010004e20      0x140 CMakeFiles/pratica05.dir/home/monalisa/Downloads/Smestre7/sistemas-tempo-real/FreeRTOS_PICO2350/src/FreeRTOS/queue.c.o
 .text.prvNotifyQueueSetContainer
                0x0000000010004f60       0x8c CMakeFiles/pratica05.dir/home/monalisa/Downloads/Smestre7/sistemas-tempo-real/FreeRTOS_PICO2350/src/FreeRTOS/queue.c.o
 .text.xQueueGenericCreate
                0x0000000010004fec       0x80 CMakeFiles/pratica05.dir/home/monalisa/Downloads/Smestre7/sistemas-tempo-real/FreeRTOS_PICO2350/src/FreeRTOS/queue.c.o
                0x0000000010004fec                xQueueGenericCreate
 .text.xQueueCreateCountingSemaphore
                0x000000001000506c       0x6c CMakeFiles/pratica05.dir/home/monalisa/Downloads/Smestre7/sistemas-tempo-real/FreeRTOS_PICO2350/src/FreeRTOS/queue.c.o
                0x000000001000506c                xQueueCreateCountingSemaphore
 .text.xQueueGenericSendFromISR
                0x00000000100050d8       0xac CMakeFiles/pratica05.dir/home/monalisa/Downloads/Smestre7/sistemas-tempo-real/FreeRTOS_PICO2350/src/FreeRTOS/queue.c.o
                0x00000000100050d8                xQueueGenericSendFromISR
 .text.xQueueGiveFromISR
                0x0000000010005184       0x84 CMakeFiles/pratica05.dir/home/monalisa/Downloads/Smestre7/sistemas-tempo-real/FreeRTOS_PICO2350/src/FreeRTOS/queue.c.o
                0x0000000010005184                xQueueGiveFromISR
 .text.xQueueReceive
                0x0000000010005208      0x104 CMakeFiles/pratica05.dir/home/monalisa/Downloads/Smestre7/sistemas-tempo-real/FreeRTOS_PICO2350/src/FreeRTOS/queue.c.o
                0x0000000010005208                xQueueReceive
 .text.xQueueSemaphoreTake
                0x000000001000530c      0x150 CMakeFiles/pratica05.dir/home/monalisa/Downloads/Smestre7/sistemas-tempo-real/FreeRTOS_PICO2350/src/FreeRTOS/queue.c.o
                0x000000001000530c                xQueueSemaphoreTake
 .text.vQueueAddToRegistry
                0x000000001000545c      0x120 CMakeFiles/pratica05.dir/home/monalisa/Downloads/Smestre7/sistemas-tempo-real/FreeRTOS_PICO2350/src/FreeRTOS/queue.c.o
                0x000000001000545c                vQueueAddToRegistry
 .text.vQueueWaitForMessageRestricted
                0x000000001000557c       0x50 CMakeFiles/pratica05.dir/home/monalisa/Downloads/Smestre7/sistemas-tempo-real/FreeRTOS_PICO2350/src/FreeRTOS/queue.c.o
                0x000000001000557c                vQueueWaitForMessageRestricted
 .text.prvPassiveIdleTask
                0x00000000100055cc       0x20 CMakeFiles/pratica05.dir/home/monalisa/Downloads/Smestre7/sistemas-tempo-real/FreeRTOS_PICO2350/src/FreeRTOS/tasks.c.o
 .text.prvYieldForTask
                0x00000000100055ec       0xcc CMakeFiles/pratica05.dir/home/monalisa/Downloads/Smestre7/sistemas-tempo-real/FreeRTOS_PICO2350/src/FreeRTOS/tasks.c.o
 .text.vTaskExitCritical.part.0
                0x00000000100056b8       0x8c CMakeFiles/pratica05.dir/home/monalisa/Downloads/Smestre7/sistemas-tempo-real/FreeRTOS_PICO2350/src/FreeRTOS/tasks.c.o
 .text.prvCheckForRunStateChange
                0x0000000010005744      0x160 CMakeFiles/pratica05.dir/home/monalisa/Downloads/Smestre7/sistemas-tempo-real/FreeRTOS_PICO2350/src/FreeRTOS/tasks.c.o
 .text.vTaskSuspendAll.part.0
                0x00000000100058a4      0x104 CMakeFiles/pratica05.dir/home/monalisa/Downloads/Smestre7/sistemas-tempo-real/FreeRTOS_PICO2350/src/FreeRTOS/tasks.c.o
 .text.prvCheckTasksWaitingTermination
                0x00000000100059a8      0x1a8 CMakeFiles/pratica05.dir/home/monalisa/Downloads/Smestre7/sistemas-tempo-real/FreeRTOS_PICO2350/src/FreeRTOS/tasks.c.o
 .text.prvIdleTask
                0x0000000010005b50       0x1c CMakeFiles/pratica05.dir/home/monalisa/Downloads/Smestre7/sistemas-tempo-real/FreeRTOS_PICO2350/src/FreeRTOS/tasks.c.o
 .text.prvAddCurrentTaskToDelayedList
                0x0000000010005b6c      0x13c CMakeFiles/pratica05.dir/home/monalisa/Downloads/Smestre7/sistemas-tempo-real/FreeRTOS_PICO2350/src/FreeRTOS/tasks.c.o
 .text.vTaskSuspendAll
                0x0000000010005ca8       0x10 CMakeFiles/pratica05.dir/home/monalisa/Downloads/Smestre7/sistemas-tempo-real/FreeRTOS_PICO2350/src/FreeRTOS/tasks.c.o
                0x0000000010005ca8                vTaskSuspendAll
 .text.xTaskGetTickCount
                0x0000000010005cb8        0xc CMakeFiles/pratica05.dir/home/monalisa/Downloads/Smestre7/sistemas-tempo-real/FreeRTOS_PICO2350/src/FreeRTOS/tasks.c.o
                0x0000000010005cb8                xTaskGetTickCount
 .text.xTaskGetTickCountFromISR
                0x0000000010005cc4       0x10 CMakeFiles/pratica05.dir/home/monalisa/Downloads/Smestre7/sistemas-tempo-real/FreeRTOS_PICO2350/src/FreeRTOS/tasks.c.o
                0x0000000010005cc4                xTaskGetTickCountFromISR
 .text.uxTaskGetNumberOfTasks
                0x0000000010005cd4        0xc CMakeFiles/pratica05.dir/home/monalisa/Downloads/Smestre7/sistemas-tempo-real/FreeRTOS_PICO2350/src/FreeRTOS/tasks.c.o
                0x0000000010005cd4                uxTaskGetNumberOfTasks
 .text.xTaskIncrementTick
                0x0000000010005ce0      0x278 CMakeFiles/pratica05.dir/home/monalisa/Downloads/Smestre7/sistemas-tempo-real/FreeRTOS_PICO2350/src/FreeRTOS/tasks.c.o
                0x0000000010005ce0                xTaskIncrementTick
 .text.vTaskSwitchContext
                0x0000000010005f58      0x2f8 CMakeFiles/pratica05.dir/home/monalisa/Downloads/Smestre7/sistemas-tempo-real/FreeRTOS_PICO2350/src/FreeRTOS/tasks.c.o
                0x0000000010005f58                vTaskSwitchContext
 .text.vTaskPlaceOnEventList
                0x0000000010006250       0x34 CMakeFiles/pratica05.dir/home/monalisa/Downloads/Smestre7/sistemas-tempo-real/FreeRTOS_PICO2350/src/FreeRTOS/tasks.c.o
                0x0000000010006250                vTaskPlaceOnEventList
 .text.vTaskPlaceOnUnorderedEventList
                0x0000000010006284       0xa0 CMakeFiles/pratica05.dir/home/monalisa/Downloads/Smestre7/sistemas-tempo-real/FreeRTOS_PICO2350/src/FreeRTOS/tasks.c.o
                0x0000000010006284                vTaskPlaceOnUnorderedEventList
 .text.vTaskPlaceOnEventListRestricted
                0x0000000010006324       0x9c CMakeFiles/pratica05.dir/home/monalisa/Downloads/Smestre7/sistemas-tempo-real/FreeRTOS_PICO2350/src/FreeRTOS/tasks.c.o
                0x0000000010006324                vTaskPlaceOnEventListRestricted
 .text.xTaskRemoveFromEventList
                0x00000000100063c0       0xc8 CMakeFiles/pratica05.dir/home/monalisa/Downloads/Smestre7/sistemas-tempo-real/FreeRTOS_PICO2350/src/FreeRTOS/tasks.c.o
                0x00000000100063c0                xTaskRemoveFromEventList
 .text.vTaskInternalSetTimeOutState
                0x0000000010006488       0x18 CMakeFiles/pratica05.dir/home/monalisa/Downloads/Smestre7/sistemas-tempo-real/FreeRTOS_PICO2350/src/FreeRTOS/tasks.c.o
                0x0000000010006488                vTaskInternalSetTimeOutState
 .text.vTaskMissedYield
                0x00000000100064a0       0x14 CMakeFiles/pratica05.dir/home/monalisa/Downloads/Smestre7/sistemas-tempo-real/FreeRTOS_PICO2350/src/FreeRTOS/tasks.c.o
                0x00000000100064a0                vTaskMissedYield
 .text.xTaskGetCurrentTaskHandle
                0x00000000100064b4       0x20 CMakeFiles/pratica05.dir/home/monalisa/Downloads/Smestre7/sistemas-tempo-real/FreeRTOS_PICO2350/src/FreeRTOS/tasks.c.o
                0x00000000100064b4                xTaskGetCurrentTaskHandle
 .text.xTaskPriorityInherit
                0x00000000100064d4      0x100 CMakeFiles/pratica05.dir/home/monalisa/Downloads/Smestre7/sistemas-tempo-real/FreeRTOS_PICO2350/src/FreeRTOS/tasks.c.o
                0x00000000100064d4                xTaskPriorityInherit
 .text.xTaskPriorityDisinherit
                0x00000000100065d4       0xc4 CMakeFiles/pratica05.dir/home/monalisa/Downloads/Smestre7/sistemas-tempo-real/FreeRTOS_PICO2350/src/FreeRTOS/tasks.c.o
                0x00000000100065d4                xTaskPriorityDisinherit
 .text.vTaskPriorityDisinheritAfterTimeout
                0x0000000010006698       0xc8 CMakeFiles/pratica05.dir/home/monalisa/Downloads/Smestre7/sistemas-tempo-real/FreeRTOS_PICO2350/src/FreeRTOS/tasks.c.o
                0x0000000010006698                vTaskPriorityDisinheritAfterTimeout
 .text.vTaskYieldWithinAPI
                0x0000000010006760       0x24 CMakeFiles/pratica05.dir/home/monalisa/Downloads/Smestre7/sistemas-tempo-real/FreeRTOS_PICO2350/src/FreeRTOS/tasks.c.o
                0x0000000010006760                vTaskYieldWithinAPI
 .text.vTaskEnterCritical
                0x0000000010006784      0x11c CMakeFiles/pratica05.dir/home/monalisa/Downloads/Smestre7/sistemas-tempo-real/FreeRTOS_PICO2350/src/FreeRTOS/tasks.c.o
                0x0000000010006784                vTaskEnterCritical
 .text.prvAddNewTaskToReadyList
                0x00000000100068a0       0xf4 CMakeFiles/pratica05.dir/home/monalisa/Downloads/Smestre7/sistemas-tempo-real/FreeRTOS_PICO2350/src/FreeRTOS/tasks.c.o
 .text.xTaskCreate
                0x0000000010006994      0x180 CMakeFiles/pratica05.dir/home/monalisa/Downloads/Smestre7/sistemas-tempo-real/FreeRTOS_PICO2350/src/FreeRTOS/tasks.c.o
                0x0000000010006994                xTaskCreate
 .text.xTaskCreateAffinitySet
                0x0000000010006b14      0x17c CMakeFiles/pratica05.dir/home/monalisa/Downloads/Smestre7/sistemas-tempo-real/FreeRTOS_PICO2350/src/FreeRTOS/tasks.c.o
                0x0000000010006b14                xTaskCreateAffinitySet
 .text.vTaskStartScheduler
                0x0000000010006c90      0x14c CMakeFiles/pratica05.dir/home/monalisa/Downloads/Smestre7/sistemas-tempo-real/FreeRTOS_PICO2350/src/FreeRTOS/tasks.c.o
                0x0000000010006c90                vTaskStartScheduler
 .text.xTaskResumeAll.part.0
                0x0000000010006ddc      0x170 CMakeFiles/pratica05.dir/home/monalisa/Downloads/Smestre7/sistemas-tempo-real/FreeRTOS_PICO2350/src/FreeRTOS/tasks.c.o
 .text.xTaskResumeAll
                0x0000000010006f4c       0x10 CMakeFiles/pratica05.dir/home/monalisa/Downloads/Smestre7/sistemas-tempo-real/FreeRTOS_PICO2350/src/FreeRTOS/tasks.c.o
                0x0000000010006f4c                xTaskResumeAll
 .text.vTaskDelay
                0x0000000010006f5c       0x68 CMakeFiles/pratica05.dir/home/monalisa/Downloads/Smestre7/sistemas-tempo-real/FreeRTOS_PICO2350/src/FreeRTOS/tasks.c.o
                0x0000000010006f5c                vTaskDelay
 .text.vTaskRemoveFromUnorderedEventList
                0x0000000010006fc4       0x9c CMakeFiles/pratica05.dir/home/monalisa/Downloads/Smestre7/sistemas-tempo-real/FreeRTOS_PICO2350/src/FreeRTOS/tasks.c.o
                0x0000000010006fc4                vTaskRemoveFromUnorderedEventList
 .text.xTaskCheckForTimeOut
                0x0000000010007060       0xa8 CMakeFiles/pratica05.dir/home/monalisa/Downloads/Smestre7/sistemas-tempo-real/FreeRTOS_PICO2350/src/FreeRTOS/tasks.c.o
                0x0000000010007060                xTaskCheckForTimeOut
 .text.vTaskEnterCriticalFromISR
                0x0000000010007108       0x94 CMakeFiles/pratica05.dir/home/monalisa/Downloads/Smestre7/sistemas-tempo-real/FreeRTOS_PICO2350/src/FreeRTOS/tasks.c.o
                0x0000000010007108                vTaskEnterCriticalFromISR
 .text.vTaskExitCritical
                0x000000001000719c       0x98 CMakeFiles/pratica05.dir/home/monalisa/Downloads/Smestre7/sistemas-tempo-real/FreeRTOS_PICO2350/src/FreeRTOS/tasks.c.o
                0x000000001000719c                vTaskExitCritical
 .text.vTaskExitCriticalFromISR
                0x0000000010007234       0x64 CMakeFiles/pratica05.dir/home/monalisa/Downloads/Smestre7/sistemas-tempo-real/FreeRTOS_PICO2350/src/FreeRTOS/tasks.c.o
                0x0000000010007234                vTaskExitCriticalFromISR
 .text.uxTaskResetEventItemValue
                0x0000000010007298       0x44 CMakeFiles/pratica05.dir/home/monalisa/Downloads/Smestre7/sistemas-tempo-real/FreeRTOS_PICO2350/src/FreeRTOS/tasks.c.o
                0x0000000010007298                uxTaskResetEventItemValue
 .text.pvTaskIncrementMutexHeldCount
                0x00000000100072dc       0x28 CMakeFiles/pratica05.dir/home/monalisa/Downloads/Smestre7/sistemas-tempo-real/FreeRTOS_PICO2350/src/FreeRTOS/tasks.c.o
                0x00000000100072dc                pvTaskIncrementMutexHeldCount
 .text.prvTimerTask
                0x0000000010007304      0x36c CMakeFiles/pratica05.dir/home/monalisa/Downloads/Smestre7/sistemas-tempo-real/FreeRTOS_PICO2350/src/FreeRTOS/timers.c.o
 .text.xTimerCreateTimerTask
                0x0000000010007670       0x8c CMakeFiles/pratica05.dir/home/monalisa/Downloads/Smestre7/sistemas-tempo-real/FreeRTOS_PICO2350/src/FreeRTOS/timers.c.o
                0x0000000010007670                xTimerCreateTimerTask
 .text.xTimerPendFunctionCallFromISR
                0x00000000100076fc       0x30 CMakeFiles/pratica05.dir/home/monalisa/Downloads/Smestre7/sistemas-tempo-real/FreeRTOS_PICO2350/src/FreeRTOS/timers.c.o
                0x00000000100076fc                xTimerPendFunctionCallFromISR
 .text.exception_set_exclusive_handler
                0x000000001000772c       0x4c CMakeFiles/pratica05.dir/home/monalisa/Downloads/Smestre7/sistemas-tempo-real/freertos-pico/pico-sdk/src/rp2_common/hardware_exception/exception.c.o
                0x000000001000772c                exception_set_exclusive_handler
 .text.core1_trampoline
                0x0000000010007778        0x4 CMakeFiles/pratica05.dir/home/monalisa/Downloads/Smestre7/sistemas-tempo-real/freertos-pico/pico-sdk/src/rp2_common/pico_multicore/multicore.c.o
 .text.core1_wrapper
                0x000000001000777c       0x10 CMakeFiles/pratica05.dir/home/monalisa/Downloads/Smestre7/sistemas-tempo-real/freertos-pico/pico-sdk/src/rp2_common/pico_multicore/multicore.c.o
                0x000000001000777c                core1_wrapper
 .text.multicore_launch_core1_raw
                0x000000001000778c       0x88 CMakeFiles/pratica05.dir/home/monalisa/Downloads/Smestre7/sistemas-tempo-real/freertos-pico/pico-sdk/src/rp2_common/pico_multicore/multicore.c.o
                0x000000001000778c                multicore_launch_core1_raw
 .text.multicore_launch_core1
                0x0000000010007814       0x44 CMakeFiles/pratica05.dir/home/monalisa/Downloads/Smestre7/sistemas-tempo-real/freertos-pico/pico-sdk/src/rp2_common/pico_multicore/multicore.c.o
                0x0000000010007814                multicore_launch_core1
 .text.multicore_doorbell_claim_unused
                0x0000000010007858       0xf8 CMakeFiles/pratica05.dir/home/monalisa/Downloads/Smestre7/sistemas-tempo-real/freertos-pico/pico-sdk/src/rp2_common/pico_multicore/multicore.c.o
                0x0000000010007858                multicore_doorbell_claim_unused
 .text.pvPortMalloc
                0x0000000010007950      0x108 CMakeFiles/pratica05.dir/home/monalisa/Downloads/Smestre7/sistemas-tempo-real/FreeRTOS_PICO2350/src/FreeRTOS/portable/MemMang/heap_4.c.o
                0x0000000010007950                pvPortMalloc
 .text.vPortFree
                0x0000000010007a58       0x94 CMakeFiles/pratica05.dir/home/monalisa/Downloads/Smestre7/sistemas-tempo-real/FreeRTOS_PICO2350/src/FreeRTOS/portable/MemMang/heap_4.c.o
                0x0000000010007a58                vPortFree
 .text          0x0000000010007aec       0xec /opt/arm-toolchain/bin/../lib/gcc/arm-none-eabi/10.3.1/../../../../arm-none-eabi/lib/thumb/v8-m.main+fp/softfp/libg.a(lib_a-memcpy.o)
                0x0000000010007aec                memcpy
 .text.memset   0x0000000010007bd8       0xa4 /opt/arm-toolchain/bin/../lib/gcc/arm-none-eabi/10.3.1/../../../../arm-none-eabi/lib/thumb/v8-m.main+fp/softfp/libg.a(lib_a-memset.o)
                0x0000000010007bd8                memset
 .text.strlen   0x0000000010007c7c       0x5c /opt/arm-toolchain/bin/../lib/gcc/arm-none-eabi/10.3.1/../../../../arm-none-eabi/lib/thumb/v8-m.main+fp/softfp/libg.a(lib_a-strlen-stub.o)
                0x0000000010007c7c                strlen
 *(.fini)
 .fini          0x0000000010007cd8        0x4 /opt/arm-toolchain/bin/../lib/gcc/arm-none-eabi/10.3.1/thumb/v8-m.main+fp/softfp/crti.o
                0x0000000010007cd8                _fini
 *fill*         0x0000000010007cdc        0x4 
 .fini.__stub   0x0000000010007ce0       0xb0 linker stubs
 *crtbegin.o(.ctors)
 *crtbegin?.o(.ctors)
 *(EXCLUDE_FILE(*crtend.o *crtend?.o) .ctors)
 *(SORT_BY_NAME(.ctors.*))
 *(.ctors)
 *crtbegin.o(.dtors)
 *crtbegin?.o(.dtors)
 *(EXCLUDE_FILE(*crtend.o *crtend?.o) .dtors)
 *(SORT_BY_NAME(.dtors.*))
 *(.dtors)
                0x0000000010007d90                . = ALIGN (0x4)
                0x0000000010007d90                PROVIDE (__preinit_array_start = .)
 *(SORT_BY_NAME(.preinit_array.*))
 .preinit_array.00050
                0x0000000010007d90        0x4 CMakeFiles/pratica05.dir/home/monalisa/Downloads/Smestre7/sistemas-tempo-real/freertos-pico/pico-sdk/src/rp2_common/pico_runtime_init/runtime_init.c.o
                0x0000000010007d90                __pre_init_runtime_init_bootrom_reset
 .preinit_array.00100
                0x0000000010007d94        0x4 CMakeFiles/pratica05.dir/home/monalisa/Downloads/Smestre7/sistemas-tempo-real/freertos-pico/pico-sdk/src/rp2_common/pico_runtime_init/runtime_init.c.o
                0x0000000010007d94                __pre_init_runtime_init_early_resets
 .preinit_array.00101
                0x0000000010007d98        0x4 CMakeFiles/pratica05.dir/home/monalisa/Downloads/Smestre7/sistemas-tempo-real/freertos-pico/pico-sdk/src/rp2_common/pico_runtime_init/runtime_init.c.o
                0x0000000010007d98                __pre_init_runtime_init_usb_power_down
 .preinit_array.00500
                0x0000000010007d9c        0x4 CMakeFiles/pratica05.dir/home/monalisa/Downloads/Smestre7/sistemas-tempo-real/freertos-pico/pico-sdk/src/rp2_common/pico_runtime_init/runtime_init.c.o
                0x0000000010007d9c                __pre_init_runtime_init_clocks
 .preinit_array.00600
                0x0000000010007da0        0x4 CMakeFiles/pratica05.dir/home/monalisa/Downloads/Smestre7/sistemas-tempo-real/freertos-pico/pico-sdk/src/rp2_common/pico_runtime_init/runtime_init.c.o
                0x0000000010007da0                __pre_init_runtime_init_post_clock_resets
 .preinit_array.01000
                0x0000000010007da4        0x4 CMakeFiles/pratica05.dir/home/monalisa/Downloads/Smestre7/sistemas-tempo-real/freertos-pico/pico-sdk/src/rp2_common/hardware_boot_lock/boot_lock.c.o
                0x0000000010007da4                __pre_init_runtime_init_boot_locks_reset
 .preinit_array.01000
                0x0000000010007da8        0x4 CMakeFiles/pratica05.dir/home/monalisa/Downloads/Smestre7/sistemas-tempo-real/freertos-pico/pico-sdk/src/rp2_common/pico_runtime_init/runtime_init.c.o
                0x0000000010007da8                __pre_init_runtime_init_spin_locks_reset
 .preinit_array.01010
                0x0000000010007dac        0x4 CMakeFiles/pratica05.dir/home/monalisa/Downloads/Smestre7/sistemas-tempo-real/freertos-pico/pico-sdk/src/rp2_common/pico_bootrom/bootrom_lock.c.o
                0x0000000010007dac                __pre_init_runtime_init_bootrom_locking_enable
 .preinit_array.01100
                0x0000000010007db0        0x4 CMakeFiles/pratica05.dir/home/monalisa/Downloads/Smestre7/sistemas-tempo-real/freertos-pico/pico-sdk/src/common/pico_sync/mutex.c.o
                0x0000000010007db0                __pre_init_runtime_init_mutex
 .preinit_array.10080
                0x0000000010007db4        0x4 CMakeFiles/pratica05.dir/home/monalisa/Downloads/Smestre7/sistemas-tempo-real/freertos-pico/pico-sdk/src/rp2_common/pico_runtime_init/runtime_init.c.o
                0x0000000010007db4                __pre_init_runtime_init_install_ram_vector_table
 .preinit_array.11000
                0x0000000010007db8        0x4 CMakeFiles/pratica05.dir/home/monalisa/Downloads/Smestre7/sistemas-tempo-real/freertos-pico/pico-sdk/src/common/pico_time/time.c.o
                0x0000000010007db8                __pre_init_runtime_init_default_alarm_pool
 .preinit_array.YYYYY
                0x0000000010007dbc        0x4 CMakeFiles/pratica05.dir/home/monalisa/Downloads/Smestre7/sistemas-tempo-real/freertos-pico/pico-sdk/src/rp2_common/pico_runtime/runtime.c.o
                0x0000000010007dbc                __pre_init_first_per_core_initializer
 .preinit_array.ZZZZZ.00051
                0x0000000010007dc0        0x4 CMakeFiles/pratica05.dir/home/monalisa/Downloads/Smestre7/sistemas-tempo-real/freertos-pico/pico-sdk/src/rp2_common/pico_runtime_init/runtime_init.c.o
                0x0000000010007dc0                __pre_init_runtime_init_per_core_bootrom_reset
 .preinit_array.ZZZZZ.00200
                0x0000000010007dc4        0x4 CMakeFiles/pratica05.dir/home/monalisa/Downloads/Smestre7/sistemas-tempo-real/freertos-pico/pico-sdk/src/rp2_common/pico_runtime_init/runtime_init.c.o
                0x0000000010007dc4                __pre_init_runtime_init_per_core_enable_coprocessors
 .preinit_array.ZZZZZ.01000
                0x0000000010007dc8        0x4 CMakeFiles/pratica05.dir/home/monalisa/Downloads/Smestre7/sistemas-tempo-real/freertos-pico/pico-sdk/src/rp2_common/hardware_sync_spin_lock/sync_spin_lock.c.o
                0x0000000010007dc8                __pre_init_spinlock_set_extexclall
 .preinit_array.ZZZZZ.01200
                0x0000000010007dcc        0x4 CMakeFiles/pratica05.dir/home/monalisa/Downloads/Smestre7/sistemas-tempo-real/freertos-pico/pico-sdk/src/rp2_common/hardware_irq/irq.c.o
                0x0000000010007dcc                __pre_init_runtime_init_per_core_irq_priorities
 *(.preinit_array)
                0x0000000010007dd0                PROVIDE (__preinit_array_end = .)
                0x0000000010007dd0                . = ALIGN (0x4)
                0x0000000010007dd0                PROVIDE (__init_array_start = .)
 *(SORT_BY_NAME(.init_array.*))
 *(.init_array)
 .init_array    0x0000000010007dd0        0x4 /opt/arm-toolchain/bin/../lib/gcc/arm-none-eabi/10.3.1/thumb/v8-m.main+fp/softfp/crtbegin.o
 .init_array    0x0000000010007dd4        0x4 CMakeFiles/pratica05.dir/home/monalisa/Downloads/Smestre7/sistemas-tempo-real/freertos-pico/pico-sdk/src/rp2_common/pico_unique_id/unique_id.c.o
 .init_array    0x0000000010007dd8        0x4 CMakeFiles/pratica05.dir/home/monalisa/Downloads/Smestre7/sistemas-tempo-real/FreeRTOS_PICO2350/src/FreeRTOS/portable/ThirdParty/GCC/RP2350_ARM_NTZ/non_secure/port.c.o
                0x0000000010007ddc                PROVIDE (__init_array_end = .)
                0x0000000010007ddc                . = ALIGN (0x4)
                [!provide]                        PROVIDE (__fini_array_start = .)
 *(SORT_BY_NAME(.fini_array.*))
 *(.fini_array)
                [!provide]                        PROVIDE (__fini_array_end = .)
 *(.eh_frame*)
 .eh_frame      0x0000000010007ddc        0x0 /opt/arm-toolchain/bin/../lib/gcc/arm-none-eabi/10.3.1/thumb/v8-m.main+fp/softfp/crtbegin.o
                0x0000000010007ddc                . = ALIGN (0x4)

.glue_7         0x0000000010007ddc        0x0
 .glue_7        0x0000000010007ddc        0x0 linker stubs

.glue_7t        0x0000000010007ddc        0x0
 .glue_7t       0x0000000010007ddc        0x0 linker stubs

.vfp11_veneer   0x0000000010007ddc        0x0
 .vfp11_veneer  0x0000000010007ddc        0x0 linker stubs

.v4_bx          0x0000000010007ddc        0x0
 .v4_bx         0x0000000010007ddc        0x0 linker stubs

.iplt           0x0000000010007ddc        0x0
 .iplt          0x0000000010007ddc        0x0 /opt/arm-toolchain/bin/../lib/gcc/arm-none-eabi/10.3.1/thumb/v8-m.main+fp/softfp/crtbegin.o

.boot2          0x0000000010007ddc        0x0
                0x0000000010007ddc                __boot2_start__ = .
 *(.boot2)
                0x0000000010007ddc                __boot2_end__ = .
                0x0000000000000001                ASSERT (((__boot2_end__ - __boot2_start__) <= 0x100), ERROR: Pico second stage bootloader must be no more than 256 bytes in size)

.rodata         0x0000000010007ddc      0x3b8
 *(EXCLUDE_FILE(*libm.a: *libc.a:*lib_a-mem*.o *libgcc.a:) .rodata*)
 .rodata.app_main.str1.4
                0x0000000010007ddc        0x9 CMakeFiles/pratica05.dir/main.c.o
 *fill*         0x0000000010007de5        0x3 
 .rodata.panic.str1.4
                0x0000000010007de8       0x12 CMakeFiles/pratica05.dir/home/monalisa/Downloads/Smestre7/sistemas-tempo-real/freertos-pico/pico-sdk/src/rp2_common/pico_platform_panic/panic.c.o
 *fill*         0x0000000010007dfa        0x2 
 .rodata.spin_lock_claim.str1.4
                0x0000000010007dfc       0x1f CMakeFiles/pratica05.dir/home/monalisa/Downloads/Smestre7/sistemas-tempo-real/freertos-pico/pico-sdk/src/rp2_common/hardware_sync/sync.c.o
 *fill*         0x0000000010007e1b        0x1 
 .rodata.spin_lock_claim_unused.str1.4
                0x0000000010007e1c       0x1b CMakeFiles/pratica05.dir/home/monalisa/Downloads/Smestre7/sistemas-tempo-real/freertos-pico/pico-sdk/src/rp2_common/hardware_sync/sync.c.o
 *fill*         0x0000000010007e37        0x1 
 .rodata.user_irq_claim_unused.str1.4
                0x0000000010007e38       0x1b CMakeFiles/pratica05.dir/home/monalisa/Downloads/Smestre7/sistemas-tempo-real/freertos-pico/pico-sdk/src/rp2_common/hardware_irq/irq.c.o
 *fill*         0x0000000010007e53        0x1 
 .rodata.timer_hardware_alarm_claim.str1.4
                0x0000000010007e54       0x22 CMakeFiles/pratica05.dir/home/monalisa/Downloads/Smestre7/sistemas-tempo-real/freertos-pico/pico-sdk/src/rp2_common/hardware_timer/timer.c.o
 *fill*         0x0000000010007e76        0x2 
 .rodata.hard_assertion_failure.str1.4
                0x0000000010007e78        0xc CMakeFiles/pratica05.dir/home/monalisa/Downloads/Smestre7/sistemas-tempo-real/freertos-pico/pico-sdk/src/rp2_common/pico_runtime/runtime.c.o
 .rodata.str1.4
                0x0000000010007e84       0x40 CMakeFiles/pratica05.dir/home/monalisa/Downloads/Smestre7/sistemas-tempo-real/freertos-pico/pico-sdk/src/rp2_common/pico_standard_binary_info/standard_binary_info.c.o
 .rodata.__bi_26
                0x0000000010007ec4        0xc CMakeFiles/pratica05.dir/home/monalisa/Downloads/Smestre7/sistemas-tempo-real/freertos-pico/pico-sdk/src/rp2_common/pico_standard_binary_info/standard_binary_info.c.o
 .rodata.__bi_34
                0x0000000010007ed0        0xc CMakeFiles/pratica05.dir/home/monalisa/Downloads/Smestre7/sistemas-tempo-real/freertos-pico/pico-sdk/src/rp2_common/pico_standard_binary_info/standard_binary_info.c.o
 .rodata.__bi_42
                0x0000000010007edc        0xc CMakeFiles/pratica05.dir/home/monalisa/Downloads/Smestre7/sistemas-tempo-real/freertos-pico/pico-sdk/src/rp2_common/pico_standard_binary_info/standard_binary_info.c.o
 .rodata.__bi_48
                0x0000000010007ee8        0xc CMakeFiles/pratica05.dir/home/monalisa/Downloads/Smestre7/sistemas-tempo-real/freertos-pico/pico-sdk/src/rp2_common/pico_standard_binary_info/standard_binary_info.c.o
 .rodata.__bi_54
                0x0000000010007ef4        0xc CMakeFiles/pratica05.dir/home/monalisa/Downloads/Smestre7/sistemas-tempo-real/freertos-pico/pico-sdk/src/rp2_common/pico_standard_binary_info/standard_binary_info.c.o
 .rodata.__bi_78
                0x0000000010007f00        0xc CMakeFiles/pratica05.dir/home/monalisa/Downloads/Smestre7/sistemas-tempo-real/freertos-pico/pico-sdk/src/rp2_common/pico_standard_binary_info/standard_binary_info.c.o
 .rodata.__bi_84
                0x0000000010007f0c        0xc CMakeFiles/pratica05.dir/home/monalisa/Downloads/Smestre7/sistemas-tempo-real/freertos-pico/pico-sdk/src/rp2_common/pico_standard_binary_info/standard_binary_info.c.o
 .rodata.crlf_str.0
                0x0000000010007f18        0x2 CMakeFiles/pratica05.dir/home/monalisa/Downloads/Smestre7/sistemas-tempo-real/freertos-pico/pico-sdk/src/rp2_common/pico_stdio/stdio.c.o
 *fill*         0x0000000010007f1a        0x2 
 .rodata._resetd_driver
                0x0000000010007f1c       0x20 CMakeFiles/pratica05.dir/home/monalisa/Downloads/Smestre7/sistemas-tempo-real/freertos-pico/pico-sdk/src/rp2_common/pico_stdio_usb/reset_interface.c.o
 .rodata.desc_bos
                0x0000000010007f3c       0x21 CMakeFiles/pratica05.dir/home/monalisa/Downloads/Smestre7/sistemas-tempo-real/freertos-pico/pico-sdk/src/rp2_common/pico_stdio_usb/reset_interface.c.o
                0x0000000010007f3c                desc_bos
 *fill*         0x0000000010007f5d        0x3 
 .rodata.desc_ms_os_20
                0x0000000010007f60       0xa6 CMakeFiles/pratica05.dir/home/monalisa/Downloads/Smestre7/sistemas-tempo-real/freertos-pico/pico-sdk/src/rp2_common/pico_stdio_usb/reset_interface.c.o
 *fill*         0x0000000010008006        0x2 
 .rodata.str1.4
                0x0000000010008008       0x13 CMakeFiles/pratica05.dir/home/monalisa/Downloads/Smestre7/sistemas-tempo-real/freertos-pico/pico-sdk/src/rp2_common/pico_stdio_usb/stdio_usb.c.o
 *fill*         0x000000001000801b        0x1 
 .rodata.__bi_197.0
                0x000000001000801c        0xc CMakeFiles/pratica05.dir/home/monalisa/Downloads/Smestre7/sistemas-tempo-real/freertos-pico/pico-sdk/src/rp2_common/pico_stdio_usb/stdio_usb.c.o
 .rodata.str1.4
                0x0000000010008028       0x2a CMakeFiles/pratica05.dir/home/monalisa/Downloads/Smestre7/sistemas-tempo-real/freertos-pico/pico-sdk/src/rp2_common/pico_stdio_usb/stdio_usb_descriptors.c.o
 *fill*         0x0000000010008052        0x2 
 .rodata.usbd_desc_cfg
                0x0000000010008054       0x54 CMakeFiles/pratica05.dir/home/monalisa/Downloads/Smestre7/sistemas-tempo-real/freertos-pico/pico-sdk/src/rp2_common/pico_stdio_usb/stdio_usb_descriptors.c.o
 .rodata.usbd_desc_device
                0x00000000100080a8       0x12 CMakeFiles/pratica05.dir/home/monalisa/Downloads/Smestre7/sistemas-tempo-real/freertos-pico/pico-sdk/src/rp2_common/pico_stdio_usb/stdio_usb_descriptors.c.o
 *fill*         0x00000000100080ba        0x2 
 .rodata.usbd_desc_str