Archive member included to satisfy reference by file (symbol)

/opt/arm-toolchain/bin/../lib/gcc/arm-none-eabi/10.3.1/../../../../arm-none-eabi/lib/thumb/v8-m.main+fp/softfp/libm.a(lib_a-wf_sqrt.o)
                              CMakeFiles/pratica03.dir/home/monalisa/Downloads/Smestre7/sistemas-tempo-real/freertos-pico/pico-sdk/src/rp2_common/pico_float/float_math.c.o (sqrtf)
/opt/arm-toolchain/bin/../lib/gcc/arm-none-eabi/10.3.1/../../../../arm-none-eabi/lib/thumb/v8-m.main+fp/softfp/libm.a(lib_a-ef_sqrt.o)
                              /opt/arm-toolchain/bin/../lib/gcc/arm-none-eabi/10.3.1/../../../../arm-none-eabi/lib/thumb/v8-m.main+fp/softfp/libm.a(lib_a-wf_sqrt.o) (__ieee754_sqrtf)
/opt/arm-toolchain/bin/../lib/gcc/arm-none-eabi/10.3.1/thumb/v8-m.main+fp/softfp/libgcc.a(_arm_addsubdf3.o)
                              CMakeFiles/pratica03.dir/home/monalisa/Downloads/Smestre7/sistemas-tempo-real/freertos-pico/pico-sdk/src/rp2_common/pico_float/float_math.c.o (__aeabi_f2d)
/opt/arm-toolchain/bin/../lib/gcc/arm-none-eabi/10.3.1/thumb/v8-m.main+fp/softfp/libgcc.a(_aeabi_ldivmod.o)
                              CMakeFiles/pratica03.dir/home/monalisa/Downloads/Smestre7/sistemas-tempo-real/freertos-pico/pico-sdk/src/common/pico_time/time.c.o (__aeabi_ldivmod)
/opt/arm-toolchain/bin/../lib/gcc/arm-none-eabi/10.3.1/thumb/v8-m.main+fp/softfp/libgcc.a(_aeabi_uldivmod.o)
                              CMakeFiles/pratica03.dir/home/monalisa/Downloads/Smestre7/sistemas-tempo-real/freertos-pico/pico-sdk/src/rp2_common/hardware_clocks/clocks.c.o (__aeabi_uldivmod)
/opt/arm-toolchain/bin/../lib/gcc/arm-none-eabi/10.3.1/thumb/v8-m.main+fp/softfp/libgcc.a(_udivmoddi4.o)
                              /opt/arm-toolchain/bin/../lib/gcc/arm-none-eabi/10.3.1/thumb/v8-m.main+fp/softfp/libgcc.a(_aeabi_ldivmod.o) (__udivmoddi4)
/opt/arm-toolchain/bin/../lib/gcc/arm-none-eabi/10.3.1/thumb/v8-m.main+fp/softfp/libgcc.a(_dvmd_tls.o)
                              /opt/arm-toolchain/bin/../lib/gcc/arm-none-eabi/10.3.1/thumb/v8-m.main+fp/softfp/libgcc.a(_aeabi_ldivmod.o) (__aeabi_ldiv0)
/opt/arm-toolchain/bin/../lib/gcc/arm-none-eabi/10.3.1/../../../../arm-none-eabi/lib/thumb/v8-m.main+fp/softfp/libg.a(lib_a-calloc.o)
                              CMakeFiles/pratica03.dir/home/monalisa/Downloads/Smestre7/sistemas-tempo-real/freertos-pico/pico-sdk/src/rp2_common/pico_malloc/malloc.c.o (calloc)
/opt/arm-toolchain/bin/../lib/gcc/arm-none-eabi/10.3.1/../../../../arm-none-eabi/lib/thumb/v8-m.main+fp/softfp/libg.a(lib_a-callocr.o)
                              /opt/arm-toolchain/bin/../lib/gcc/arm-none-eabi/10.3.1/../../../../arm-none-eabi/lib/thumb/v8-m.main+fp/softfp/libg.a(lib_a-calloc.o) (_calloc_r)
/opt/arm-toolchain/bin/../lib/gcc/arm-none-eabi/10.3.1/../../../../arm-none-eabi/lib/thumb/v8-m.main+fp/softfp/libg.a(lib_a-errno.o)
                              /opt/arm-toolchain/bin/../lib/gcc/arm-none-eabi/10.3.1/../../../../arm-none-eabi/lib/thumb/v8-m.main+fp/softfp/libm.a(lib_a-wf_sqrt.o) (__errno)
/opt/arm-toolchain/bin/../lib/gcc/arm-none-eabi/10.3.1/../../../../arm-none-eabi/lib/thumb/v8-m.main+fp/softfp/libg.a(lib_a-impure.o)
                              /opt/arm-toolchain/bin/../lib/gcc/arm-none-eabi/10.3.1/../../../../arm-none-eabi/lib/thumb/v8-m.main+fp/softfp/libg.a(lib_a-calloc.o) (_impure_ptr)
/opt/arm-toolchain/bin/../lib/gcc/arm-none-eabi/10.3.1/../../../../arm-none-eabi/lib/thumb/v8-m.main+fp/softfp/libg.a(lib_a-init.o)
                              /opt/arm-toolchain/bin/../lib/gcc/arm-none-eabi/10.3.1/../../../../arm-none-eabi/lib/thumb/v8-m.main+fp/softfp/crt0.o (__libc_init_array)
/opt/arm-toolchain/bin/../lib/gcc/arm-none-eabi/10.3.1/../../../../arm-none-eabi/lib/thumb/v8-m.main+fp/softfp/libg.a(lib_a-lcltime_r.o)
                              CMakeFiles/pratica03.dir/home/monalisa/Downloads/Smestre7/sistemas-tempo-real/freertos-pico/pico-sdk/src/common/pico_util/datetime.c.o (localtime_r)
/opt/arm-toolchain/bin/../lib/gcc/arm-none-eabi/10.3.1/../../../../arm-none-eabi/lib/thumb/v8-m.main+fp/softfp/libg.a(lib_a-malloc.o)
                              CMakeFiles/pratica03.dir/home/monalisa/Downloads/Smestre7/sistemas-tempo-real/freertos-pico/pico-sdk/src/rp2_common/pico_malloc/malloc.c.o (malloc)
/opt/arm-toolchain/bin/../lib/gcc/arm-none-eabi/10.3.1/../../../../arm-none-eabi/lib/thumb/v8-m.main+fp/softfp/libg.a(lib_a-mallocr.o)
                              /opt/arm-toolchain/bin/../lib/gcc/arm-none-eabi/10.3.1/../../../../arm-none-eabi/lib/thumb/v8-m.main+fp/softfp/libg.a(lib_a-callocr.o) (_malloc_r)
/opt/arm-toolchain/bin/../lib/gcc/arm-none-eabi/10.3.1/../../../../arm-none-eabi/lib/thumb/v8-m.main+fp/softfp/libg.a(lib_a-memcmp.o)
                              CMakeFiles/pratica03.dir/home/monalisa/Downloads/Smestre7/sistemas-tempo-real/freertos-pico/pico-sdk/src/rp2_common/pico_atomic/atomic.c.o (memcmp)
[...]
Memory Configuration

Name             Origin             Length             Attributes
FLASH            0x0000000010000000 0x0000000000400000 xr
RAM              0x0000000020000000 0x0000000000080000 xrw
SCRATCH_X        0x0000000020080000 0x0000000000001000 xrw
SCRATCH_Y        0x0000000020081000 0x0000000000001000 xrw
*default*        0x0000000000000000 0xffffffffffffffff

Linker script and memory map

LOAD /opt/arm-toolchain/bin/../lib/gcc/arm-none-eabi/10.3.1/thumb/v8-m.main+fp/softfp/crti.o
LOAD /opt/arm-toolchain/bin/../lib/gcc/arm-none-eabi/10.3.1/thumb/v8-m.main+fp/softfp/crtbegin.o
LOAD /opt/arm-toolchain/bin/../lib/gcc/arm-none-eabi/10.3.1/../../../../arm-none-eabi/lib/thumb/v8-m.main+fp/softfp/crt0.o

.flash_begin    0x0000000010000000        0x0
                0x0000000010000000                __flash_binary_start = .

.text           0x0000000010000000     0x8dfc
                0x0000000010000000                __logical_binary_start = .
 *(.vectors)
 .vectors       0x0000000010000000      0x124 CMakeFiles/pratica03.dir/home/monalisa/Downloads/Smestre7/sistemas-tempo-real/freertos-pico/pico-sdk/src/rp2_common/pico_crt0/crt0.S.o
                0x0000000010000000                __vectors
                0x0000000010000000                __VECTOR_TABLE
                0x0000000010000110                isr_invalid
                0x0000000010000110                __default_isrs_start
                0x0000000010000112                isr_nmi
                0x0000000010000114                isr_hardfault
                0x0000000010000116                isr_svcall
                0x0000000010000118                isr_pendsv
                0x000000001000011a                isr_systick
                0x000000001000011c                isr_irq30
                0x000000001000011c                __unhandled_user_irq
                0x000000001000011c                isr_irq49
                0x000000001000011c                isr_irq13
                0x000000001000011c                isr_irq43
                0x000000001000011c                isr_irq45
                0x000000001000011c                isr_irq27
                0x000000001000011c                isr_irq32
                0x000000001000011c                isr_irq31
                0x000000001000011c                isr_irq5
                0x000000001000011c                isr_irq11
                0x000000001000011c                isr_irq23
                0x000000001000011c                isr_irq48
                0x000000001000011c                isr_irq35
                0x000000001000011c                isr_irq18
                0x000000001000011c                isr_irq50
                0x000000001000011c                isr_irq40
                0x000000001000011c                isr_irq28
                0x000000001000011c                isr_irq19
                0x000000001000011c                isr_irq36
                0x000000001000011c                isr_irq41
                0x000000001000011c                isr_irq0
                0x000000001000011c                isr_irq6
                0x000000001000011c                isr_irq37
                0x000000001000011c                isr_irq42
                0x000000001000011c                isr_irq22
                0x000000001000011c                isr_irq17
                0x000000001000011c                isr_irq38
                0x000000001000011c                isr_irq14
                0x000000001000011c                isr_irq2
                0x000000001000011c                isr_irq10
                0x000000001000011c                isr_irq8
                0x000000001000011c                isr_irq24
                0x000000001000011c                isr_irq46
                0x000000001000011c                isr_irq1
                0x000000001000011c                isr_irq47
                0x000000001000011c                isr_irq51
                0x000000001000011c                isr_irq7
                0x000000001000011c                isr_irq21
                0x000000001000011c                isr_irq39
                0x000000001000011c                isr_irq20
                0x000000001000011c                isr_irq15
                0x000000001000011c                isr_irq25
                0x000000001000011c                isr_irq34
                0x000000001000011c                isr_irq4
                0x000000001000011c                isr_irq16
                0x000000001000011c                isr_irq44
                0x000000001000011c                isr_irq29
                0x000000001000011c                isr_irq26
                0x000000001000011c                __default_isrs_end
                0x000000001000011c                isr_irq33
                0x000000001000011c                isr_irq3
                0x000000001000011c                isr_irq12
                0x000000001000011c                isr_irq9
                0x0000000010000122                unhandled_user_irq_num_in_r0
 *(.binary_info_header)
 .binary_info_header
                0x0000000010000124       0x14 CMakeFiles/pratica03.dir/home/monalisa/Downloads/Smestre7/sistemas-tempo-real/freertos-pico/pico-sdk/src/rp2_common/pico_crt0/crt0.S.o
                0x0000000010000138                __binary_info_header_end = .
 *(.embedded_block)
 .embedded_block
                0x0000000010000138       0x14 CMakeFiles/pratica03.dir/home/monalisa/Downloads/Smestre7/sistemas-tempo-real/freertos-pico/pico-sdk/src/rp2_common/pico_crt0/crt0.S.o
                0x000000001000014c                __embedded_block_end = .
 *(.reset)
 .reset         0x000000001000014c       0xa0 CMakeFiles/pratica03.dir/home/monalisa/Downloads/Smestre7/sistemas-tempo-real/freertos-pico/pico-sdk/src/rp2_common/pico_crt0/crt0.S.o
                0x000000001000014c                _entry_point
 *(.init)
 .init          0x00000000100001ec        0x4 /opt/arm-toolchain/bin/../lib/gcc/arm-none-eabi/10.3.1/thumb/v8-m.main+fp/softfp/crti.o
                0x00000000100001ec                _init
 *libgcc.a:cmse_nonsecure_call.o()
 *(EXCLUDE_FILE(*libm.a: *libc.a:*lib_a-mem*.o *libgcc.a:) .text*)
 .text          0x00000000100001f0       0x40 /opt/arm-toolchain/bin/../lib/gcc/arm-none-eabi/10.3.1/thumb/v8-m.main+fp/softfp/crtbegin.o
 .text.taskUseCPU
                0x0000000010000230       0x14 CMakeFiles/pratica03.dir/main.c.o
                0x0000000010000230                taskUseCPU
 .text.taskCPUusage
                0x0000000010000244       0x6c CMakeFiles/pratica03.dir/main.c.o
                0x0000000010000244                taskCPUusage
 .text.taskLed  0x00000000100002b0       0x20 CMakeFiles/pratica03.dir/main.c.o
                0x00000000100002b0                taskLed
 .text.taskLed2
                0x00000000100002d0       0x20 CMakeFiles/pratica03.dir/main.c.o
                0x00000000100002d0                taskLed2
 .text.startup.main
                0x00000000100002f0       0x80 CMakeFiles/pratica03.dir/main.c.o
                0x00000000100002f0                main
 .text.gpio_init
                0x0000000010000370       0x44 CMakeFiles/pratica03.dir/home/monalisa/Downloads/Smestre7/sistemas-tempo-real/freertos-pico/pico-sdk/src/rp2_common/hardware_gpio/gpio.c.o
                0x0000000010000370                gpio_init
 .text.panic    0x00000000100003b4       0x30 CMakeFiles/pratica03.dir/home/monalisa/Downloads/Smestre7/sistemas-tempo-real/freertos-pico/pico-sdk/src/rp2_common/pico_platform_panic/panic.c.o
                0x00000000100003b4                panic
 .text.hw_claim_lock
                0x00000000100003e4       0x24 CMakeFiles/pratica03.dir/home/monalisa/Downloads/Smestre7/sistemas-tempo-real/freertos-pico/pico-sdk/src/common/hardware_claim/claim.c.o
                0x00000000100003e4                hw_claim_lock
 .text.hw_claim_unlock
                0x0000000010000408       0x14 CMakeFiles/pratica03.dir/home/monalisa/Downloads/Smestre7/sistemas-tempo-real/freertos-pico/pico-sdk/src/common/hardware_claim/claim.c.o
                0x0000000010000408                hw_claim_unlock
 .text.hw_claim_or_assert
                0x000000001000041c       0x5c CMakeFiles/pratica03.dir/home/monalisa/Downloads/Smestre7/sistemas-tempo-real/freertos-pico/pico-sdk/src/common/hardware_claim/claim.c.o
                0x000000001000041c                hw_claim_or_assert
 .text.hw_claim_unused_from_range
                0x0000000010000478       0x9c CMakeFiles/pratica03.dir/home/monalisa/Downloads/Smestre7/sistemas-tempo-real/freertos-pico/pico-sdk/src/common/hardware_claim/claim.c.o
                0x0000000010000478                hw_claim_unused_from_range
 .text.next_striped_spin_lock_num
                0x0000000010000514       0x18 CMakeFiles/pratica03.dir/home/monalisa/Downloads/Smestre7/sistemas-tempo-real/freertos-pico/pico-sdk/src/rp2_common/hardware_sync/sync.c.o
                0x0000000010000514                next_striped_spin_lock_num
 .text.spin_lock_claim
                0x000000001000052c       0x14 CMakeFiles/pratica03.dir/home/monalisa/Downloads/Smestre7/sistemas-tempo-real/freertos-pico/pico-sdk/src/rp2_common/hardware_sync/sync.c.o
                0x000000001000052c                spin_lock_claim
 .text.spin_lock_claim_unused
                0x0000000010000540       0x20 CMakeFiles/pratica03.dir/home/monalisa/Downloads/Smestre7/sistemas-tempo-real/freertos-pico/pico-sdk/src/rp2_common/hardware_sync/sync.c.o
                0x0000000010000540                spin_lock_claim_unused
 .text.spinlock_set_extexclall
                0x0000000010000560       0x10 CMakeFiles/pratica03.dir/home/monalisa/Downloads/Smestre7/sistemas-tempo-real/freertos-pico/pico-sdk/src/rp2_common/hardware_sync_spin_lock/sync_spin_lock.c.o
 .text.spin_locks_reset
                0x0000000010000570       0x18 CMakeFiles/pratica03.dir/home/monalisa/Downloads/Smestre7/sistemas-tempo-real/freertos-pico/pico-sdk/src/rp2_common/hardware_sync_spin_lock/sync_spin_lock.c.o
                0x0000000010000570                spin_locks_reset
 .text.runtime_init_per_core_irq_priorities
                0x0000000010000588       0x40 CMakeFiles/pratica03.dir/home/monalisa/Downloads/Smestre7/sistemas-tempo-real/freertos-pico/pico-sdk/src/rp2_common/hardware_irq/irq.c.o
                0x0000000010000588                runtime_init_per_core_irq_priorities
 .text.irq_set_enabled
                0x00000000100005c8       0x2c CMakeFiles/pratica03.dir/home/monalisa/Downloads/Smestre7/sistemas-tempo-real/freertos-pico/pico-sdk/src/rp2_common/hardware_irq/irq.c.o
                0x00000000100005c8                irq_set_enabled
 .text.irq_is_enabled
                0x00000000100005f4       0x20 CMakeFiles/pratica03.dir/home/monalisa/Downloads/Smestre7/sistemas-tempo-real/freertos-pico/pico-sdk/src/rp2_common/hardware_irq/irq.c.o
                0x00000000100005f4                irq_is_enabled
 .text.irq_set_pending
                0x0000000010000614       0x1c CMakeFiles/pratica03.dir/home/monalisa/Downloads/Smestre7/sistemas-tempo-real/freertos-pico/pico-sdk/src/rp2_common/hardware_irq/irq.c.o
                0x0000000010000614                irq_set_pending
 .text.irq_has_shared_handler
                0x0000000010000630       0x20 CMakeFiles/pratica03.dir/home/monalisa/Downloads/Smestre7/sistemas-tempo-real/freertos-pico/pico-sdk/src/rp2_common/hardware_irq/irq.c.o
                0x0000000010000630                irq_has_shared_handler
 .text.irq_set_exclusive_handler
                0x0000000010000650       0x60 CMakeFiles/pratica03.dir/home/monalisa/Downloads/Smestre7/sistemas-tempo-real/freertos-pico/pico-sdk/src/rp2_common/hardware_irq/irq.c.o
                0x0000000010000650                irq_set_exclusive_handler
 .text.irq_add_shared_handler
                0x00000000100006b0      0x1e8 CMakeFiles/pratica03.dir/home/monalisa/Downloads/Smestre7/sistemas-tempo-real/freertos-pico/pico-sdk/src/rp2_common/hardware_irq/irq.c.o
                0x00000000100006b0                irq_add_shared_handler
 .text.irq_set_priority
                0x0000000010000898       0x28 CMakeFiles/pratica03.dir/home/monalisa/Downloads/Smestre7/sistemas-tempo-real/freertos-pico/pico-sdk/src/rp2_common/hardware_irq/irq.c.o
                0x0000000010000898                irq_set_priority
 .text.irq_add_tail_to_free_list
                0x00000000100008c0       0xbc CMakeFiles/pratica03.dir/home/monalisa/Downloads/Smestre7/sistemas-tempo-real/freertos-pico/pico-sdk/src/rp2_common/hardware_irq/irq.c.o
                0x00000000100008c0                irq_add_tail_to_free_list
 .text.user_irq_claim_unused
                0x000000001000097c       0x28 CMakeFiles/pratica03.dir/home/monalisa/Downloads/Smestre7/sistemas-tempo-real/freertos-pico/pico-sdk/src/rp2_common/hardware_irq/irq.c.o
                0x000000001000097c                user_irq_claim_unused
 .text.lock_init
                0x00000000100009a4        0xc CMakeFiles/pratica03.dir/home/monalisa/Downloads/Smestre7/sistemas-tempo-real/freertos-pico/pico-sdk/src/common/pico_sync/lock_core.c.o
                0x00000000100009a4                lock_init
 .text.runtime_init_mutex
                0x00000000100009b0       0x64 CMakeFiles/pratica03.dir/home/monalisa/Downloads/Smestre7/sistemas-tempo-real/freertos-pico/pico-sdk/src/common/pico_sync/mutex.c.o
                0x00000000100009b0                runtime_init_mutex
 .text.mutex_init
                0x0000000010000a14       0x1c CMakeFiles/pratica03.dir/home/monalisa/Downloads/Smestre7/sistemas-tempo-real/freertos-pico/pico-sdk/src/common/pico_sync/mutex.c.o
                0x0000000010000a14                mutex_init
 .text.critical_section_init
                0x0000000010000a30       0x1c CMakeFiles/pratica03.dir/home/monalisa/Downloads/Smestre7/sistemas-tempo-real/freertos-pico/pico-sdk/src/common/pico_sync/critical_section.c.o
                0x0000000010000a30                critical_section_init
 .text.critical_section_init_with_lock_num
                0x0000000010000a4c       0x10 CMakeFiles/pratica03.dir/home/monalisa/Downloads/Smestre7/sistemas-tempo-real/freertos-pico/pico-sdk/src/common/pico_sync/critical_section.c.o
                0x0000000010000a4c                critical_section_init_with_lock_num
 *fill*         0x0000000010000a5c        0x4 
 .text.alarm_pool_irq_handler
                0x0000000010000a60      0x300 CMakeFiles/pratica03.dir/home/monalisa/Downloads/Smestre7/sistemas-tempo-real/freertos-pico/pico-sdk/src/common/pico_time/time.c.o
 .text.sleep_until_callback
                0x0000000010000d60       0x34 CMakeFiles/pratica03.dir/home/monalisa/Downloads/Smestre7/sistemas-tempo-real/freertos-pico/pico-sdk/src/common/pico_time/time.c.o
 .text.runtime_init_default_alarm_pool
                0x0000000010000d94      0x100 CMakeFiles/pratica03.dir/home/monalisa/Downloads/Smestre7/sistemas-tempo-real/freertos-pico/pico-sdk/src/common/pico_time/time.c.o
                0x0000000010000d94                runtime_init_default_alarm_pool
 .text.alarm_pool_get_default
                0x0000000010000e94        0x8 CMakeFiles/pratica03.dir/home/monalisa/Downloads/Smestre7/sistemas-tempo-real/freertos-pico/pico-sdk/src/common/pico_time/time.c.o
                0x0000000010000e94                alarm_pool_get_default
 .text.alarm_pool_add_alarm_at
                0x0000000010000e9c       0xdc CMakeFiles/pratica03.dir/home/monalisa/Downloads/Smestre7/sistemas-tempo-real/freertos-pico/pico-sdk/src/common/pico_time/time.c.o
                0x0000000010000e9c                alarm_pool_add_alarm_at
 .text.alarm_pool_add_alarm_at_force_in_context
                0x0000000010000f78       0xc4 CMakeFiles/pratica03.dir/home/monalisa/Downloads/Smestre7/sistemas-tempo-real/freertos-pico/pico-sdk/src/common/pico_time/time.c.o
                0x0000000010000f78                alarm_pool_add_alarm_at_force_in_context
 .text.alarm_pool_cancel_alarm
                0x000000001000103c       0x80 CMakeFiles/pratica03.dir/home/monalisa/Downloads/Smestre7/sistemas-tempo-real/freertos-pico/pico-sdk/src/common/pico_time/time.c.o
                0x000000001000103c                alarm_pool_cancel_alarm
 .text.alarm_pool_core_num
                0x00000000100010bc        0x4 CMakeFiles/pratica03.dir/home/monalisa/Downloads/Smestre7/sistemas-tempo-real/freertos-pico/pico-sdk/src/common/pico_time/time.c.o
                0x00000000100010bc                alarm_pool_core_num
 .text.best_effort_wfe_or_timeout
                0x00000000100010c0       0xdc CMakeFiles/pratica03.dir/home/monalisa/Downloads/Smestre7/sistemas-tempo-real/freertos-pico/pico-sdk/src/common/pico_time/time.c.o
                0x00000000100010c0                best_effort_wfe_or_timeout
 .text.timer_hardware_alarm_claim
                0x000000001000119c       0x24 CMakeFiles/pratica03.dir/home/monalisa/Downloads/Smestre7/sistemas-tempo-real/freertos-pico/pico-sdk/src/rp2_common/hardware_timer/timer.c.o
                0x000000001000119c                timer_hardware_alarm_claim
 .text.timer_time_us_64
                0x00000000100011c0       0x10 CMakeFiles/pratica03.dir/home/monalisa/Downloads/Smestre7/sistemas-tempo-real/freertos-pico/pico-sdk/src/rp2_common/hardware_timer/timer.c.o
                0x00000000100011c0                timer_time_us_64
 .text.time_us_64
                0x00000000100011d0       0x14 CMakeFiles/pratica03.dir/home/monalisa/Downloads/Smestre7/sistemas-tempo-real/freertos-pico/pico-sdk/src/rp2_common/hardware_timer/timer.c.o
                0x00000000100011d0                time_us_64
 .text.clock_configure_undivided
                0x00000000100011e4       0xd0 CMakeFiles/pratica03.dir/home/monalisa/Downloads/Smestre7/sistemas-tempo-real/freertos-pico/pico-sdk/src/rp2_common/hardware_clocks/clocks.c.o
                0x00000000100011e4                clock_configure_undivided
 .text.clock_get_hz
                0x00000000100012b4        0xc CMakeFiles/pratica03.dir/home/monalisa/Downloads/Smestre7/sistemas-tempo-real/freertos-pico/pico-sdk/src/rp2_common/hardware_clocks/clocks.c.o
                0x00000000100012b4                clock_get_hz
 .text.pll_init
                0x00000000100012c0       0x8c CMakeFiles/pratica03.dir/home/monalisa/Downloads/Smestre7/sistemas-tempo-real/freertos-pico/pico-sdk/src/rp2_common/hardware_pll/pll.c.o
                0x00000000100012c0                pll_init
 .text.watchdog_reboot
                0x000000001000134c       0x9c CMakeFiles/pratica03.dir/home/monalisa/Downloads/Smestre7/sistemas-tempo-real/freertos-pico/pico-sdk/src/rp2_common/hardware_watchdog/watchdog.c.o
                0x000000001000134c                watchdog_reboot
 .text.tick_start
                0x00000000100013e8       0x18 CMakeFiles/pratica03.dir/home/monalisa/Downloads/Smestre7/sistemas-tempo-real/freertos-pico/pico-sdk/src/rp2_common/hardware_ticks/ticks.c.o
                0x00000000100013e8                tick_start
 .text.rom_reboot.constprop.0.isra.0
                0x0000000010001400       0x38 CMakeFiles/pratica03.dir/home/monalisa/Downloads/Smestre7/sistemas-tempo-real/freertos-pico/pico-sdk/src/rp2_common/pico_bootrom/bootrom.c.o
 .text.rom_func_lookup
                0x0000000010001438       0x18 CMakeFiles/pratica03.dir/home/monalisa/Downloads/Smestre7/sistemas-tempo-real/freertos-pico/pico-sdk/src/rp2_common/pico_bootrom/bootrom.c.o
                0x0000000010001438                rom_func_lookup
 .text.rom_reset_usb_boot_extra
                0x0000000010001450       0x1c CMakeFiles/pratica03.dir/home/monalisa/Downloads/Smestre7/sistemas-tempo-real/freertos-pico/pico-sdk/src/rp2_common/pico_bootrom/bootrom.c.o
                0x0000000010001450                rom_reset_usb_boot_extra
 .text.runtime_init_bootrom_locking_enable
                0x000000001000146c       0x14 CMakeFiles/pratica03.dir/home/monalisa/Downloads/Smestre7/sistemas-tempo-real/freertos-pico/pico-sdk/src/rp2_common/pico_bootrom/bootrom_lock.c.o
                0x000000001000146c                runtime_init_bootrom_locking_enable
 .text.runtime_init_boot_locks_reset
                0x0000000010001480       0x1c CMakeFiles/pratica03.dir/home/monalisa/Downloads/Smestre7/sistemas-tempo-real/freertos-pico/pico-sdk/src/rp2_common/hardware_boot_lock/boot_lock.c.o
                0x0000000010001480                runtime_init_boot_locks_reset
 .text.xosc_init
                0x000000001000149c       0x30 CMakeFiles/pratica03.dir/home/monalisa/Downloads/Smestre7/sistemas-tempo-real/freertos-pico/pico-sdk/src/rp2_common/hardware_xosc/xosc.c.o
                0x000000001000149c                xosc_init
 .text.first_per_core_initializer
                0x00000000100014cc        0x4 CMakeFiles/pratica03.dir/home/monalisa/Downloads/Smestre7/sistemas-tempo-real/freertos-pico/pico-sdk/src/rp2_common/pico_runtime/runtime.c.o
 .text.hard_assertion_failure
                0x00000000100014d0        0xc CMakeFiles/pratica03.dir/home/monalisa/Downloads/Smestre7/sistemas-tempo-real/freertos-pico/pico-sdk/src/rp2_common/pico_runtime/runtime.c.o
                0x00000000100014d0                hard_assertion_failure
 .text.runtime_run_initializers
                0x00000000100014dc       0x20 CMakeFiles/pratica03.dir/home/monalisa/Downloads/Smestre7/sistemas-tempo-real/freertos-pico/pico-sdk/src/rp2_common/pico_runtime/runtime.c.o
                0x00000000100014dc                runtime_run_initializers
 .text.runtime_run_per_core_initializers
                0x00000000100014fc       0x20 CMakeFiles/pratica03.dir/home/monalisa/Downloads/Smestre7/sistemas-tempo-real/freertos-pico/pico-sdk/src/rp2_common/pico_runtime/runtime.c.o
                0x00000000100014fc                runtime_run_per_core_initializers
 .text.runtime_init_early_resets
                0x000000001000151c       0x34 CMakeFiles/pratica03.dir/home/monalisa/Downloads/Smestre7/sistemas-tempo-real/freertos-pico/pico-sdk/src/rp2_common/pico_runtime_init/runtime_init.c.o
                0x000000001000151c                runtime_init_early_resets
 .text.runtime_init_usb_power_down
                0x0000000010001550       0x1c CMakeFiles/pratica03.dir/home/monalisa/Downloads/Smestre7/sistemas-tempo-real/freertos-pico/pico-sdk/src/rp2_common/pico_runtime_init/runtime_init.c.o
                0x0000000010001550                runtime_init_usb_power_down
 .text.runtime_init_per_core_enable_coprocessors
                0x000000001000156c       0x1c CMakeFiles/pratica03.dir/home/monalisa/Downloads/Smestre7/sistemas-tempo-real/freertos-pico/pico-sdk/src/rp2_common/pico_runtime_init/runtime_init.c.o
                0x000000001000156c                runtime_init_per_core_enable_coprocessors
 .text.runtime_init_post_clock_resets
                0x0000000010001588       0x20 CMakeFiles/pratica03.dir/home/monalisa/Downloads/Smestre7/sistemas-tempo-real/freertos-pico/pico-sdk/src/rp2_common/pico_runtime_init/runtime_init.c.o
                0x0000000010001588                runtime_init_post_clock_resets
 .text.runtime_init_bootrom_reset
                0x00000000100015a8       0x14 CMakeFiles/pratica03.dir/home/monalisa/Downloads/Smestre7/sistemas-tempo-real/freertos-pico/pico-sdk/src/rp2_common/pico_runtime_init/runtime_init.c.o
                0x00000000100015a8                runtime_init_bootrom_reset
 .text.runtime_init_per_core_bootrom_reset
                0x00000000100015bc       0x14 CMakeFiles/pratica03.dir/home/monalisa/Downloads/Smestre7/sistemas-tempo-real/freertos-pico/pico-sdk/src/rp2_common/pico_runtime_init/runtime_init.c.o
                0x00000000100015bc                runtime_init_per_core_bootrom_reset
 .text.runtime_init_spin_locks_reset
                0x00000000100015d0        0x4 CMakeFiles/pratica03.dir/home/monalisa/Downloads/Smestre7/sistemas-tempo-real/freertos-pico/pico-sdk/src/rp2_common/pico_runtime_init/runtime_init.c.o
                0x00000000100015d0                runtime_init_spin_locks_reset
 .text.runtime_init_install_ram_vector_table
                0x00000000100015d4       0x20 CMakeFiles/pratica03.dir/home/monalisa/Downloads/Smestre7/sistemas-tempo-real/freertos-pico/pico-sdk/src/rp2_common/pico_runtime_init/runtime_init.c.o
                0x00000000100015d4                runtime_init_install_ram_vector_table
 .text.runtime_init_clocks
                0x00000000100015f4       0xdc CMakeFiles/pratica03.dir/home/monalisa/Downloads/Smestre7/sistemas-tempo-real/freertos-pico/pico-sdk/src/rp2_common/pico_runtime_init/runtime_init_clocks.c.o
                0x00000000100015f4                runtime_init_clocks
 .text.__rp2350_dcp_engaged_state_save_restore
                0x00000000100016d0       0x3a CMakeFiles/pratica03.dir/home/monalisa/Downloads/Smestre7/sistemas-tempo-real/freertos-pico/pico-sdk/src/rp2_common/pico_double/double_aeabi_dcp.S.o
 *fill*         0x000000001000170a        0x2 
 .text.__wrap___aeabi_dadd
                0x000000001000170c       0x28 CMakeFiles/pratica03.dir/home/monalisa/Downloads/Smestre7/sistemas-tempo-real/freertos-pico/pico-sdk/src/rp2_common/pico_double/double_aeabi_dcp.S.o
                0x0000000010001714                __wrap___aeabi_dadd
 .text.__wrap___aeabi_dsub
                0x0000000010001734       0x28 CMakeFiles/pratica03.dir/home/monalisa/Downloads/Smestre7/sistemas-tempo-real/freertos-pico/pico-sdk/src/rp2_common/pico_double/double_aeabi_dcp.S.o
                0x000000001000173c                __wrap___aeabi_dsub
 .text.__wrap___aeabi_dmul
                0x000000001000175c       0x4c CMakeFiles/pratica03.dir/home/monalisa/Downloads/Smestre7/sistemas-tempo-real/freertos-pico/pico-sdk/src/rp2_common/pico_double/double_aeabi_dcp.S.o
                0x0000000010001764                __wrap___aeabi_dmul
 .text.__wrap___aeabi_ddiv
                0x00000000100017a8       0x9c CMakeFiles/pratica03.dir/home/monalisa/Downloads/Smestre7/sistemas-tempo-real/freertos-pico/pico-sdk/src/rp2_common/pico_double/double_aeabi_dcp.S.o
                0x00000000100017b0                __wrap___aeabi_ddiv
 .text.__wrap___aeabi_i2d
                0x0000000010001844       0x24 CMakeFiles/pratica03.dir/home/monalisa/Downloads/Smestre7/sistemas-tempo-real/freertos-pico/pico-sdk/src/rp2_common/pico_double/double_aeabi_dcp.S.o
                0x000000001000184c                __wrap___aeabi_i2d
                0x000000001000184c                int2double
 .text.__wrap___aeabi_ui2d
                0x0000000010001868       0x24 CMakeFiles/pratica03.dir/home/monalisa/Downloads/Smestre7/sistemas-tempo-real/freertos-pico/pico-sdk/src/rp2_common/pico_double/double_aeabi_dcp.S.o
                0x0000000010001870                __wrap___aeabi_ui2d
                0x0000000010001870                uint2double
 .text.__wrap___aeabi_d2iz
                0x000000001000188c       0x24 CMakeFiles/pratica03.dir/home/monalisa/Downloads/Smestre7/sistemas-tempo-real/freertos-pico/pico-sdk/src/rp2_common/pico_double/double_aeabi_dcp.S.o
                0x0000000010001894                __wrap___aeabi_d2iz
                0x0000000010001894                double2int_z
 .text.__wrap___aeabi_d2uiz
                0x00000000100018b0       0x24 CMakeFiles/pratica03.dir/home/monalisa/Downloads/Smestre7/sistemas-tempo-real/freertos-pico/pico-sdk/src/rp2_common/pico_double/double_aeabi_dcp.S.o
                0x00000000100018b8                double2uint_z
                0x00000000100018b8                double2uint
                0x00000000100018b8                __wrap___aeabi_d2uiz
 .text.__wrap___aeabi_dcmpun
                0x00000000100018d4       0x24 CMakeFiles/pratica03.dir/home/monalisa/Downloads/Smestre7/sistemas-tempo-real/freertos-pico/pico-sdk/src/rp2_common/pico_double/double_aeabi_dcp.S.o
                0x00000000100018dc                __wrap___aeabi_dcmpun
 .text.__wrap___aeabi_dcmplt
                0x00000000100018f8       0x28 CMakeFiles/pratica03.dir/home/monalisa/Downloads/Smestre7/sistemas-tempo-real/freertos-pico/pico-sdk/src/rp2_common/pico_double/double_aeabi_dcp.S.o
                0x0000000010001900                __wrap___aeabi_dcmplt
 .text.__wrap___aeabi_dcmple
                0x0000000010001920       0x28 CMakeFiles/pratica03.dir/home/monalisa/Downloads/Smestre7/sistemas-tempo-real/freertos-pico/pico-sdk/src/rp2_common/pico_double/double_aeabi_dcp.S.o
                0x0000000010001928                __wrap___aeabi_dcmple
 .text.__wrap___aeabi_dcmpge
                0x0000000010001948       0x28 CMakeFiles/pratica03.dir/home/monalisa/Downloads/Smestre7/sistemas-tempo-real/freertos-pico/pico-sdk/src/rp2_common/pico_double/double_aeabi_dcp.S.o
                0x0000000010001950                __wrap___aeabi_dcmpge
 .text.__wrap___aeabi_dcmpgt
                0x0000000010001970       0x28 CMakeFiles/pratica03.dir/home/monalisa/Downloads/Smestre7/sistemas-tempo-real/freertos-pico/pico-sdk/src/rp2_common/pico_double/double_aeabi_dcp.S.o
                0x0000000010001978                __wrap___aeabi_dcmpgt
 .text._out_null
                0x0000000010001998        0x4 CMakeFiles/pratica03.dir/home/monalisa/Downloads/Smestre7/sistemas-tempo-real/freertos-pico/pico-sdk/src/rp2_common/pico_printf/printf.c.o
 .text._out_rev
                0x000000001000199c       0x88 CMakeFiles/pratica03.dir/home/monalisa/Downloads/Smestre7/sistemas-tempo-real/freertos-pico/pico-sdk/src/rp2_common/pico_printf/printf.c.o
 .text._ntoa_format
                0x0000000010001a24      0x1e8 CMakeFiles/pratica03.dir/home/monalisa/Downloads/Smestre7/sistemas-tempo-real/freertos-pico/pico-sdk/src/rp2_common/pico_printf/printf.c.o
 .text._out_char
                0x0000000010001c0c        0x8 CMakeFiles/pratica03.dir/home/monalisa/Downloads/Smestre7/sistemas-tempo-real/freertos-pico/pico-sdk/src/rp2_common/pico_printf/printf.c.o
 .text._out_fct
                0x0000000010001c14        0xc CMakeFiles/pratica03.dir/home/monalisa/Downloads/Smestre7/sistemas-tempo-real/freertos-pico/pico-sdk/src/rp2_common/pico_printf/printf.c.o
 .text._etoa    0x0000000010001c20      0x460 CMakeFiles/pratica03.dir/home/monalisa/Downloads/Smestre7/sistemas-tempo-real/freertos-pico/pico-sdk/src/rp2_common/pico_printf/printf.c.o
 .text._ftoa    0x0000000010002080      0x3d8 CMakeFiles/pratica03.dir/home/monalisa/Downloads/Smestre7/sistemas-tempo-real/freertos-pico/pico-sdk/src/rp2_common/pico_printf/printf.c.o
 .text._vsnprintf
                0x0000000010002458      0x9c8 CMakeFiles/pratica03.dir/home/monalisa/Downloads/Smestre7/sistemas-tempo-real/freertos-pico/pico-sdk/src/rp2_common/pico_printf/printf.c.o
 .text.vfctprintf
                0x0000000010002e20       0x28 CMakeFiles/pratica03.dir/home/monalisa/Downloads/Smestre7/sistemas-tempo-real/freertos-pico/pico-sdk/src/rp2_common/pico_printf/printf.c.o
                0x0000000010002e20                vfctprintf
 .text.weak_raw_vprintf
                0x0000000010002e48       0x30 CMakeFiles/pratica03.dir/home/monalisa/Downloads/Smestre7/sistemas-tempo-real/freertos-pico/pico-sdk/src/rp2_common/pico_printf/printf.c.o
                0x0000000010002e48                weak_raw_vprintf
 .text._exit    0x0000000010002e78        0x4 CMakeFiles/pratica03.dir/home/monalisa/Downloads/Smestre7/sistemas-tempo-real/freertos-pico/pico-sdk/src/rp2_common/pico_clib_interface/newlib_interface.c.o
                0x0000000010002e78                _exit
 .text.exit     0x0000000010002e7c        0x8 CMakeFiles/pratica03.dir/home/monalisa/Downloads/Smestre7/sistemas-tempo-real/freertos-pico/pico-sdk/src/rp2_common/pico_clib_interface/newlib_interface.c.o
                0x0000000010002e7c                exit
 .text.runtime_init
                0x0000000010002e84       0x24 CMakeFiles/pratica03.dir/home/monalisa/Downloads/Smestre7/sistemas-tempo-real/freertos-pico/pico-sdk/src/rp2_common/pico_clib_interface/newlib_interface.c.o
                0x0000000010002e84                runtime_init
 .text.stdio_out_chars_no_crlf
                0x0000000010002ea8        0x8 CMakeFiles/pratica03.dir/home/monalisa/Downloads/Smestre7/sistemas-tempo-real/freertos-pico/pico-sdk/src/rp2_common/pico_stdio/stdio.c.o
 .text.stdio_out_chars_crlf
                0x0000000010002eb0       0xac CMakeFiles/pratica03.dir/home/monalisa/Downloads/Smestre7/sistemas-tempo-real/freertos-pico/pico-sdk/src/rp2_common/pico_stdio/stdio.c.o
 .text.stdio_buffered_printer
                0x0000000010002f5c       0x60 CMakeFiles/pratica03.dir/home/monalisa/Downloads/Smestre7/sistemas-tempo-real/freertos-pico/pico-sdk/src/rp2_common/pico_stdio/stdio.c.o
 .text.stdio_put_string
                0x0000000010002fbc       0xe8 CMakeFiles/pratica03.dir/home/monalisa/Downloads/Smestre7/sistemas-tempo-real/freertos-pico/pico-sdk/src/rp2_common/pico_stdio/stdio.c.o
                0x0000000010002fbc                stdio_put_string
 .text.stdio_set_driver_enabled
                0x00000000100030a4       0x28 CMakeFiles/pratica03.dir/home/monalisa/Downloads/Smestre7/sistemas-tempo-real/freertos-pico/pico-sdk/src/rp2_common/pico_stdio/stdio.c.o
                0x00000000100030a4                stdio_set_driver_enabled
 .text.stdio_init_all
                0x00000000100030cc        0x4 CMakeFiles/pratica03.dir/home/monalisa/Downloads/Smestre7/sistemas-tempo-real/freertos-pico/pico-sdk/src/rp2_common/pico_stdio/stdio.c.o
                0x00000000100030cc                stdio_init_all
 .text.__wrap_putchar
                0x00000000100030d0       0x7c CMakeFiles/pratica03.dir/home/monalisa/Downloads/Smestre7/sistemas-tempo-real/freertos-pico/pico-sdk/src/rp2_common/pico_stdio/stdio.c.o
                0x00000000100030d0                stdio_putchar
                0x00000000100030d0                __wrap_putchar
 .text.__wrap_puts
                0x000000001000314c       0x3c CMakeFiles/pratica03.dir/home/monalisa/Downloads/Smestre7/sistemas-tempo-real/freertos-pico/pico-sdk/src/rp2_common/pico_stdio/stdio.c.o
                0x000000001000314c                __wrap_puts
                0x000000001000314c                stdio_puts
 .text.__wrap_vprintf
                0x0000000010003188       0xc0 CMakeFiles/pratica03.dir/home/monalisa/Downloads/Smestre7/sistemas-tempo-real/freertos-pico/pico-sdk/src/rp2_common/pico_stdio/stdio.c.o
                0x0000000010003188                __wrap_vprintf
                0x0000000010003188                stdio_vprintf
 .text.__wrap_printf
                0x0000000010003248       0x1c CMakeFiles/pratica03.dir/home/monalisa/Downloads/Smestre7/sistemas-tempo-real/freertos-pico/pico-sdk/src/rp2_common/pico_stdio/stdio.c.o
                0x0000000010003248                stdio_printf
                0x0000000010003248                __wrap_printf
 .text.resetd_init
                0x0000000010003264        0x4 CMakeFiles/pratica03.dir/home/monalisa/Downloads/Smestre7/sistemas-tempo-real/freertos-pico/pico-sdk/src/rp2_common/pico_stdio_usb/reset_interface.c.o
 .text.resetd_reset
                0x0000000010003268        0xc CMakeFiles/pratica03.dir/home/monalisa/Downloads/Smestre7/sistemas-tempo-real/freertos-pico/pico-sdk/src/rp2_common/pico_stdio_usb/reset_interface.c.o
 .text.resetd_open
                0x0000000010003274       0x28 CMakeFiles/pratica03.dir/home/monalisa/Downloads/Smestre7/sistemas-tempo-real/freertos-pico/pico-sdk/src/rp2_common/pico_stdio_usb/reset_interface.c.o
 .text.resetd_xfer_cb
                0x000000001000329c        0x4 CMakeFiles/pratica03.dir/home/monalisa/Downloads/Smestre7/sistemas-tempo-real/freertos-pico/pico-sdk/src/rp2_common/pico_stdio_usb/reset_interface.c.o
 .text.resetd_control_xfer_cb
                0x00000000100032a0       0x54 CMakeFiles/pratica03.dir/home/monalisa/Downloads/Smestre7/sistemas-tempo-real/freertos-pico/pico-sdk/src/rp2_common/pico_stdio_usb/reset_interface.c.o
 .text.tud_descriptor_bos_cb
                0x00000000100032f4        0x8 CMakeFiles/pratica03.dir/home/monalisa/Downloads/Smestre7/sistemas-tempo-real/freertos-pico/pico-sdk/src/rp2_common/pico_stdio_usb/reset_interface.c.o
                0x00000000100032f4                tud_descriptor_bos_cb
 .text.tud_vendor_control_xfer_cb
                0x00000000100032fc       0x28 CMakeFiles/pratica03.dir/home/monalisa/Downloads/Smestre7/sistemas-tempo-real/freertos-pico/pico-sdk/src/rp2_common/pico_stdio_usb/reset_interface.c.o
                0x00000000100032fc                tud_vendor_control_xfer_cb
 .text.usbd_app_driver_get_cb
                0x0000000010003324       0x10 CMakeFiles/pratica03.dir/home/monalisa/Downloads/Smestre7/sistemas-tempo-real/freertos-pico/pico-sdk/src/rp2_common/pico_stdio_usb/reset_interface.c.o
                0x0000000010003324                usbd_app_driver_get_cb
 .text.tud_cdc_line_coding_cb
                0x0000000010003334       0x18 CMakeFiles/pratica03.dir/home/monalisa/Downloads/Smestre7/sistemas-tempo-real/freertos-pico/pico-sdk/src/rp2_common/pico_stdio_usb/reset_interface.c.o
                0x0000000010003334                tud_cdc_line_coding_cb
 .text.stdio_usb_set_chars_available_callback
                0x000000001000334c       0x14 CMakeFiles/pratica03.dir/home/monalisa/Downloads/Smestre7/sistemas-tempo-real/freertos-pico/pico-sdk/src/rp2_common/pico_stdio_usb/stdio_usb.c.o
                0x000000001000334c                stdio_usb_set_chars_available_callback
 .text.timer_task
                0x0000000010003360       0x70 CMakeFiles/pratica03.dir/home/monalisa/Downloads/Smestre7/sistemas-tempo-real/freertos-pico/pico-sdk/src/rp2_common/pico_stdio_usb/stdio_usb.c.o
 .text.usb_irq  0x00000000100033d0        0xc CMakeFiles/pratica03.dir/home/monalisa/Downloads/Smestre7/sistemas-tempo-real/freertos-pico/pico-sdk/src/rp2_common/pico_stdio_usb/stdio_usb.c.o
 .text.stdio_usb_in_chars
                0x00000000100033dc       0x84 CMakeFiles/pratica03.dir/home/monalisa/Downloads/Smestre7/sistemas-tempo-real/freertos-pico/pico-sdk/src/rp2_common/pico_stdio_usb/stdio_usb.c.o
                0x00000000100033dc                stdio_usb_in_chars
 .text.stdio_usb_out_flush
                0x0000000010003460       0x4c CMakeFiles/pratica03.dir/home/monalisa/Downloads/Smestre7/sistemas-tempo-real/freertos-pico/pico-sdk/src/rp2_common/pico_stdio_usb/stdio_usb.c.o
 .text.stdio_usb_out_chars
                0x00000000100034ac       0xf0 CMakeFiles/pratica03.dir/home/monalisa/Downloads/Smestre7/sistemas-tempo-real/freertos-pico/pico-sdk/src/rp2_common/pico_stdio_usb/stdio_usb.c.o
 .text.low_priority_worker_irq
                0x000000001000359c       0xc8 CMakeFiles/pratica03.dir/home/monalisa/Downloads/Smestre7/sistemas-tempo-real/freertos-pico/pico-sdk/src/rp2_common/pico_stdio_usb/stdio_usb.c.o
 .text.stdio_usb_init
                0x0000000010003664       0xdc CMakeFiles/pratica03.dir/home/monalisa/Downloads/Smestre7/sistemas-tempo-real/freertos-pico/pico-sdk/src/rp2_common/pico_stdio_usb/stdio_usb.c.o
                0x0000000010003664                stdio_usb_init
 .text.tud_descriptor_device_cb
                0x0000000010003740        0x8 CMakeFiles/pratica03.dir/home/monalisa/Downloads/Smestre7/sistemas-tempo-real/freertos-pico/pico-sdk/src/rp2_common/pico_stdio_usb/stdio_usb_descriptors.c.o
                0x0000000010003740                tud_descriptor_device_cb
 .text.tud_descriptor_configuration_cb
                0x0000000010003748        0x8 CMakeFiles/pratica03.dir/home/monalisa/Downloads/Smestre7/sistemas-tempo-real/freertos-pico/pico-sdk/src/rp2_common/pico_stdio_usb/stdio_usb_descriptors.c.o
                0x0000000010003748                tud_descriptor_configuration_cb
 .text.tud_descriptor_string_cb
                0x0000000010003750       0x78 CMakeFiles/pratica03.dir/home/monalisa/Downloads/Smestre7/sistemas-tempo-real/freertos-pico/pico-sdk/src/rp2_common/pico_stdio_usb/stdio_usb_descriptors.c.o
                0x0000000010003750                tud_descriptor_string_cb
 .text.startup._retrieve_unique_id_on_boot
                0x00000000100037c8       0x30 CMakeFiles/pratica03.dir/home/monalisa/Downloads/Smestre7/sistemas-tempo-real/freertos-pico/pico-sdk/src/rp2_common/pico_unique_id/unique_id.c.o
 .text.pico_get_unique_board_id_string
                0x00000000100037f8      0x180 CMakeFiles/pratica03.dir/home/monalisa/Downloads/Smestre7/sistemas-tempo-real/freertos-pico/pico-sdk/src/rp2_common/pico_unique_id/unique_id.c.o
                0x00000000100037f8                pico_get_unique_board_id_string
 .text.dcd_init
                0x0000000010003978       0x94 CMakeFiles/pratica03.dir/home/monalisa/Downloads/Smestre7/sistemas-tempo-real/freertos-pico/pico-sdk/lib/tinyusb/src/portable/raspberrypi/rp2040/dcd_rp2040.c.o
                0x0000000010003978                dcd_init
 .text.dcd_int_enable
                0x0000000010003a0c        0x8 CMakeFiles/pratica03.dir/home/monalisa/Downloads/Smestre7/sistemas-tempo-real/freertos-pico/pico-sdk/lib/tinyusb/src/portable/raspberrypi/rp2040/dcd_rp2040.c.o
                0x0000000010003a0c                dcd_int_enable
 .text.dcd_set_address
                0x0000000010003a14       0x10 CMakeFiles/pratica03.dir/home/monalisa/Downloads/Smestre7/sistemas-tempo-real/freertos-pico/pico-sdk/lib/tinyusb/src/portable/raspberrypi/rp2040/dcd_rp2040.c.o
                0x0000000010003a14                dcd_set_address
 .text.dcd_sof_enable
                0x0000000010003a24       0x1c CMakeFiles/pratica03.dir/home/monalisa/Downloads/Smestre7/sistemas-tempo-real/freertos-pico/pico-sdk/lib/tinyusb/src/portable/raspberrypi/rp2040/dcd_rp2040.c.o
                0x0000000010003a24                dcd_sof_enable
 .text.dcd_edpt0_status_complete
                0x0000000010003a40       0x1c CMakeFiles/pratica03.dir/home/monalisa/Downloads/Smestre7/sistemas-tempo-real/freertos-pico/pico-sdk/lib/tinyusb/src/portable/raspberrypi/rp2040/dcd_rp2040.c.o
                0x0000000010003a40                dcd_edpt0_status_complete
 .text.dcd_edpt_open
                0x0000000010003a5c      0x110 CMakeFiles/pratica03.dir/home/monalisa/Downloads/Smestre7/sistemas-tempo-real/freertos-pico/pico-sdk/lib/tinyusb/src/portable/raspberrypi/rp2040/dcd_rp2040.c.o
                0x0000000010003a5c                dcd_edpt_open
 .text.dcd_edpt_close_all
                0x0000000010003b6c        0x4 CMakeFiles/pratica03.dir/home/monalisa/Downloads/Smestre7/sistemas-tempo-real/freertos-pico/pico-sdk/lib/tinyusb/src/portable/raspberrypi/rp2040/dcd_rp2040.c.o
                0x0000000010003b6c                dcd_edpt_close_all
 .text.dcd_edpt_xfer
                0x0000000010003b70       0x28 CMakeFiles/pratica03.dir/home/monalisa/Downloads/Smestre7/sistemas-tempo-real/freertos-pico/pico-sdk/lib/tinyusb/src/portable/raspberrypi/rp2040/dcd_rp2040.c.o
                0x0000000010003b70                dcd_edpt_xfer
 .text.dcd_edpt_stall
                0x0000000010003b98       0x30 CMakeFiles/pratica03.dir/home/monalisa/Downloads/Smestre7/sistemas-tempo-real/freertos-pico/pico-sdk/lib/tinyusb/src/portable/raspberrypi/rp2040/dcd_rp2040.c.o
                0x0000000010003b98                dcd_edpt_stall
 .text.dcd_edpt_clear_stall
                0x0000000010003bc8       0x2c CMakeFiles/pratica03.dir/home/monalisa/Downloads/Smestre7/sistemas-tempo-real/freertos-pico/pico-sdk/lib/tinyusb/src/portable/raspberrypi/rp2040/dcd_rp2040.c.o
                0x0000000010003bc8                dcd_edpt_clear_stall
 .text.rp2040_usb_init
                0x0000000010003bf4       0x40 CMakeFiles/pratica03.dir/home/monalisa/Downloads/Smestre7/sistemas-tempo-real/freertos-pico/pico-sdk/lib/tinyusb/src/portable/raspberrypi/rp2040/rp2040_usb.c.o
                0x0000000010003bf4                rp2040_usb_init
 .text.hw_endpoint_xfer_start
                0x0000000010003c34       0x4c CMakeFiles/pratica03.dir/home/monalisa/Downloads/Smestre7/sistemas-tempo-real/freertos-pico/pico-sdk/lib/tinyusb/src/portable/raspberrypi/rp2040/rp2040_usb.c.o
                0x0000000010003c34                hw_endpoint_xfer_start
 .text.configuration_reset
                0x0000000010003c80       0x8c CMakeFiles/pratica03.dir/home/monalisa/Downloads/Smestre7/sistemas-tempo-real/freertos-pico/pico-sdk/lib/tinyusb/src/device/usbd.c.o
 .text.tud_event_hook_cb
                0x0000000010003d0c        0x4 CMakeFiles/pratica03.dir/home/monalisa/Downloads/Smestre7/sistemas-tempo-real/freertos-pico/pico-sdk/lib/tinyusb/src/device/usbd.c.o
                0x0000000010003d0c                tud_event_hook_cb
 .text.tud_sof_cb
                0x0000000010003d10        0x4 CMakeFiles/pratica03.dir/home/monalisa/Downloads/Smestre7/sistemas-tempo-real/freertos-pico/pico-sdk/lib/tinyusb/src/device/usbd.c.o
                0x0000000010003d10                tud_sof_cb
 .text.tud_descriptor_device_qualifier_cb
                0x0000000010003d14        0x4 CMakeFiles/pratica03.dir/home/monalisa/Downloads/Smestre7/sistemas-tempo-real/freertos-pico/pico-sdk/lib/tinyusb/src/device/usbd.c.o
                0x0000000010003d14                tud_descriptor_device_qualifier_cb
 .text.tud_descriptor_other_speed_configuration_cb
                0x0000000010003d18        0x4 CMakeFiles/pratica03.dir/home/monalisa/Downloads/Smestre7/sistemas-tempo-real/freertos-pico/pico-sdk/lib/tinyusb/src/device/usbd.c.o
                0x0000000010003d18                tud_descriptor_other_speed_configuration_cb
 .text.tud_mount_cb
                0x0000000010003d1c        0x4 CMakeFiles/pratica03.dir/home/monalisa/Downloads/Smestre7/sistemas-tempo-real/freertos-pico/pico-sdk/lib/tinyusb/src/device/usbd.c.o
                0x0000000010003d1c                tud_mount_cb
 .text.tud_umount_cb
                0x0000000010003d20        0x4 CMakeFiles/pratica03.dir/home/monalisa/Downloads/Smestre7/sistemas-tempo-real/freertos-pico/pico-sdk/lib/tinyusb/src/device/usbd.c.o
                0x0000000010003d20                tud_umount_cb
 .text.tud_suspend_cb
                0x0000000010003d24        0x4 CMakeFiles/pratica03.dir/home/monalisa/Downloads/Smestre7/sistemas-tempo-real/freertos-pico/pico-sdk/lib/tinyusb/src/device/usbd.c.o
                0x0000000010003d24                tud_suspend_cb
 .text.tud_resume_cb
                0x0000000010003d28        0x4 CMakeFiles/pratica03.dir/home/monalisa/Downloads/Smestre7/sistemas-tempo-real/freertos-pico/pico-sdk/lib/tinyusb/src/device/usbd.c.o
                0x0000000010003d28                tud_resume_cb
 .text.tud_mounted
                0x0000000010003d2c       0x10 CMakeFiles/pratica03.dir/home/monalisa/Downloads/Smestre7/sistemas-tempo-real/freertos-pico/pico-sdk/lib/tinyusb/src/device/usbd.c.o
                0x0000000010003d2c                tud_mounted
 .text.tud_suspended
                0x0000000010003d3c       0x10 CMakeFiles/pratica03.dir/home/monalisa/Downloads/Smestre7/sistemas-tempo-real/freertos-pico/pico-sdk/lib/tinyusb/src/device/usbd.c.o
                0x0000000010003d3c                tud_suspended
 .text.tud_rhport_init
                0x0000000010003d4c      0x110 CMakeFiles/pratica03.dir/home/monalisa/Downloads/Smestre7/sistemas-tempo-real/freertos-pico/pico-sdk/lib/tinyusb/src/device/usbd.c.o
                0x0000000010003d4c                tud_rhport_init
 .text.tud_task_ext
                0x0000000010003e5c      0x7a4 CMakeFiles/pratica03.dir/home/monalisa/Downloads/Smestre7/sistemas-tempo-real/freertos-pico/pico-sdk/lib/tinyusb/src/device/usbd.c.o
                0x0000000010003e5c                tud_task_ext
 .text.usbd_open_edpt_pair
                0x0000000010004600       0x9c CMakeFiles/pratica03.dir/home/monalisa/Downloads/Smestre7/sistemas-tempo-real/freertos-pico/pico-sdk/lib/tinyusb/src/device/usbd.c.o
                0x0000000010004600                usbd_open_edpt_pair
 .text.usbd_edpt_open
                0x000000001000469c       0x44 CMakeFiles/pratica03.dir/home/monalisa/Downloads/Smestre7/sistemas-tempo-real/freertos-pico/pico-sdk/lib/tinyusb/src/device/usbd.c.o
                0x000000001000469c                usbd_edpt_open
 .text.usbd_edpt_claim
                0x00000000100046e0       0x24 CMakeFiles/pratica03.dir/home/monalisa/Downloads/Smestre7/sistemas-tempo-real/freertos-pico/pico-sdk/lib/tinyusb/src/device/usbd.c.o
                0x00000000100046e0                usbd_edpt_claim
 .text.usbd_edpt_release
                0x0000000010004704       0x24 CMakeFiles/pratica03.dir/home/monalisa/Downloads/Smestre7/sistemas-tempo-real/freertos-pico/pico-sdk/lib/tinyusb/src/device/usbd.c.o
                0x0000000010004704                usbd_edpt_release
 .text.usbd_edpt_xfer
                0x0000000010004728       0x70 CMakeFiles/pratica03.dir/home/monalisa/Downloads/Smestre7/sistemas-tempo-real/freertos-pico/pico-sdk/lib/tinyusb/src/device/usbd.c.o
                0x0000000010004728                usbd_edpt_xfer
 .text.tud_control_status
                0x0000000010004798       0x34 CMakeFiles/pratica03.dir/home/monalisa/Downloads/Smestre7/sistemas-tempo-real/freertos-pico/pico-sdk/lib/tinyusb/src/device/usbd_control.c.o
                0x0000000010004798                tud_control_status
 .text.tud_control_xfer
                0x00000000100047cc       0xcc CMakeFiles/pratica03.dir/home/monalisa/Downloads/Smestre7/sistemas-tempo-real/freertos-pico/pico-sdk/lib/tinyusb/src/device/usbd_control.c.o
                0x00000000100047cc                tud_control_xfer
 .text.usbd_control_reset
                0x0000000010004898       0x14 CMakeFiles/pratica03.dir/home/monalisa/Downloads/Smestre7/sistemas-tempo-real/freertos-pico/pico-sdk/lib/tinyusb/src/device/usbd_control.c.o
                0x0000000010004898                usbd_control_reset
 .text.usbd_control_set_complete_callback
                0x00000000100048ac        0xc CMakeFiles/pratica03.dir/home/monalisa/Downloads/Smestre7/sistemas-tempo-real/freertos-pico/pico-sdk/lib/tinyusb/src/device/usbd_control.c.o
                0x00000000100048ac                usbd_control_set_complete_callback
 .text.usbd_control_set_request
                0x00000000100048b8       0x1c CMakeFiles/pratica03.dir/home/monalisa/Downloads/Smestre7/sistemas-tempo-real/freertos-pico/pico-sdk/lib/tinyusb/src/device/usbd_control.c.o
                0x00000000100048b8                usbd_control_set_request
 .text.usbd_control_xfer_cb
                0x00000000100048d4      0x110 CMakeFiles/pratica03.dir/home/monalisa/Downloads/Smestre7/sistemas-tempo-real/freertos-pico/pico-sdk/lib/tinyusb/src/device/usbd_control.c.o
                0x00000000100048d4                usbd_control_xfer_cb
 .text._prep_out_transaction.isra.0
                0x00000000100049e4       0x78 CMakeFiles/pratica03.dir/home/monalisa/Downloads/Smestre7/sistemas-tempo-real/freertos-pico/pico-sdk/lib/tinyusb/src/class/cdc/cdc_device.c.o
 .text.tud_cdc_n_connected
                0x0000000010004a5c       0x2c CMakeFiles/pratica03.dir/home/monalisa/Downloads/Smestre7/sistemas-tempo-real/freertos-pico/pico-sdk/lib/tinyusb/src/class/cdc/cdc_device.c.o
                0x0000000010004a5c                tud_cdc_n_connected
 .text.tud_cdc_n_available
                0x0000000010004a88       0x18 CMakeFiles/pratica03.dir/home/monalisa/Downloads/Smestre7/sistemas-tempo-real/freertos-pico/pico-sdk/lib/tinyusb/src/class/cdc/cdc_device.c.o
                0x0000000010004a88                tud_cdc_n_available
 .text.tud_cdc_n_read
                0x0000000010004aa0       0x90 CMakeFiles/pratica03.dir/home/monalisa/Downloads/Smestre7/sistemas-tempo-real/freertos-pico/pico-sdk/lib/tinyusb/src/class/cdc/cdc_device.c.o
                0x0000000010004aa0                tud_cdc_n_read
 .text.tud_cdc_n_write_flush
                0x0000000010004b30       0x88 CMakeFiles/pratica03.dir/home/monalisa/Downloads/Smestre7/sistemas-tempo-real/freertos-pico/pico-sdk/lib/tinyusb/src/class/cdc/cdc_device.c.o
                0x0000000010004b30                tud_cdc_n_write_flush
 .text.tud_cdc_n_write
                0x0000000010004bb8       0x48 CMakeFiles/pratica03.dir/home/monalisa/Downloads/Smestre7/sistemas-tempo-real/freertos-pico/pico-sdk/lib/tinyusb/src/class/cdc/cdc_device.c.o
                0x0000000010004bb8                tud_cdc_n_write
 .text.tud_cdc_n_write_available
                0x0000000010004c00       0x18 CMakeFiles/pratica03.dir/home/monalisa/Downloads/Smestre7/sistemas-tempo-real/freertos-pico/pico-sdk/lib/tinyusb/src/class/cdc/cdc_device.c.o
                0x0000000010004c00                tud_cdc_n_write_available
 .text.cdcd_init
                0x0000000010004c18       0x70 CMakeFiles/pratica03.dir/home/monalisa/Downloads/Smestre7/sistemas-tempo-real/freertos-pico/pico-sdk/lib/tinyusb/src/class/cdc/cdc_device.c.o
                0x0000000010004c18                cdcd_init
 .text.cdcd_deinit
                0x0000000010004c88       0x20 CMakeFiles/pratica03.dir/home/monalisa/Downloads/Smestre7/sistemas-tempo-real/freertos-pico/pico-sdk/lib/tinyusb/src/class/cdc/cdc_device.c.o
                0x0000000010004c88                cdcd_deinit
 .text.cdcd_reset
                0x0000000010004ca8       0x4c CMakeFiles/pratica03.dir/home/monalisa/Downloads/Smestre7/sistemas-tempo-real/freertos-pico/pico-sdk/lib/tinyusb/src/class/cdc/cdc_device.c.o
                0x0000000010004ca8                cdcd_reset
 .text.cdcd_open
                0x0000000010004cf4       0xbc CMakeFiles/pratica03.dir/home/monalisa/Downloads/Smestre7/sistemas-tempo-real/freertos-pico/pico-sdk/lib/tinyusb/src/class/cdc/cdc_device.c.o
                0x0000000010004cf4                cdcd_open
 .text.cdcd_control_xfer_cb
                0x0000000010004db0       0xc8 CMakeFiles/pratica03.dir/home/monalisa/Downloads/Smestre7/sistemas-tempo-real/freertos-pico/pico-sdk/lib/tinyusb/src/class/cdc/cdc_device.c.o
                0x0000000010004db0                cdcd_control_xfer_cb
 .text.cdcd_xfer_cb
                0x0000000010004e78      0x100 CMakeFiles/pratica03.dir/home/monalisa/Downloads/Smestre7/sistemas-tempo-real/freertos-pico/pico-sdk/lib/tinyusb/src/class/cdc/cdc_device.c.o
                0x0000000010004e78                cdcd_xfer_cb
 .text.vendord_init
                0x0000000010004f78       0x5c CMakeFiles/pratica03.dir/home/monalisa/Downloads/Smestre7/sistemas-tempo-real/freertos-pico/pico-sdk/lib/tinyusb/src/class/vendor/vendor_device.c.o
                0x0000000010004f78                vendord_init
 .text.vendord_deinit
                0x0000000010004fd4       0x1c CMakeFiles/pratica03.dir/home/monalisa/Downloads/Smestre7/sistemas-tempo-real/freertos-pico/pico-sdk/lib/tinyusb/src/class/vendor/vendor_device.c.o
                0x0000000010004fd4                vendord_deinit
 .text.vendord_reset
                0x0000000010004ff0       0x24 CMakeFiles/pratica03.dir/home/monalisa/Downloads/Smestre7/sistemas-tempo-real/freertos-pico/pico-sdk/lib/tinyusb/src/class/vendor/vendor_device.c.o
                0x0000000010004ff0                vendord_reset
 .text.vendord_open
                0x0000000010005014       0xfc CMakeFiles/pratica03.dir/home/monalisa/Downloads/Smestre7/sistemas-tempo-real/freertos-pico/pico-sdk/lib/tinyusb/src/class/vendor/vendor_device.c.o
                0x0000000010005014                vendord_open
 .text.vendord_xfer_cb
                0x0000000010005110       0x8c CMakeFiles/pratica03.dir/home/monalisa/Downloads/Smestre7/sistemas-tempo-real/freertos-pico/pico-sdk/lib/tinyusb/src/class/vendor/vendor_device.c.o
                0x0000000010005110                vendord_xfer_cb
 .text.tusb_rhport_init
                0x000000001000519c       0x74 CMakeFiles/pratica03.dir/home/monalisa/Downloads/Smestre7/sistemas-tempo-real/freertos-pico/pico-sdk/lib/tinyusb/src/tusb.c.o
                0x000000001000519c                tusb_rhport_init
 .text.tu_edpt_claim
                0x0000000010005210       0x54 CMakeFiles/pratica03.dir/home/monalisa/Downloads/Smestre7/sistemas-tempo-real/freertos-pico/pico-sdk/lib/tinyusb/src/tusb.c.o
                0x0000000010005210                tu_edpt_claim
 .text.tu_edpt_release
                0x0000000010005264       0x38 CMakeFiles/pratica03.dir/home/monalisa/Downloads/Smestre7/sistemas-tempo-real/freertos-pico/pico-sdk/lib/tinyusb/src/tusb.c.o
                0x0000000010005264                tu_edpt_release
 .text.tu_edpt_validate
                0x000000001000529c       0x68 CMakeFiles/pratica03.dir/home/monalisa/Downloads/Smestre7/sistemas-tempo-real/freertos-pico/pico-sdk/lib/tinyusb/src/tusb.c.o
                0x000000001000529c                tu_edpt_validate
 .text.tu_edpt_bind_driver
                0x0000000010005304       0x58 CMakeFiles/pratica03.dir/home/monalisa/Downloads/Smestre7/sistemas-tempo-real/freertos-pico/pico-sdk/lib/tinyusb/src/tusb.c.o
                0x0000000010005304                tu_edpt_bind_driver
 .text.tu_edpt_stream_init
                0x000000001000535c       0x58 CMakeFiles/pratica03.dir/home/monalisa/Downloads/Smestre7/sistemas-tempo-real/freertos-pico/pico-sdk/lib/tinyusb/src/tusb.c.o
                0x000000001000535c                tu_edpt_stream_init
 .text.tu_edpt_stream_deinit
                0x00000000100053b4        0x4 CMakeFiles/pratica03.dir/home/monalisa/Downloads/Smestre7/sistemas-tempo-real/freertos-pico/pico-sdk/lib/tinyusb/src/tusb.c.o
                0x00000000100053b4                tu_edpt_stream_deinit
 .text.tu_edpt_stream_write_zlp_if_needed
                0x00000000100053b8       0x68 CMakeFiles/pratica03.dir/home/monalisa/Downloads/Smestre7/sistemas-tempo-real/freertos-pico/pico-sdk/lib/tinyusb/src/tusb.c.o
                0x00000000100053b8                tu_edpt_stream_write_zlp_if_needed
 .text.tu_edpt_stream_write_xfer
                0x0000000010005420       0x74 CMakeFiles/pratica03.dir/home/monalisa/Downloads/Smestre7/sistemas-tempo-real/freertos-pico/pico-sdk/lib/tinyusb/src/tusb.c.o
                0x0000000010005420                tu_edpt_stream_write_xfer
 .text.tu_edpt_stream_read_xfer
                0x0000000010005494       0xd4 CMakeFiles/pratica03.dir/home/monalisa/Downloads/Smestre7/sistemas-tempo-real/freertos-pico/pico-sdk/lib/tinyusb/src/tusb.c.o
                0x0000000010005494                tu_edpt_stream_read_xfer
 .text.tu_fifo_config
                0x0000000010005568       0x64 CMakeFiles/pratica03.dir/home/monalisa/Downloads/Smestre7/sistemas-tempo-real/freertos-pico/pico-sdk/lib/tinyusb/src/common/tusb_fifo.c.o
                0x0000000010005568                tu_fifo_config
 .text.tu_fifo_count
                0x00000000100055cc       0x20 CMakeFiles/pratica03.dir/home/monalisa/Downloads/Smestre7/sistemas-tempo-real/freertos-pico/pico-sdk/lib/tinyusb/src/common/tusb_fifo.c.o
                0x00000000100055cc                tu_fifo_count
 .text.tu_fifo_empty
                0x00000000100055ec       0x14 CMakeFiles/pratica03.dir/home/monalisa/Downloads/Smestre7/sistemas-tempo-real/freertos-pico/pico-sdk/lib/tinyusb/src/common/tusb_fifo.c.o
                0x00000000100055ec                tu_fifo_empty
 .text.tu_fifo_remaining
                0x0000000010005600       0x24 CMakeFiles/pratica03.dir/home/monalisa/Downloads/Smestre7/sistemas-tempo-real/freertos-pico/pico-sdk/lib/tinyusb/src/common/tusb_fifo.c.o
                0x0000000010005600                tu_fifo_remaining
 .text.tu_fifo_read
                0x0000000010005624       0x94 CMakeFiles/pratica03.dir/home/monalisa/Downloads/Smestre7/sistemas-tempo-real/freertos-pico/pico-sdk/lib/tinyusb/src/common/tusb_fifo.c.o
                0x0000000010005624                tu_fifo_read
 .text.tu_fifo_read_n
                0x00000000100056b8       0xd4 CMakeFiles/pratica03.dir/home/monalisa/Downloads/Smestre7/sistemas-tempo-real/freertos-pico/pico-sdk/lib/tinyusb/src/common/tusb_fifo.c.o
                0x00000000100056b8                tu_fifo_read_n
 .text.tu_fifo_write
                0x000000001000578c       0x84 CMakeFiles/pratica03.dir/home/monalisa/Downloads/Smestre7/sistemas-tempo-real/freertos-pico/pico-sdk/lib/tinyusb/src/common/tusb_fifo.c.o
                0x000000001000578c                tu_fifo_write
 .text.tu_fifo_write_n
                0x0000000010005810      0x15c CMakeFiles/pratica03.dir/home/monalisa/Downloads/Smestre7/sistemas-tempo-real/freertos-pico/pico-sdk/lib/tinyusb/src/common/tusb_fifo.c.o
                0x0000000010005810                tu_fifo_write_n
 .text.tu_fifo_clear
                0x000000001000596c       0x38 CMakeFiles/pratica03.dir/home/monalisa/Downloads/Smestre7/sistemas-tempo-real/freertos-pico/pico-sdk/lib/tinyusb/src/common/tusb_fifo.c.o
                0x000000001000596c                tu_fifo_clear
 .text.tu_fifo_set_overwritable
                0x00000000100059a4       0x3c CMakeFiles/pratica03.dir/home/monalisa/Downloads/Smestre7/sistemas-tempo-real/freertos-pico/pico-sdk/lib/tinyusb/src/common/tusb_fifo.c.o
                0x00000000100059a4                tu_fifo_set_overwritable
 .text.prvDoorbellInterruptHandler
                0x00000000100059e0       0x30 CMakeFiles/pratica03.dir/home/monalisa/Downloads/Smestre7/sistemas-tempo-real/FreeRTOS_PICO2350/src/FreeRTOS/portable/ThirdParty/GCC/RP2350_ARM_NTZ/non_secure/port.c.o
 .text.prvTaskExitError
                0x0000000010005a10       0x18 CMakeFiles/pratica03.dir/home/monalisa/Downloads/Smestre7/sistemas-tempo-real/FreeRTOS_PICO2350/src/FreeRTOS/portable/ThirdParty/GCC/RP2350_ARM_NTZ/non_secure/port.c.o
 .text.SysTick_Handler
                0x0000000010005a28       0x24 CMakeFiles/pratica03.dir/home/monalisa/Downloads/Smestre7/sistemas-tempo-real/FreeRTOS_PICO2350/src/FreeRTOS/portable/ThirdParty/GCC/RP2350_ARM_NTZ/non_secure/port.c.o
                0x0000000010005a28                SysTick_Handler
 .text.vPortSetupTimerInterrupt
                0x0000000010005a4c       0x2c CMakeFiles/pratica03.dir/home/monalisa/Downloads/Smestre7/sistemas-tempo-real/FreeRTOS_PICO2350/src/FreeRTOS/portable/ThirdParty/GCC/RP2350_ARM_NTZ/non_secure/port.c.o
                0x0000000010005a4c                vPortSetupTimerInterrupt
 .text.xPortStartSchedulerOnCore.isra.0
                0x0000000010005a78      0x10c CMakeFiles/pratica03.dir/home/monalisa/Downloads/Smestre7/sistemas-tempo-real/FreeRTOS_PICO2350/src/FreeRTOS/portable/ThirdParty/GCC/RP2350_ARM_NTZ/non_secure/port.c.o
 .text.prvDisableInterruptsAndPortStartSchedulerOnCore
                0x0000000010005b84       0x10 CMakeFiles/pratica03.dir/home/monalisa/Downloads/Smestre7/sistemas-tempo-real/FreeRTOS_PICO2350/src/FreeRTOS/portable/ThirdParty/GCC/RP2350_ARM_NTZ/non_secure/port.c.o
 .text.vPortYield
                0x0000000010005b94       0x18 CMakeFiles/pratica03.dir/home/monalisa/Downloads/Smestre7/sistemas-tempo-real/FreeRTOS_PICO2350/src/FreeRTOS/portable/ThirdParty/GCC/RP2350_ARM_NTZ/non_secure/port.c.o
                0x0000000010005b94                vPortYield
 .text.vPortSVCHandler_C
                0x0000000010005bac       0x2c CMakeFiles/pratica03.dir/home/monalisa/Downloads/Smestre7/sistemas-tempo-real/FreeRTOS_PICO2350/src/FreeRTOS/portable/ThirdParty/GCC/RP2350_ARM_NTZ/non_secure/port.c.o
                0x0000000010005bac                vPortSVCHandler_C
 .text.pxPortInitialiseStack
                0x0000000010005bd8       0x7c CMakeFiles/pratica03.dir/home/monalisa/Downloads/Smestre7/sistemas-tempo-real/FreeRTOS_PICO2350/src/FreeRTOS/portable/ThirdParty/GCC/RP2350_ARM_NTZ/non_secure/port.c.o
                0x0000000010005bd8                pxPortInitialiseStack
 .text.xPortStartScheduler
                0x0000000010005c54       0x50 CMakeFiles/pratica03.dir/home/monalisa/Downloads/Smestre7/sistemas-tempo-real/FreeRTOS_PICO2350/src/FreeRTOS/portable/ThirdParty/GCC/RP2350_ARM_NTZ/non_secure/port.c.o
                0x0000000010005c54                xPortStartScheduler
 .text.vPortValidateInterruptPriority
                0x0000000010005ca4       0x14 CMakeFiles/pratica03.dir/home/monalisa/Downloads/Smestre7/sistemas-tempo-real/FreeRTOS_PICO2350/src/FreeRTOS/portable/ThirdParty/GCC/RP2350_ARM_NTZ/non_secure/port.c.o
                0x0000000010005ca4                vPortValidateInterruptPriority
 .text.ulPortLockGetCurrentOwnerId
                0x0000000010005cb8       0x2c CMakeFiles/pratica03.dir/home/monalisa/Downloads/Smestre7/sistemas-tempo-real/FreeRTOS_PICO2350/src/FreeRTOS/portable/ThirdParty/GCC/RP2350_ARM_NTZ/non_secure/port.c.o
                0x0000000010005cb8                ulPortLockGetCurrentOwnerId
 .text.vPortLockInternalSpinUnlockWithNotify
                0x0000000010005ce4       0x94 CMakeFiles/pratica03.dir/home/monalisa/Downloads/Smestre7/sistemas-tempo-real/FreeRTOS_PICO2350/src/FreeRTOS/portable/ThirdParty/GCC/RP2350_ARM_NTZ/non_secure/port.c.o
                0x0000000010005ce4                vPortLockInternalSpinUnlockWithNotify
 .text.xPortLockInternalSpinUnlockWithBestEffortWaitOrTimeout
                0x0000000010005d78       0xec CMakeFiles/pratica03.dir/home/monalisa/Downloads/Smestre7/sistemas-tempo-real/FreeRTOS_PICO2350/src/FreeRTOS/portable/ThirdParty/GCC/RP2350_ARM_NTZ/non_secure/port.c.o
                0x0000000010005d78                xPortLockInternalSpinUnlockWithBestEffortWaitOrTimeout
 .text.startup.prvRuntimeInitializer
                0x0000000010005e64       0x10 CMakeFiles/pratica03.dir/home/monalisa/Downloads/Smestre7/sistemas-tempo-real/FreeRTOS_PICO2350/src/FreeRTOS/portable/ThirdParty/GCC/RP2350_ARM_NTZ/non_secure/port.c.o
 .text.vYieldCore
                0x0000000010005e74       0x18 CMakeFiles/pratica03.dir/home/monalisa/Downloads/Smestre7/sistemas-tempo-real/FreeRTOS_PICO2350/src/FreeRTOS/portable/ThirdParty/GCC/RP2350_ARM_NTZ/non_secure/port.c.o
                0x0000000010005e74                vYieldCore
 *fill*         0x0000000010005e8c        0x4 
 .text.vRestoreContextOfFirstTask
                0x0000000010005e90       0x38 CMakeFiles/pratica03.dir/home/monalisa/Downloads/Smestre7/sistemas-tempo-real/FreeRTOS_PICO2350/src/FreeRTOS/portable/ThirdParty/GCC/RP2350_ARM_NTZ/non_secure/portasm.c.o
                0x0000000010005e90                vRestoreContextOfFirstTask
 .text.vStartFirstTask
                0x0000000010005ec8       0x10 CMakeFiles/pratica03.dir/home/monalisa/Downloads/Smestre7/sistemas-tempo-real/FreeRTOS_PICO2350/src/FreeRTOS/portable/ThirdParty/GCC/RP2350_ARM_NTZ/non_secure/portasm.c.o
                0x0000000010005ec8                vStartFirstTask
 .text.ulSetInterruptMask
                0x0000000010005ed8       0x18 CMakeFiles/pratica03.dir/home/monalisa/Downloads/Smestre7/sistemas-tempo-real/FreeRTOS_PICO2350/src/FreeRTOS/portable/ThirdParty/GCC/RP2350_ARM_NTZ/non_secure/portasm.c.o
                0x0000000010005ed8                ulSetInterruptMask
 .text.vClearInterruptMask
                0x0000000010005ef0       0x10 CMakeFiles/pratica03.dir/home/monalisa/Downloads/Smestre7/sistemas-tempo-real/FreeRTOS_PICO2350/src/FreeRTOS/portable/ThirdParty/GCC/RP2350_ARM_NTZ/non_secure/portasm.c.o
                0x0000000010005ef0                vClearInterruptMask
 .text.PendSV_Handler
                0x0000000010005f00       0x98 CMakeFiles/pratica03.dir/home/monalisa/Downloads/Smestre7/sistemas-tempo-real/FreeRTOS_PICO2350/src/FreeRTOS/portable/ThirdParty/GCC/RP2350_ARM_NTZ/non_secure/portasm.c.o
                0x0000000010005f00                PendSV_Handler
 .text.SVC_Handler
                0x0000000010005f98       0x18 CMakeFiles/pratica03.dir/home/monalisa/Downloads/Smestre7/sistemas-tempo-real/FreeRTOS_PICO2350/src/FreeRTOS/portable/ThirdParty/GCC/RP2350_ARM_NTZ/non_secure/portasm.c.o
                0x0000000010005f98                SVC_Handler
 .text.vEventGroupSetBitsCallback
                0x0000000010005fb0       0x64 CMakeFiles/pratica03.dir/home/monalisa/Downloads/Smestre7/sistemas-tempo-real/FreeRTOS_PICO2350/src/FreeRTOS/event_groups.c.o
                0x0000000010005fb0                vEventGroupSetBitsCallback
 .text.xEventGroupCreate
                0x0000000010006014       0x1c CMakeFiles/pratica03.dir/home/monalisa/Downloads/Smestre7/sistemas-tempo-real/FreeRTOS_PICO2350/src/FreeRTOS/event_groups.c.o
                0x0000000010006014                xEventGroupCreate
 .text.xEventGroupWaitBits
                0x0000000010006030       0xb4 CMakeFiles/pratica03.dir/home/monalisa/Downloads/Smestre7/sistemas-tempo-real/FreeRTOS_PICO2350/src/FreeRTOS/event_groups.c.o
                0x0000000010006030                xEventGroupWaitBits
 .text.xEventGroupSetBits
                0x00000000100060e4       0x68 CMakeFiles/pratica03.dir/home/monalisa/Downloads/Smestre7/sistemas-tempo-real/FreeRTOS_PICO2350/src/FreeRTOS/event_groups.c.o
                0x00000000100060e4                xEventGroupSetBits
 .text.xEventGroupSetBitsFromISR
                0x000000001000614c       0x1c CMakeFiles/pratica03.dir/home/monalisa/Downloads/Smestre7/sistemas-tempo-real/FreeRTOS_PICO2350/src/FreeRTOS/event_groups.c.o
                0x000000001000614c                xEventGroupSetBitsFromISR
 .text.vListInitialise
                0x0000000010006168       0x18 CMakeFiles/pratica03.dir/home/monalisa/Downloads/Smestre7/sistemas-tempo-real/FreeRTOS_PICO2350/src/FreeRTOS/list.c.o
                0x0000000010006168                vListInitialise
 .text.vListInitialiseItem
                0x0000000010006180        0x8 CMakeFiles/pratica03.dir/home/monalisa/Downloads/Smestre7/sistemas-tempo-real/FreeRTOS_PICO2350/src/FreeRTOS/list.c.o
                0x0000000010006180                vListInitialiseItem
 .text.vListInsertEnd
                0x0000000010006188       0x20 CMakeFiles/pratica03.dir/home/monalisa/Downloads/Smestre7/sistemas-tempo-real/FreeRTOS_PICO2350/src/FreeRTOS/list.c.o
                0x0000000010006188                vListInsertEnd
 .text.vListInsert
                0x00000000100061a8       0x30 CMakeFiles/pratica03.dir/home/monalisa/Downloads/Smestre7/sistemas-tempo-real/FreeRTOS_PICO2350/src/FreeRTOS/list.c.o
                0x00000000100061a8                vListInsert
 .text.uxListRemove
                0x00000000100061d8       0x28 CMakeFiles/pratica03.dir/home/monalisa/Downloads/Smestre7/sistemas-tempo-real/FreeRTOS_PICO2350/src/FreeRTOS/list.c.o
                0x00000000100061d8                uxListRemove
 .text.prvCopyDataToQueue
                0x0000000010006200       0x70 CMakeFiles/pratica03.dir/home/monalisa/Downloads/Smestre7/sistemas-tempo-real/FreeRTOS_PICO2350/src/FreeRTOS/queue.c.o
 .text.prvUnlockQueue
                0x0000000010006270      0x140 CMakeFiles/pratica03.dir/home/monalisa/Downloads/Smestre7/sistemas-tempo-real/FreeRTOS_PICO2350/src/FreeRTOS/queue.c.o
 .text.prvNotifyQueueSetContainer
                0x00000000100063b0       0x8c CMakeFiles/pratica03.dir/home/monalisa/Downloads/Smestre7/sistemas-tempo-real/FreeRTOS_PICO2350/src/FreeRTOS/queue.c.o
 .text.xQueueGenericCreate
                0x000000001000643c       0x80 CMakeFiles/pratica03.dir/home/monalisa/Downloads/Smestre7/sistemas-tempo-real/FreeRTOS_PICO2350/src/FreeRTOS/queue.c.o
                0x000000001000643c                xQueueGenericCreate
 .text.xQueueGenericSendFromISR
                0x00000000100064bc       0xac CMakeFiles/pratica03.dir/home/monalisa/Downloads/Smestre7/sistemas-tempo-real/FreeRTOS_PICO2350/src/FreeRTOS/queue.c.o
                0x00000000100064bc                xQueueGenericSendFromISR
 .text.xQueueReceive
                0x0000000010006568      0x104 CMakeFiles/pratica03.dir/home/monalisa/Downloads/Smestre7/sistemas-tempo-real/FreeRTOS_PICO2350/src/FreeRTOS/queue.c.o
                0x0000000010006568                xQueueReceive
 .text.vQueueAddToRegistry
                0x000000001000666c      0x120 CMakeFiles/pratica03.dir/home/monalisa/Downloads/Smestre7/sistemas-tempo-real/FreeRTOS_PICO2350/src/FreeRTOS/queue.c.o
                0x000000001000666c                vQueueAddToRegistry
 .text.vQueueWaitForMessageRestricted
                0x000000001000678c       0x50 CMakeFiles/pratica03.dir/home/monalisa/Downloads/Smestre7/sistemas-tempo-real/FreeRTOS_PICO2350/src/FreeRTOS/queue.c.o
                0x000000001000678c                vQueueWaitForMessageRestricted
 .text.prvPassiveIdleTask
                0x00000000100067dc       0x20 CMakeFiles/pratica03.dir/home/monalisa/Downloads/Smestre7/sistemas-tempo-real/FreeRTOS_PICO2350/src/FreeRTOS/tasks.c.o
 .text.prvYieldForTask
                0x00000000100067fc       0xcc CMakeFiles/pratica03.dir/home/monalisa/Downloads/Smestre7/sistemas-tempo-real/FreeRTOS_PICO2350/src/FreeRTOS/tasks.c.o
 .text.vTaskExitCritical.part.0
                0x00000000100068c8       0x8c CMakeFiles/pratica03.dir/home/monalisa/Downloads/Smestre7/sistemas-tempo-real/FreeRTOS_PICO2350/src/FreeRTOS/tasks.c.o
 .text.prvCheckForRunStateChange
                0x0000000010006954      0x160 CMakeFiles/pratica03.dir/home/monalisa/Downloads/Smestre7/sistemas-tempo-real/FreeRTOS_PICO2350/src/FreeRTOS/tasks.c.o
 .text.vTaskSuspendAll.part.0
                0x0000000010006ab4      0x104 CMakeFiles/pratica03.dir/home/monalisa/Downloads/Smestre7/sistemas-tempo-real/FreeRTOS_PICO2350/src/FreeRTOS/tasks.c.o
 .text.prvCheckTasksWaitingTermination
                0x0000000010006bb8      0x1a8 CMakeFiles/pratica03.dir/home/monalisa/Downloads/Smestre7/sistemas-tempo-real/FreeRTOS_PICO2350/src/FreeRTOS/tasks.c.o
 .text.prvIdleTask
                0x0000000010006d60       0x1c CMakeFiles/pratica03.dir/home/monalisa/Downloads/Smestre7/sistemas-tempo-real/FreeRTOS_PICO2350/src/FreeRTOS/tasks.c.o
 .text.prvAddCurrentTaskToDelayedList
                0x0000000010006d7c      0x13c CMakeFiles/pratica03.dir/home/monalisa/Downloads/Smestre7/sistemas-tempo-real/FreeRTOS_PICO2350/src/FreeRTOS/tasks.c.o
 .text.vTaskSuspendAll
                0x0000000010006eb8       0x10 CMakeFiles/pratica03.dir/home/monalisa/Downloads/Smestre7/sistemas-tempo-real/FreeRTOS_PICO2350/src/FreeRTOS/tasks.c.o
                0x0000000010006eb8                vTaskSuspendAll
 .text.xTaskGetTickCount
                0x0000000010006ec8        0xc CMakeFiles/pratica03.dir/home/monalisa/Downloads/Smestre7/sistemas-tempo-real/FreeRTOS_PICO2350/src/FreeRTOS/tasks.c.o
                0x0000000010006ec8                xTaskGetTickCount
 .text.uxTaskGetNumberOfTasks
                0x0000000010006ed4        0xc CMakeFiles/pratica03.dir/home/monalisa/Downloads/Smestre7/sistemas-tempo-real/FreeRTOS_PICO2350/src/FreeRTOS/tasks.c.o
                0x0000000010006ed4                uxTaskGetNumberOfTasks
 .text.xTaskIncrementTick
                0x0000000010006ee0      0x278 CMakeFiles/pratica03.dir/home/monalisa/Downloads/Smestre7/sistemas-tempo-real/FreeRTOS_PICO2350/src/FreeRTOS/tasks.c.o
                0x0000000010006ee0                xTaskIncrementTick
 .text.vTaskSwitchContext
                0x0000000010007158      0x2f8 CMakeFiles/pratica03.dir/home/monalisa/Downloads/Smestre7/sistemas-tempo-real/FreeRTOS_PICO2350/src/FreeRTOS/tasks.c.o
                0x0000000010007158                vTaskSwitchContext
 .text.vTaskPlaceOnEventList
                0x0000000010007450       0x34 CMakeFiles/pratica03.dir/home/monalisa/Downloads/Smestre7/sistemas-tempo-real/FreeRTOS_PICO2350/src/FreeRTOS/tasks.c.o
                0x0000000010007450                vTaskPlaceOnEventList
 .text.vTaskPlaceOnUnorderedEventList
                0x0000000010007484       0xa0 CMakeFiles/pratica03.dir/home/monalisa/Downloads/Smestre7/sistemas-tempo-real/FreeRTOS_PICO2350/src/FreeRTOS/tasks.c.o
                0x0000000010007484                vTaskPlaceOnUnorderedEventList
 .text.vTaskPlaceOnEventListRestricted
                0x0000000010007524       0x9c CMakeFiles/pratica03.dir/home/monalisa/Downloads/Smestre7/sistemas-tempo-real/FreeRTOS_PICO2350/src/FreeRTOS/tasks.c.o
                0x0000000010007524                vTaskPlaceOnEventListRestricted
 .text.xTaskRemoveFromEventList
                0x00000000100075c0       0xc8 CMakeFiles/pratica03.dir/home/monalisa/Downloads/Smestre7/sistemas-tempo-real/FreeRTOS_PICO2350/src/FreeRTOS/tasks.c.o
                0x00000000100075c0                xTaskRemoveFromEventList
 .text.vTaskInternalSetTimeOutState
                0x0000000010007688       0x18 CMakeFiles/pratica03.dir/home/monalisa/Downloads/Smestre7/sistemas-tempo-real/FreeRTOS_PICO2350/src/FreeRTOS/tasks.c.o
                0x0000000010007688                vTaskInternalSetTimeOutState
 .text.vTaskMissedYield
                0x00000000100076a0       0x14 CMakeFiles/pratica03.dir/home/monalisa/Downloads/Smestre7/sistemas-tempo-real/FreeRTOS_PICO2350/src/FreeRTOS/tasks.c.o
                0x00000000100076a0                vTaskMissedYield
 .text.xTaskGetCurrentTaskHandle
                0x00000000100076b4       0x20 CMakeFiles/pratica03.dir/home/monalisa/Downloads/Smestre7/sistemas-tempo-real/FreeRTOS_PICO2350/src/FreeRTOS/tasks.c.o
                0x00000000100076b4                xTaskGetCurrentTaskHandle
 .text.xTaskPriorityDisinherit
                0x00000000100076d4       0xc4 CMakeFiles/pratica03.dir/home/monalisa/Downloads/Smestre7/sistemas-tempo-real/FreeRTOS_PICO2350/src/FreeRTOS/tasks.c.o
                0x00000000100076d4                xTaskPriorityDisinherit
 .text.vTaskYieldWithinAPI
                0x0000000010007798       0x24 CMakeFiles/pratica03.dir/home/monalisa/Downloads/Smestre7/sistemas-tempo-real/FreeRTOS_PICO2350/src/FreeRTOS/tasks.c.o
                0x0000000010007798                vTaskYieldWithinAPI
 .text.vTaskEnterCritical
                0x00000000100077bc      0x11c CMakeFiles/pratica03.dir/home/monalisa/Downloads/Smestre7/sistemas-tempo-real/FreeRTOS_PICO2350/src/FreeRTOS/tasks.c.o
                0x00000000100077bc                vTaskEnterCritical
 .text.prvAddNewTaskToReadyList
                0x00000000100078d8       0xf4 CMakeFiles/pratica03.dir/home/monalisa/Downloads/Smestre7/sistemas-tempo-real/FreeRTOS_PICO2350/src/FreeRTOS/tasks.c.o
 .text.xTaskCreate
                0x00000000100079cc      0x180 CMakeFiles/pratica03.dir/home/monalisa/Downloads/Smestre7/sistemas-tempo-real/FreeRTOS_PICO2350/src/FreeRTOS/tasks.c.o
                0x00000000100079cc                xTaskCreate
 .text.xTaskCreateAffinitySet
                0x0000000010007b4c      0x17c CMakeFiles/pratica03.dir/home/monalisa/Downloads/Smestre7/sistemas-tempo-real/FreeRTOS_PICO2350/src/FreeRTOS/tasks.c.o
                0x0000000010007b4c                xTaskCreateAffinitySet
 .text.vTaskStartScheduler
                0x0000000010007cc8      0x14c CMakeFiles/pratica03.dir/home/monalisa/Downloads/Smestre7/sistemas-tempo-real/FreeRTOS_PICO2350/src/FreeRTOS/tasks.c.o
                0x0000000010007cc8                vTaskStartScheduler
 .text.xTaskResumeAll.part.0
                0x0000000010007e14      0x170 CMakeFiles/pratica03.dir/home/monalisa/Downloads/Smestre7/sistemas-tempo-real/FreeRTOS_PICO2350/src/FreeRTOS/tasks.c.o
 .text.xTaskResumeAll
                0x0000000010007f84       0x10 CMakeFiles/pratica03.dir/home/monalisa/Downloads/Smestre7/sistemas-tempo-real/FreeRTOS_PICO2350/src/FreeRTOS/tasks.c.o
                0x0000000010007f84                xTaskResumeAll
 .text.vTaskDelay
                0x0000000010007f94       0x68 CMakeFiles/pratica03.dir/home/monalisa/Downloads/Smestre7/sistemas-tempo-real/FreeRTOS_PICO2350/src/FreeRTOS/tasks.c.o
                0x0000000010007f94                vTaskDelay
 .text.vTaskRemoveFromUnorderedEventList
                0x0000000010007ffc       0x9c CMakeFiles/pratica03.dir/home/monalisa/Downloads/Smestre7/sistemas-tempo-real/FreeRTOS_PICO2350/src/FreeRTOS/tasks.c.o
                0x0000000010007ffc                vTaskRemoveFromUnorderedEventList
 .text.xTaskCheckForTimeOut
                0x0000000010008098       0xa8 CMakeFiles/pratica03.dir/home/monalisa/Downloads/Smestre7/sistemas-tempo-real/FreeRTOS_PICO2350/src/FreeRTOS/tasks.c.o
                0x0000000010008098                xTaskCheckForTimeOut
 .text.vTaskEnterCriticalFromISR
                0x0000000010008140       0x94 CMakeFiles/pratica03.dir/home/monalisa/Downloads/Smestre7/sistemas-tempo-real/FreeRTOS_PICO2350/src/FreeRTOS/tasks.c.o
                0x0000000010008140                vTaskEnterCriticalFromISR
 .text.vTaskExitCritical
                0x00000000100081d4       0x98 CMakeFiles/pratica03.dir/home/monalisa/Downloads/Smestre7/sistemas-tempo-real/FreeRTOS_PICO2350/src/FreeRTOS/tasks.c.o
                0x00000000100081d4                vTaskExitCritical
 .text.vTaskExitCriticalFromISR
                0x000000001000826c       0x64 CMakeFiles/pratica03.dir/home/monalisa/Downloads/Smestre7/sistemas-tempo-real/FreeRTOS_PICO2350/src/FreeRTOS/tasks.c.o
                0x000000001000826c                vTaskExitCriticalFromISR
 .text.uxTaskResetEventItemValue
                0x00000000100082d0       0x44 CMakeFiles/pratica03.dir/home/monalisa/Downloads/Smestre7/sistemas-tempo-real/FreeRTOS_PICO2350/src/FreeRTOS/tasks.c.o
                0x00000000100082d0                uxTaskResetEventItemValue
 .text.prvTimerTask
                0x0000000010008314      0x36c CMakeFiles/pratica03.dir/home/monalisa/Downloads/Smestre7/sistemas-tempo-real/FreeRTOS_PICO2350/src/FreeRTOS/timers.c.o
 .text.xTimerCreateTimerTask
                0x0000000010008680       0x8c CMakeFiles/pratica03.dir/home/monalisa/Downloads/Smestre7/sistemas-tempo-real/FreeRTOS_PICO2350/src/FreeRTOS/timers.c.o
                0x0000000010008680                xTimerCreateTimerTask
 .text.xTimerPendFunctionCallFromISR
                0x000000001000870c       0x30 CMakeFiles/pratica03.dir/home/monalisa/Downloads/Smestre7/sistemas-tempo-real/FreeRTOS_PICO2350/src/FreeRTOS/timers.c.o
                0x000000001000870c                xTimerPendFunctionCallFromISR
 .text.exception_set_exclusive_handler
                0x000000001000873c       0x4c CMakeFiles/pratica03.dir/home/monalisa/Downloads/Smestre7/sistemas-tempo-real/freertos-pico/pico-sdk/src/rp2_common/hardware_exception/exception.c.o
                0x000000001000873c                exception_set_exclusive_handler
 .text.core1_trampoline
                0x0000000010008788        0x4 CMakeFiles/pratica03.dir/home/monalisa/Downloads/Smestre7/sistemas-tempo-real/freertos-pico/pico-sdk/src/rp2_common/pico_multicore/multicore.c.o
 .text.core1_wrapper
                0x000000001000878c       0x10 CMakeFiles/pratica03.dir/home/monalisa/Downloads/Smestre7/sistemas-tempo-real/freertos-pico/pico-sdk/src/rp2_common/pico_multicore/multicore.c.o
                0x000000001000878c                core1_wrapper
 .text.multicore_launch_core1_raw
                0x000000001000879c       0x88 CMakeFiles/pratica03.dir/home/monalisa/Downloads/Smestre7/sistemas-tempo-real/freertos-pico/pico-sdk/src/rp2_common/pico_multicore/multicore.c.o
                0x000000001000879c                multicore_launch_core1_raw
 .text.multicore_launch_core1
                0x0000000010008824       0x44 CMakeFiles/pratica03.dir/home/monalisa/Downloads/Smestre7/sistemas-tempo-real/freertos-pico/pico-sdk/src/rp2_common/pico_multicore/multicore.c.o
                0x0000000010008824                multicore_launch_core1
 .text.multicore_doorbell_claim_unused
                0x0000000010008868       0xf8 CMakeFiles/pratica03.dir/home/monalisa/Downloads/Smestre7/sistemas-tempo-real/freertos-pico/pico-sdk/src/rp2_common/pico_multicore/multicore.c.o
                0x0000000010008868                multicore_doorbell_claim_unused
 .text.pvPortMalloc
                0x0000000010008960      0x108 CMakeFiles/pratica03.dir/home/monalisa/Downloads/Smestre7/sistemas-tempo-real/FreeRTOS_PICO2350/src/FreeRTOS/portable/MemMang/heap_4.c.o
                0x0000000010008960                pvPortMalloc
 .text.vPortFree
                0x0000000010008a68       0x94 CMakeFiles/pratica03.dir/home/monalisa/Downloads/Smestre7/sistemas-tempo-real/FreeRTOS_PICO2350/src/FreeRTOS/portable/MemMang/heap_4.c.o
                0x0000000010008a68                vPortFree
 .text          0x0000000010008afc       0xec /opt/arm-toolchain/bin/../lib/gcc/arm-none-eabi/10.3.1/../../../../arm-none-eabi/lib/thumb/v8-m.main+fp/softfp/libg.a(lib_a-memcpy.o)
                0x0000000010008afc                memcpy
 .text.memset   0x0000000010008be8       0xa4 /opt/arm-toolchain/bin/../lib/gcc/arm-none-eabi/10.3.1/../../../../arm-none-eabi/lib/thumb/v8-m.main+fp/softfp/libg.a(lib_a-memset.o)
                0x0000000010008be8                memset
 .text.strlen   0x0000000010008c8c       0x5c /opt/arm-toolchain/bin/../lib/gcc/arm-none-eabi/10.3.1/../../../../arm-none-eabi/lib/thumb/v8-m.main+fp/softfp/libg.a(lib_a-strlen-stub.o)
                0x0000000010008c8c                strlen
 *(.fini)
 .fini          0x0000000010008ce8        0x4 /opt/arm-toolchain/bin/../lib/gcc/arm-none-eabi/10.3.1/thumb/v8-m.main+fp/softfp/crti.o
                0x0000000010008ce8                _fini
 *fill*         0x0000000010008cec        0x4 
 .fini.__stub   0x0000000010008cf0       0xc0 linker stubs
 *crtbegin.o(.ctors)
 *crtbegin?.o(.ctors)
 *(EXCLUDE_FILE(*crtend.o *crtend?.o) .ctors)
 *(SORT_BY_NAME(.ctors.*))
 *(.ctors)
 *crtbegin.o(.dtors)
 *crtbegin?.o(.dtors)
 *(EXCLUDE_FILE(*crtend.o *crtend?.o) .dtors)
 *(SORT_BY_NAME(.dtors.*))
 *(.dtors)
                0x0000000010008db0                . = ALIGN (0x4)
                0x0000000010008db0                PROVIDE (__preinit_array_start = .)
 *(SORT_BY_NAME(.preinit_array.*))
 .preinit_array.00050
                0x0000000010008db0        0x4 CMakeFiles/pratica03.dir/home/monalisa/Downloads/Smestre7/sistemas-tempo-real/freertos-pico/pico-sdk/src/rp2_common/pico_runtime_init/runtime_init.c.o
                0x0000000010008db0                __pre_init_runtime_init_bootrom_reset
 .preinit_array.00100
                0x0000000010008db4        0x4 CMakeFiles/pratica03.dir/home/monalisa/Downloads/Smestre7/sistemas-tempo-real/freertos-pico/pico-sdk/src/rp2_common/pico_runtime_init/runtime_init.c.o
                0x0000000010008db4                __pre_init_runtime_init_early_resets
 .preinit_array.00101
                0x0000000010008db8        0x4 CMakeFiles/pratica03.dir/home/monalisa/Downloads/Smestre7/sistemas-tempo-real/freertos-pico/pico-sdk/src/rp2_common/pico_runtime_init/runtime_init.c.o
                0x0000000010008db8                __pre_init_runtime_init_usb_power_down
 .preinit_array.00500
                0x0000000010008dbc        0x4 CMakeFiles/pratica03.dir/home/monalisa/Downloads/Smestre7/sistemas-tempo-real/freertos-pico/pico-sdk/src/rp2_common/pico_runtime_init/runtime_init.c.o
                0x0000000010008dbc                __pre_init_runtime_init_clocks
 .preinit_array.00600
                0x0000000010008dc0        0x4 CMakeFiles/pratica03.dir/home/monalisa/Downloads/Smestre7/sistemas-tempo-real/freertos-pico/pico-sdk/src/rp2_common/pico_runtime_init/runtime_init.c.o
                0x0000000010008dc0                __pre_init_runtime_init_post_clock_resets
 .preinit_array.01000
                0x0000000010008dc4        0x4 CMakeFiles/pratica03.dir/home/monalisa/Downloads/Smestre7/sistemas-tempo-real/freertos-pico/pico-sdk/src/rp2_common/hardware_boot_lock/boot_lock.c.o
                0x0000000010008dc4                __pre_init_runtime_init_boot_locks_reset
 .preinit_array.01000
                0x0000000010008dc8        0x4 CMakeFiles/pratica03.dir/home/monalisa/Downloads/Smestre7/sistemas-tempo-real/freertos-pico/pico-sdk/src/rp2_common/pico_runtime_init/runtime_init.c.o
                0x0000000010008dc8                __pre_init_runtime_init_spin_locks_reset
 .preinit_array.01010
                0x0000000010008dcc        0x4 CMakeFiles/pratica03.dir/home/monalisa/Downloads/Smestre7/sistemas-tempo-real/freertos-pico/pico-sdk/src/rp2_common/pico_bootrom/bootrom_lock.c.o
                0x0000000010008dcc                __pre_init_runtime_init_bootrom_locking_enable
 .preinit_array.01100
                0x0000000010008dd0        0x4 CMakeFiles/pratica03.dir/home/monalisa/Downloads/Smestre7/sistemas-tempo-real/freertos-pico/pico-sdk/src/common/pico_sync/mutex.c.o
                0x0000000010008dd0                __pre_init_runtime_init_mutex
 .preinit_array.10080
                0x0000000010008dd4        0x4 CMakeFiles/pratica03.dir/home/monalisa/Downloads/Smestre7/sistemas-tempo-real/freertos-pico/pico-sdk/src/rp2_common/pico_runtime_init/runtime_init.c.o
                0x0000000010008dd4                __pre_init_runtime_init_install_ram_vector_table
 .preinit_array.11000
                0x0000000010008dd8        0x4 CMakeFiles/pratica03.dir/home/monalisa/Downloads/Smestre7/sistemas-tempo-real/freertos-pico/pico-sdk/src/common/pico_time/time.c.o
                0x0000000010008dd8                __pre_init_runtime_init_default_alarm_pool
 .preinit_array.YYYYY
                0x0000000010008ddc        0x4 CMakeFiles/pratica03.dir/home/monalisa/Downloads/Smestre7/sistemas-tempo-real/freertos-pico/pico-sdk/src/rp2_common/pico_runtime/runtime.c.o
                0x0000000010008ddc                __pre_init_first_per_core_initializer
 .preinit_array.ZZZZZ.00051
                0x0000000010008de0        0x4 CMakeFiles/pratica03.dir/home/monalisa/Downloads/Smestre7/sistemas-tempo-real/freertos-pico/pico-sdk/src/rp2_common/pico_runtime_init/runtime_init.c.o
                0x0000000010008de0                __pre_init_runtime_init_per_core_bootrom_reset
 .preinit_array.ZZZZZ.00200
                0x0000000010008de4        0x4 CMakeFiles/pratica03.dir/home/monalisa/Downloads/Smestre7/sistemas-tempo-real/freertos-pico/pico-sdk/src/rp2_common/pico_runtime_init/runtime_init.c.o
                0x0000000010008de4                __pre_init_runtime_init_per_core_enable_coprocessors
 .preinit_array.ZZZZZ.01000
                0x0000000010008de8        0x4 CMakeFiles/pratica03.dir/home/monalisa/Downloads/Smestre7/sistemas-tempo-real/freertos-pico/pico-sdk/src/rp2_common/hardware_sync_spin_lock/sync_spin_lock.c.o
                0x0000000010008de8                __pre_init_spinlock_set_extexclall
 .preinit_array.ZZZZZ.01200
                0x0000000010008dec        0x4 CMakeFiles/pratica03.dir/home/monalisa/Downloads/Smestre7/sistemas-tempo-real/freertos-pico/pico-sdk/src/rp2_common/hardware_irq/irq.c.o
                0x0000000010008dec                __pre_init_runtime_init_per_core_irq_priorities
 *(.preinit_array)
                0x0000000010008df0                PROVIDE (__preinit_array_end = .)
                0x0000000010008df0                . = ALIGN (0x4)
                0x0000000010008df0                PROVIDE (__init_array_start = .)
 *(SORT_BY_NAME(.init_array.*))
 *(.init_array)
 .init_array    0x0000000010008df0        0x4 /opt/arm-toolchain/bin/../lib/gcc/arm-none-eabi/10.3.1/thumb/v8-m.main+fp/softfp/crtbegin.o
 .init_array    0x0000000010008df4        0x4 CMakeFiles/pratica03.dir/home/monalisa/Downloads/Smestre7/sistemas-tempo-real/freertos-pico/pico-sdk/src/rp2_common/pico_unique_id/unique_id.c.o
 .init_array    0x0000000010008df8        0x4 CMakeFiles/pratica03.dir/home/monalisa/Downloads/Smestre7/sistemas-tempo-real/FreeRTOS_PICO2350/src/FreeRTOS/portable/ThirdParty/GCC/RP2350_ARM_NTZ/non_secure/port.c.o
                0x0000000010008dfc                PROVIDE (__init_array_end = .)
                0x0000000010008dfc                . = ALIGN (0x4)
                [!provide]                        PROVIDE (__fini_array_start = .)
 *(SORT_BY_NAME(.fini_array.*))
 *(.fini_array)
                [!provide]                        PROVIDE (__fini_array_end = .)
 *(.eh_frame*)
 .eh_frame      0x0000000010008dfc        0x0 /opt/arm-toolchain/bin/../lib/gcc/arm-none-eabi/10.3.1/thumb/v8-m.main+fp/softfp/crtbegin.o
                0x0000000010008dfc                . = ALIGN (0x4)

.glue_7         0x0000000010008dfc        0x0
 .glue_7        0x0000000010008dfc        0x0 linker stubs

.glue_7t        0x0000000010008dfc        0x0
 .glue_7t       0x0000000010008dfc        0x0 linker stubs

.vfp11_veneer   0x0000000010008dfc        0x0
 .vfp11_veneer  0x0000000010008dfc        0x0 linker stubs

.v4_bx          0x0000000010008dfc        0x0
 .v4_bx         0x0000000010008dfc        0x0 linker stubs

.iplt           0x0000000010008dfc        0x0
 .iplt          0x0000000010008dfc        0x0 /opt/arm-toolchain/bin/../lib/gcc/arm-none-eabi/10.3.1/thumb/v8-m.main+fp/softfp/crtbegin.o

.boot2          0x0000000010008dfc        0x0
                0x0000000010008dfc                __boot2_start__ = .
 *(.boot2)
                0x0000000010008dfc                __boot2_end__ = .
                0x0000000000000001                ASSERT (((__boot2_end__ - __boot2_start__) <= 0x100), ERROR: Pico second stage bootloader must be no more than 256 bytes in size)

.rodata         0x0000000010008e00      0x47c
 *(EXCLUDE_FILE(*libm.a: *libc.a:*lib_a-mem*.o *libgcc.a:) .rodata*)
 .rodata.taskCPUusage.str1.4
                0x0000000010008e00       0x32 CMakeFiles/pratica03.dir/main.c.o
 *fill*         0x0000000010008e32        0x2 
 .rodata.main.str1.4
                0x0000000010008e34       0x31 CMakeFiles/pratica03.dir/main.c.o
 *fill*         0x0000000010008e65        0x3 
 .rodata.panic.str1.4
                0x0000000010008e68       0x10 CMakeFiles/pratica03.dir/home/monalisa/Downloads/Smestre7/sistemas-tempo-real/freertos-pico/pico-sdk/src/rp2_common/pico_platform_panic/panic.c.o
                                         0x12 (size before relaxing)
 .rodata.spin_lock_claim.str1.4
                0x0000000010008e78       0x1f CMakeFiles/pratica03.dir/home/monalisa/Downloads/Smestre7/sistemas-tempo-real/freertos-pico/pico-sdk/src/rp2_common/hardware_sync/sync.c.o
 *fill*         0x0000000010008e97        0x1 
 .rodata.spin_lock_claim_unused.str1.4
                0x0000000010008e98       0x1b CMakeFiles/pratica03.dir/home/monalisa/Downloads/Smestre7/sistemas-tempo-real/freertos-pico/pico-sdk/src/rp2_common/hardware_sync/sync.c.o
 *fill*         0x0000000010008eb3        0x1 
 .rodata.user_irq_claim_unused.str1.4
                0x0000000010008eb4       0x1b CMakeFiles/pratica03.dir/home/monalisa/Downloads/Smestre7/sistemas-tempo-real/freertos-pico/pico-sdk/src/rp2_common/hardware_irq/irq.c.o
 *fill*         0x0000000010008ecf        0x1 
 .rodata.timer_hardware_alarm_claim.str1.4
                0x0000000010008ed0       0x22 CMakeFiles/pratica03.dir/home/monalisa/Downloads/Smestre7/sistemas-tempo-real/freertos-pico/pico-sdk/src/rp2_common/hardware_timer/timer.c.o
 *fill*         0x0000000010008ef2        0x2 
 .rodata.hard_assertion_failure.str1.4
                0x0000000010008ef4        0xc CMakeFiles/pratica03.dir/home/monalisa/Downloads/Smestre7/sistemas-tempo-real/freertos-pico/pico-sdk/src/rp2_common/pico_runtime/runtime.c.o